\BOOKMARK [0][-]{chapter.1}{\376\377\000F\000u\000n\000d\000a\000m\000e\000n\000t\000a\000l\000\040\000G\000r\000o\000u\000p\000s}{}% 1
\BOOKMARK [1][-]{section.1.1}{\376\377\000D\000e\000f\000i\000n\000i\000t\000i\000o\000n\000s}{chapter.1}% 2
\BOOKMARK [2][-]{subsection.1.1.1}{\376\377\000P\000a\000t\000h\000-\000H\000o\000m\000o\000t\000o\000p\000y}{section.1.1}% 3
\BOOKMARK [2][-]{subsection.1.1.2}{\376\377\000A\000p\000p\000l\000i\000c\000a\000t\000i\000o\000n\000s}{section.1.1}% 4
\BOOKMARK [2][-]{subsection.1.1.3}{\376\377\000F\000u\000n\000c\000t\000o\000r\000i\000a\000l\000i\000t\000y}{section.1.1}% 5
\BOOKMARK [1][-]{section.1.2}{\376\377\000C\000o\000v\000e\000r\000i\000n\000g\000s\000\040\000a\000n\000d\000\040\000F\000u\000n\000d\000a\000m\000e\000n\000t\000a\000l\000\040\000G\000r\000o\000u\000p\000s}{chapter.1}% 6
\BOOKMARK [2][-]{subsection.1.2.1}{\376\377\000G\000r\000o\000u\000p\000\040\000A\000c\000t\000i\000o\000n}{section.1.2}% 7
\BOOKMARK [2][-]{subsection.1.2.2}{\376\377\000C\000o\000v\000e\000r\000i\000n\000g\000\040\000o\000f\000\040\000T\000o\000p\000o\000l\000o\000g\000i\000c\000a\000l\000\040\000S\000p\000a\000c\000e\000s}{section.1.2}% 8
\BOOKMARK [2][-]{subsection.1.2.3}{\376\377\000B\000a\000s\000i\000c\000\040\000P\000r\000o\000p\000e\000r\000t\000i\000e\000s\000\040\000o\000f\000\040\000C\000o\000v\000e\000r\000i\000n\000g\000s}{section.1.2}% 9
\BOOKMARK [2][-]{subsection.1.2.4}{\376\377\000L\000i\000f\000t\000s}{section.1.2}% 10
\BOOKMARK [2][-]{subsection.1.2.5}{\376\377\000P\000u\000l\000l\000b\000a\000c\000k\000s}{section.1.2}% 11
\BOOKMARK [1][-]{section.1.3}{\376\377\000G\000r\000o\000u\000p\000\040\000A\000c\000t\000i\000o\000n\000s\000,\000\040\000a\000n\000d\000\040\000F\000u\000n\000d\000a\000m\000e\000n\000t\000a\000l\000\040\000G\000r\000o\000u\000p\000s}{chapter.1}% 12
\BOOKMARK [1][-]{section.1.4}{\376\377\000A\000p\000p\000l\000i\000e\000d\000\040\000T\000o\000p\000o\000l\000o\000g\000y}{chapter.1}% 13
\BOOKMARK [1][-]{section.1.5}{\376\377\000C\000o\000v\000e\000r\000i\000n\000g\000\040\000o\000f\000\040\000S\000m\000o\000o\000t\000h\000\040\000a\000n\000d\000\040\000T\000o\000p\000o\000l\000o\000g\000i\000c\000a\000l\000\040\000M\000a\000n\000i\000f\000o\000l\000d\000s}{chapter.1}% 14
\BOOKMARK [1][-]{section.1.6}{\376\377\000t\000i\000t\000l\000e}{chapter.1}% 15
\BOOKMARK [1][-]{section.1.7}{\376\377\000S\000e\000i\000f\000e\000r\000t\000\040\000v\000a\000n\000\040\000K\000a\000m\000p\000e\000n\000\040\000T\000h\000e\000o\000r\000e\000m}{chapter.1}% 16
\BOOKMARK [2][-]{subsection.1.7.1}{\376\377\000S\000u\000s\000p\000e\000n\000s\000i\000o\000n}{section.1.7}% 17
\BOOKMARK [2][-]{subsection.1.7.2}{\376\377\000F\000u\000n\000d\000a\000m\000e\000n\000t\000a\000l\000\040\000G\000r\000o\000u\000p\000s\000\040\000o\000f\000\040\000W\000e\000d\000e\000g\000e\000s}{section.1.7}% 18
\BOOKMARK [1][-]{section.1.8}{\376\377\000C\000l\000a\000s\000s\000i\000f\000i\000c\000a\000t\000i\000o\000n\000\040\000o\000f\000\040\0002\000-\000d\000i\000m\000e\000n\000s\000i\000o\000n\000a\000l\000\040\000M\000a\000n\000i\000f\000o\000l\000d}{chapter.1}% 19
\BOOKMARK [1][-]{section.1.9}{\376\377\000D\000e\000c\000i\000s\000i\000o\000n\000\040\000P\000r\000o\000b\000l\000e\000m}{chapter.1}% 20
\BOOKMARK [1][-]{section.1.10}{\376\377\000D\000i\000r\000e\000c\000t\000e\000d\000\040\000C\000o\000l\000i\000m\000i\000t\000s}{chapter.1}% 21
\BOOKMARK [1][-]{section.1.11}{\376\377\000H\000N\000N\000-\000S\000e\000i\000f\000e\000r\000t\000-\000V\000a\000n\000\040\000T\000h\000e\000o\000r\000e\000m}{chapter.1}% 22
\BOOKMARK [1][-]{section.1.12}{\376\377\000C\000u\000r\000v\000e\000s\000\040\000a\000n\000d\000\040\000S\000u\000r\000f\000a\000c\000e\000s}{chapter.1}% 23
\BOOKMARK [1][-]{section.1.13}{\376\377\000I\000n\000t\000r\000o\000d\000u\000c\000t\000i\000o\000n\000\040\000t\000o\000\040\000H\000i\000g\000h\000e\000r\000\040\000H\000o\000m\000o\000t\000o\000p\000y\000\040\000T\000h\000e\000o\000r\000y}{chapter.1}% 24
\BOOKMARK [0][-]{chapter.2}{\376\377\000T\000h\000e\000\040\000U\000n\000i\000v\000e\000r\000s\000a\000l\000\040\000C\000o\000v\000e\000r\000i\000n\000g}{}% 25
\BOOKMARK [1][-]{section.2.1}{\376\377\000T\000h\000e\000\040\000E\000x\000i\000s\000t\000e\000n\000c\000e\000\040\000o\000f\000\040\000U\000n\000i\000v\000e\000r\000s\000a\000l\000\040\000C\000o\000v\000e\000r\000i\000n\000g}{chapter.2}% 26
\BOOKMARK [2][-]{subsection.2.1.1}{\376\377\000L\000o\000c\000a\000l\000\040\000P\000r\000o\000p\000e\000r\000t\000i\000e\000s}{section.2.1}% 27
\BOOKMARK [2][-]{subsection.2.1.2}{\376\377\000L\000i\000f\000t\000i\000n\000g\000\040\000M\000a\000p\000s\000\040\000t\000o\000\040\000C\000o\000v\000e\000r\000i\000n\000g\000s}{section.2.1}% 28
\BOOKMARK [2][-]{subsection.2.1.3}{\376\377\000E\000x\000i\000s\000t\000e\000n\000c\000e\000\040\000o\000f\000\040\000C\000o\000v\000e\000r\000i\000n\000g\000\040\000S\000p\000a\000c\000e\000s}{section.2.1}% 29
\BOOKMARK [1][-]{section.2.2}{\376\377\000D\000e\000c\000k\000\040\000T\000r\000a\000n\000s\000f\000o\000r\000m\000a\000t\000i\000o\000n\000\040\000G\000r\000o\000u\000p}{chapter.2}% 30
\BOOKMARK [0][-]{chapter.3}{\376\377\000K\000n\000o\000t\000\040\000a\000n\000d\000\040\000L\000i\000n\000k\000s}{}% 31
\BOOKMARK [1][-]{section.3.1}{\376\377\000I\000n\000t\000r\000o\000d\000u\000c\000t\000i\000o\000n}{chapter.3}% 32
\BOOKMARK [2][-]{subsection.3.1.1}{\376\377\000K\000n\000o\000t\000\040\000a\000n\000d\000\040\000L\000i\000n\000k\000s}{section.3.1}% 33
\BOOKMARK [2][-]{subsection.3.1.2}{\376\377\000O\000r\000i\000e\000n\000t\000a\000t\000i\000o\000n\000s}{section.3.1}% 34
\BOOKMARK [0][-]{chapter.4}{\376\377\000S\000i\000m\000p\000l\000i\000c\000i\000a\000l\000\040\000C\000o\000m\000p\000l\000e\000x\000e\000s}{}% 35
\BOOKMARK [1][-]{section.4.1}{\376\377\000D\000e\000f\000i\000n\000i\000t\000i\000o\000n\000s}{chapter.4}% 36
\BOOKMARK [2][-]{subsection.4.1.1}{\376\377\000D\000i\000m\000e\000n\000s\000i\000o\000n}{section.4.1}% 37
\BOOKMARK [2][-]{subsection.4.1.2}{\376\377\000F\000a\000c\000e}{section.4.1}% 38
\BOOKMARK [2][-]{subsection.4.1.3}{\376\377\000S\000u\000b\000c\000o\000m\000p\000l\000e\000x\000e\000s}{section.4.1}% 39
\BOOKMARK [2][-]{subsection.4.1.4}{\376\377\000S\000i\000m\000p\000l\000i\000c\000i\000a\000l\000\040\000M\000a\000p}{section.4.1}% 40
\BOOKMARK [2][-]{subsection.4.1.5}{\376\377\000C\000a\000t\000e\000g\000o\000r\000y\000\040\000o\000f\000\040\000S\000i\000m\000p\000l\000i\000c\000i\000a\000l\000\040\000C\000o\000m\000p\000l\000e\000x\000e\000s}{section.4.1}% 41
\BOOKMARK [2][-]{subsection.4.1.6}{\376\377\000T\000o\000p\000o\000l\000o\000g\000i\000c\000a\000l\000\040\000R\000e\000l\000i\000z\000a\000t\000i\000o\000n}{section.4.1}% 42
\BOOKMARK [1][-]{section.4.2}{\376\377\000S\000i\000m\000p\000l\000i\000c\000i\000a\000l\000\040\000A\000p\000p\000r\000o\000x\000i\000a\000m\000a\000t\000i\000o\000n\000\040\000T\000h\000e\000o\000r\000e\000m}{chapter.4}% 43
\BOOKMARK [2][-]{subsection.4.2.1}{\376\377\000S\000A\000T}{section.4.2}% 44
\BOOKMARK [1][-]{section.4.3}{\376\377\000S\000i\000m\000p\000l\000i\000c\000i\000a\000l\000\040\000H\000o\000m\000o\000l\000o\000g\000y}{chapter.4}% 45
\BOOKMARK [2][-]{subsection.4.3.1}{}{section.4.3}% 46
\BOOKMARK [2][-]{subsection.4.3.2}{\376\377\000S\000i\000m\000p\000l\000i\000c\000i\000a\000l\000\040\000H\000o\000m\000o\000l\000o\000g\000y}{section.4.3}% 47
\BOOKMARK [1][-]{section.4.4}{\376\377\000S\000i\000m\000p\000l\000i\000c\000i\000a\000l\000\040\000a\000n\000d\000\040\000S\000i\000n\000g\000u\000l\000a\000r\000\040\000H\000o\000m\000o\000l\000o\000g\000y}{chapter.4}% 48
\BOOKMARK [1][-]{section.4.5}{\376\377\000T\000h\000e\000\040\000N\000e\000r\000v\000e\000\040\000T\000h\000e\000o\000r\000e\000m}{chapter.4}% 49
\BOOKMARK [2][-]{subsection.4.5.1}{\376\377\000N\000e\000r\000v\000e}{section.4.5}% 50
\BOOKMARK [1][-]{section.4.6}{\376\377\000S\000i\000m\000p\000l\000i\000c\000i\000a\000l\000\040\000S\000t\000r\000u\000c\000t\000u\000r\000e\000s}{chapter.4}% 51
\BOOKMARK [1][-]{section.4.7}{\376\377\000S\000i\000m\000p\000l\000i\000c\000i\000a\000l\000\040\000S\000e\000t\000s}{chapter.4}% 52
\BOOKMARK [2][-]{subsection.4.7.1}{\376\377\000D\000e\000f\000i\000n\000i\000t\000i\000o\000n\000s}{section.4.7}% 53
\BOOKMARK [2][-]{subsection.4.7.2}{\376\377\000R\000e\000a\000l\000i\000z\000a\000t\000i\000o\000n}{section.4.7}% 54
\BOOKMARK [2][-]{subsection.4.7.3}{\376\377\000K\000a\000n\000\040\000C\000o\000m\000p\000l\000e\000x\000e\000s}{section.4.7}% 55
\BOOKMARK [2][-]{subsection.4.7.4}{\376\377\000A\000n\000o\000d\000y\000n\000e\000\040\000E\000x\000t\000e\000n\000s\000i\000o\000n\000s}{section.4.7}% 56
\BOOKMARK [2][-]{subsection.4.7.5}{\376\377\000F\000u\000n\000c\000t\000i\000o\000n\000\040\000C\000o\000m\000p\000l\000e\000x\000e\000s}{section.4.7}% 57
\BOOKMARK [2][-]{subsection.4.7.6}{\376\377\000S\000i\000m\000p\000l\000i\000c\000i\000a\000l\000\040\000H\000o\000m\000o\000t\000o\000p\000y}{section.4.7}% 58
\BOOKMARK [2][-]{subsection.4.7.7}{\376\377\000C\000a\000t\000e\000g\000o\000r\000y\000\040\000o\000f\000\040\000F\000i\000b\000r\000a\000n\000t\000\040\000O\000b\000j\000e\000c\000t\000s}{section.4.7}% 59
\BOOKMARK [2][-]{subsection.4.7.8}{\376\377\000M\000i\000n\000i\000m\000a\000l\000\040\000F\000i\000b\000r\000a\000t\000i\000o\000n\000s}{section.4.7}% 60
\BOOKMARK [2][-]{subsection.4.7.9}{\376\377\000T\000h\000e\000\040\000C\000l\000o\000s\000e\000d\000\040\000M\000o\000d\000e\000l\000\040\000S\000t\000r\000u\000c\000t\000u\000r\000e}{section.4.7}% 61
\BOOKMARK [1][-]{section.4.8}{\376\377\000L\000e\000f\000s\000c\000h\000e\000t\000z\000'\000s\000\040\000F\000i\000x\000e\000d\000\040\000P\000o\000i\000n\000t\000\040\000T\000h\000e\000o\000r\000e\000m}{chapter.4}% 62
\BOOKMARK [2][-]{subsection.4.8.1}{\376\377\000L\000e\000f\000s\000c\000h\000e\000t\000z\000\040\000N\000u\000m\000b\000e\000r}{section.4.8}% 63
\BOOKMARK [0][-]{chapter.5}{\376\377\000C\000W\000\040\000C\000o\000m\000p\000l\000e\000x}{}% 64
\BOOKMARK [1][-]{section.5.1}{\376\377\000C\000e\000l\000l\000\040\000A\000t\000t\000a\000c\000h\000m\000e\000n\000t}{chapter.5}% 65
\BOOKMARK [2][-]{subsection.5.1.1}{\376\377\000M\000a\000p\000p\000i\000n\000g\000\040\000C\000o\000n\000e}{section.5.1}% 66
\BOOKMARK [2][-]{subsection.5.1.2}{\376\377\000A\000t\000t\000a\000c\000h\000i\000n\000g\000\040\000C\000e\000l\000l\000\040\000a\000n\000d\000\040\000F\000u\000n\000d\000a\000m\000e\000n\000t\000a\000l\000\040\000G\000r\000o\000u\000p}{section.5.1}% 67
\BOOKMARK [2][-]{subsection.5.1.3}{\376\377\000R\000e\000t\000r\000a\000c\000t\000i\000o\000n}{section.5.1}% 68
\BOOKMARK [2][-]{subsection.5.1.4}{\376\377\000A\000t\000t\000a\000c\000h\000i\000n\000g\000\040\000A\000r\000b\000i\000t\000r\000a\000r\000y\000\040\000M\000a\000n\000y\000\040\000C\000e\000l\000l\000s}{section.5.1}% 69
\BOOKMARK [2][-]{subsection.5.1.5}{\376\377\000C\000e\000l\000l\000\040\000A\000t\000t\000a\000c\000h\000m\000e\000n\000t\000-\000H\000a\000u\000s\000d\000o\000r\000f\000f\000\040\000P\000r\000o\000p\000o\000s\000i\000t\000i\000o\000n}{section.5.1}% 70
\BOOKMARK [2][-]{subsection.5.1.6}{\376\377\000C\000e\000l\000l\000\040\000A\000t\000t\000a\000c\000h\000m\000e\000n\000t\000-\000N\000o\000r\000m\000a\000l\000\040\000P\000r\000o\000p\000o\000s\000i\000t\000i\000o\000n}{section.5.1}% 71
\BOOKMARK [1][-]{section.5.2}{\376\377\000C\000W\000\040\000C\000o\000m\000p\000l\000e\000x}{chapter.5}% 72
\BOOKMARK [2][-]{subsection.5.2.1}{\376\377\000C\000W\000\040\000C\000o\000m\000p\000l\000e\000x}{section.5.2}% 73
\BOOKMARK [2][-]{subsection.5.2.2}{\376\377\000H\000o\000m\000o\000t\000o\000p\000i\000e\000s}{section.5.2}% 74
\BOOKMARK [2][-]{subsection.5.2.3}{\376\377\000C\000o\000v\000e\000r\000i\000n\000g\000s\000\040\000o\000f\000\040\000C\000W\000-\000C\000o\000m\000p\000l\000e\000x\000e\000s}{section.5.2}% 75
\BOOKMARK [2][-]{subsection.5.2.4}{\376\377\000C\000o\000n\000s\000t\000r\000u\000c\000t\000i\000o\000n\000s}{section.5.2}% 76
\BOOKMARK [2][-]{subsection.5.2.5}{\376\377\000H\000o\000m\000o\000t\000o\000p\000y\000\040\000E\000x\000t\000e\000n\000s\000i\000o\000n\000\040\000T\000h\000e\000o\000r\000e\000m}{section.5.2}% 77
\BOOKMARK [2][-]{subsection.5.2.6}{\376\377\000C\000e\000l\000l\000u\000l\000a\000r\000\040\000A\000p\000p\000r\000o\000x\000i\000a\000m\000a\000t\000i\000o\000n\000\040\000T\000h\000e\000o\000r\000e\000m\000\040\000T\000h\000e\000o\000r\000e\000m}{section.5.2}% 78
\BOOKMARK [1][-]{section.5.3}{\376\377\000T\000h\000e\000\040\000C\000W\000-\000A\000p\000p\000r\000o\000x\000i\000a\000m\000a\000t\000i\000o\000n\000\040\000T\000h\000e\000o\000r\000e\000m}{chapter.5}% 79
\BOOKMARK [2][-]{subsection.5.3.1}{\376\377\000k\000-\000C\000o\000n\000n\000e\000c\000t\000e\000d}{section.5.3}% 80
\BOOKMARK [2][-]{subsection.5.3.2}{\376\377\000W\000e\000a\000k\000\040\000H\000o\000m\000o\000t\000o\000p\000y\000\040\000E\000q\000u\000i\000v\000a\000l\000e\000n\000c\000e\000\040\000a\000n\000d\000\040\000t\000h\000e\000\040\000C\000W\000-\000A\000p\000p\000r\000o\000x\000i\000a\000m\000a\000t\000i\000o\000n\000\040\000T\000h\000e\000o\000r\000e\000m}{section.5.3}% 81
\BOOKMARK [1][-]{section.5.4}{\376\377\000T\000h\000e\000\040\000W\000h\000i\000t\000e\000h\000e\000a\000d\000\040\000T\000h\000e\000o\000r\000e\000m}{chapter.5}% 82
\BOOKMARK [2][-]{subsection.5.4.1}{\376\377\000M\000a\000p\000p\000i\000n\000g\000\040\000C\000y\000l\000i\000n\000d\000e\000r}{section.5.4}% 83
\BOOKMARK [2][-]{subsection.5.4.2}{\376\377\000H\000o\000m\000o\000t\000o\000p\000y\000\040\000C\000l\000a\000s\000s\000i\000f\000i\000c\000a\000t\000i\000o\000n\000\040\000o\000f\000\040\000L\000e\000n\000s\000\040\000S\000p\000a\000c\000e\000s}{section.5.4}% 84
\BOOKMARK [1][-]{section.5.5}{\376\377\000E\000i\000l\000e\000n\000b\000e\000r\000g\000-\000M\000a\000c\000l\000a\000n\000e\000\040\000S\000p\000a\000c\000e}{chapter.5}% 85
\BOOKMARK [2][-]{subsection.5.5.1}{\376\377\000M\000o\000o\000r\000e\000\040\000S\000p\000a\000c\000e}{section.5.5}% 86
\BOOKMARK [2][-]{subsection.5.5.2}{\376\377\000E\000i\000l\000e\000n\000b\000e\000r\000g\000-\000M\000a\000c\000l\000a\000n\000e\000\040\000S\000p\000a\000c\000e}{section.5.5}% 87
\BOOKMARK [0][-]{chapter.6}{\376\377\000H\000o\000m\000o\000t\000o\000p\000y\000\040\000T\000h\000e\000o\000r\000y}{}% 88
\BOOKMARK [1][-]{section.6.1}{\376\377\000H\000o\000m\000o\000t\000o\000p\000i\000e\000s}{chapter.6}% 89
\BOOKMARK [2][-]{subsection.6.1.1}{\376\377\000H\000o\000m\000o\000t\000o\000p\000y\000\040\000E\000q\000u\000i\000v\000a\000l\000e\000n\000c\000e\000s\000\040\000a\000n\000d\000\040\000H\000o\000m\000o\000t\000o\000p\000y\000\040\000E\000q\000u\000i\000v\000a\000l\000e\000n\000t\000\040\000T\000o\000p\000o\000l\000o\000g\000i\000c\000a\000l\000\040\000S\000p\000a\000c\000e\000s}{section.6.1}% 90
\BOOKMARK [2][-]{subsection.6.1.2}{\376\377\000J\000o\000i\000n\000s\000,\000\040\000M\000a\000p\000p\000i\000n\000g\000\040\000C\000o\000n\000e\000s\000,\000\040\000C\000y\000l\000i\000n\000d\000e\000r\000s\000\040\000a\000n\000d\000\040\000T\000o\000r\000i}{section.6.1}% 91
\BOOKMARK [2][-]{subsection.6.1.3}{\376\377\000C\000o\000f\000i\000b\000r\000a\000t\000i\000o\000n\000s}{section.6.1}% 92
\BOOKMARK [1][-]{section.6.2}{\376\377\000R\000e\000l\000a\000t\000i\000v\000e\000\040\000H\000o\000m\000o\000t\000o\000p\000y\000\040\000G\000r\000o\000u\000p\000s}{chapter.6}% 93
\BOOKMARK [1][-]{section.6.3}{\376\377\000F\000i\000b\000r\000a\000t\000i\000o\000n}{chapter.6}% 94
\BOOKMARK [2][-]{subsection.6.3.1}{\376\377\000D\000e\000f\000i\000n\000i\000t\000i\000o\000n\000s}{section.6.3}% 95
\BOOKMARK [1][-]{section.6.4}{\376\377\000H\000o\000m\000o\000t\000o\000p\000y\000\040\000o\000f\000\040\000F\000i\000b\000r\000e\000\040\000B\000u\000n\000d\000l\000e\000s}{chapter.6}% 96
\BOOKMARK [1][-]{section.6.5}{\376\377\000H\000o\000m\000o\000t\000o\000p\000y\000\040\000G\000r\000o\000u\000p\000s\000\040\000o\000f\000\040\000L\000i\000e\000\040\000G\000r\000o\000u\000p\000s}{chapter.6}% 97
\BOOKMARK [1][-]{section.6.6}{\376\377\000T\000h\000o\000m\000-\000P\000o\000n\000t\000r\000y\000a\000g\000i\000n\000\040\000T\000h\000e\000o\000r\000y}{chapter.6}% 98
\BOOKMARK [1][-]{section.6.7}{\376\377\000H\000o\000m\000o\000t\000o\000p\000y\000\040\000G\000r\000o\000u\000p\000\040\000o\000f\000\040\000S\000p\000h\000e\000r\000e}{chapter.6}% 99
\BOOKMARK [0][-]{chapter.7}{\376\377\000T\000h\000e\000\040\000M\000o\000d\000e\000l\000\040\000S\000t\000r\000u\000c\000t\000u\000r\000e}{}% 100
\BOOKMARK [1][-]{section.7.1}{\376\377\000H\000o\000m\000o\000t\000o\000p\000i\000c\000a\000l\000\040\000A\000l\000g\000e\000b\000r\000a}{chapter.7}% 101
\BOOKMARK [2][-]{subsection.7.1.1}{\376\377\000C\000l\000o\000s\000e\000d\000\040\000M\000o\000d\000e\000l\000\040\000C\000a\000t\000e\000g\000o\000r\000y}{section.7.1}% 102
\BOOKMARK [1][-]{section.7.2}{\376\377\000S\000i\000m\000p\000l\000i\000c\000i\000a\000l\000\040\000C\000a\000t\000e\000g\000o\000r\000i\000e\000s}{chapter.7}% 103
\BOOKMARK [0][-]{chapter.8}{\376\377\000T\000h\000e\000\040\000C\000l\000a\000s\000s\000i\000c\000a\000l\000\040\000R\000e\000s\000u\000l\000t\000s\000\040\000a\000n\000d\000\040\000C\000o\000n\000s\000t\000r\000u\000c\000t\000i\000o\000n\000s}{}% 104
\BOOKMARK [1][-]{section.8.1}{\376\377\000H\000o\000m\000o\000t\000o\000p\000y\000\040\000F\000i\000b\000r\000e\000\040\000S\000e\000q\000u\000e\000n\000c\000e}{chapter.8}% 105
\BOOKMARK [0][-]{chapter.9}{\376\377\000A\000b\000s\000t\000r\000a\000c\000t\000\040\000H\000o\000m\000o\000t\000o\000p\000y\000\040\000T\000h\000e\000o\000r\000y}{}% 106
\BOOKMARK [1][-]{section.9.1}{\376\377\000W\000e\000a\000k\000\040\000H\000o\000m\000o\000t\000o\000p\000y\000\040\000E\000q\000u\000i\000v\000a\000l\000e\000n\000c\000e\000s}{chapter.9}% 107
\BOOKMARK [2][-]{subsection.9.1.1}{\376\377\000M\000o\000d\000e\000l\000\040\000C\000a\000t\000e\000g\000o\000r\000y}{section.9.1}% 108
\BOOKMARK [2][-]{subsection.9.1.2}{\376\377\000F\000a\000c\000t\000o\000r\000i\000z\000a\000t\000i\000o\000n\000\040\000S\000y\000s\000t\000e\000m}{section.9.1}% 109
\BOOKMARK [1][-]{section.9.2}{\376\377\000H\000o\000m\000o\000t\000o\000p\000y}{chapter.9}% 110
\BOOKMARK [1][-]{section.9.3}{\376\377\000T\000h\000e\000\040\000H\000o\000m\000o\000t\000o\000p\000y\000\040\000C\000a\000t\000e\000g\000o\000r\000y}{chapter.9}% 111
\BOOKMARK [0][-]{chapter.10}{\376\377\000S\000i\000n\000g\000u\000l\000a\000r\000\040\000C\000o\000h\000o\000m\000o\000l\000o\000g\000y}{}% 112
\BOOKMARK [1][-]{section.10.1}{\376\377\000T\000h\000e\000\040\000E\000s\000s\000e\000n\000t\000i\000a\000l\000s}{chapter.10}% 113
\BOOKMARK [2][-]{subsection.10.1.1}{\376\377\000T\000h\000e\000\040\000I\000d\000e\000a\000\040\000b\000e\000h\000o\000n\000d\000\040\000S\000i\000n\000g\000u\000l\000a\000r\000\040\000H\000o\000m\000o\000l\000o\000g\000y}{section.10.1}% 114
\BOOKMARK [1][-]{section.10.2}{\376\377\000T\000h\000e\000\040\000S\000i\000n\000g\000u\000l\000a\000r\000\040\000H\000o\000m\000o\000l\000o\000g\000y\000\040\000G\000r\000o\000u\000p\000s\000\040\000o\000f\000\040\000a\000\040\000T\000o\000p\000o\000l\000o\000g\000i\000c\000a\000l\000\040\000S\000p\000a\000c\000e}{chapter.10}% 115
\BOOKMARK [2][-]{subsection.10.2.1}{\376\377\000-\000S\000e\000t\000s}{section.10.2}% 116
\BOOKMARK [2][-]{subsection.10.2.2}{\376\377\000T\000h\000e\000\040\000S\000i\000n\000g\000u\000l\000a\000r\000\040\000C\000h\000a\000i\000n\000\040\000G\000r\000o\000u\000p}{section.10.2}% 117
\BOOKMARK [2][-]{subsection.10.2.3}{\376\377\000S\000i\000n\000g\000u\000l\000a\000r\000\040\000H\000o\000m\000o\000l\000o\000g\000y\000\040\000G\000r\000o\000u\000p\000s}{section.10.2}% 118
\BOOKMARK [1][-]{section.10.3}{\376\377\000H\000o\000m\000o\000l\000o\000g\000y\000\040\000a\000n\000d\000\040\000H\000o\000m\000o\000t\000o\000p\000i\000e\000s}{chapter.10}% 119
\BOOKMARK [2][-]{subsection.10.3.1}{\376\377\000C\000h\000a\000i\000n\000\040\000H\000o\000m\000o\000t\000o\000p\000i\000e\000s}{section.10.3}% 120
\BOOKMARK [2][-]{subsection.10.3.2}{\376\377\000H\000o\000m\000o\000l\000o\000g\000y\000\040\000a\000n\000d\000\040\000H\000o\000m\000o\000t\000o\000p\000i\000c\000\040\000M\000a\000p\000s}{section.10.3}% 121
\BOOKMARK [1][-]{section.10.4}{\376\377\000E\000x\000a\000c\000t\000\040\000S\000e\000q\000u\000e\000n\000c\000e\000s\000\040\000a\000n\000d\000\040\000L\000o\000n\000g\000\040\000E\000x\000a\000c\000t\000\040\000S\000e\000q\000u\000e\000n\000c\000e\000s}{chapter.10}% 122
\BOOKMARK [1][-]{section.10.5}{\376\377\000R\000e\000l\000a\000t\000i\000v\000e\000\040\000H\000o\000m\000o\000l\000o\000g\000y}{chapter.10}% 123
\BOOKMARK [1][-]{section.10.6}{\376\377\000R\000e\000d\000u\000c\000e\000d\000\040\000H\000o\000m\000o\000l\000o\000g\000y}{chapter.10}% 124
\BOOKMARK [1][-]{section.10.7}{\376\377\000T\000h\000e\000\040\000E\000x\000c\000i\000s\000i\000o\000n\000\040\000T\000h\000e\000o\000r\000e\000m}{chapter.10}% 125
\BOOKMARK [2][-]{subsection.10.7.1}{\376\377\000T\000h\000e\000\040\000E\000x\000c\000i\000s\000i\000o\000n\000\040\000T\000h\000e\000o\000r\000e\000m}{section.10.7}% 126
\BOOKMARK [2][-]{subsection.10.7.2}{\376\377\000L\000o\000c\000a\000l\000\040\000H\000o\000m\000o\000l\000o\000g\000y\000\040\000a\000n\000d\000\040\000E\000x\000p\000l\000i\000c\000i\000t\000\040\000G\000e\000n\000e\000r\000a\000t\000o\000r\000s\000\040\000o\000f\000\040\000H\000o\000m\000o\000l\000o\000g\000y\000\040\000G\000r\000o\000u\000p\000s}{section.10.7}% 127
\BOOKMARK [1][-]{section.10.8}{\376\377\000L\000o\000c\000a\000l\000\040\000H\000o\000m\000o\000l\000o\000g\000y}{chapter.10}% 128
\BOOKMARK [1][-]{section.10.9}{\376\377\000T\000h\000e\000\040\000M\000a\000y\000e\000r\000-\000V\000i\000e\000t\000o\000r\000i\000s\000\040\000S\000e\000q\000u\000e\000n\000c\000e}{chapter.10}% 129
\BOOKMARK [1][-]{section.10.10}{\376\377\000H\000o\000m\000o\000l\000o\000g\000y\000\040\000G\000r\000o\000u\000p\000s\000\040\000a\000n\000d\000\040\000D\000i\000r\000e\000c\000t\000\040\000C\000o\000l\000i\000m\000i\000t\000s}{chapter.10}% 130
\BOOKMARK [1][-]{section.10.11}{\376\377\000C\000e\000l\000l\000u\000l\000a\000r\000\040\000H\000o\000m\000o\000l\000o\000g\000y}{chapter.10}% 131
\BOOKMARK [2][-]{subsection.10.11.1}{\376\377\000R\000e\000l\000a\000t\000i\000v\000e\000\040\000H\000o\000m\000o\000l\000o\000g\000y\000\040\000G\000r\000o\000u\000p\000s\000\040\000o\000f\000\040\000C\000W\000-\000c\000o\000m\000p\000l\000e\000x\000e\000s}{section.10.11}% 132
\BOOKMARK [1][-]{section.10.12}{\376\377\000E\000u\000l\000e\000r\000\040\000C\000h\000a\000r\000a\000c\000t\000e\000r\000i\000s\000t\000i\000c}{chapter.10}% 133
\BOOKMARK [2][-]{subsection.10.12.1}{\376\377\000T\000h\000e\000\040\000E\000u\000l\000e\000r\000\040\000C\000h\000a\000r\000a\000c\000t\000e\000r\000i\000s\000t\000s\000i\000c\000\040\000o\000f\000\040\000a\000\040\000C\000W\000-\000c\000o\000m\000p\000l\000e\000x}{section.10.12}% 134
\BOOKMARK [2][-]{subsection.10.12.2}{\376\377\000B\000e\000t\000t\000i\000\040\000N\000u\000m\000b\000e\000r\000s}{section.10.12}% 135
\BOOKMARK [2][-]{subsection.10.12.3}{\376\377\000R\000e\000l\000a\000t\000i\000v\000e\000\040\000C\000h\000a\000r\000a\000c\000t\000e\000r\000i\000s\000t\000i\000c}{section.10.12}% 136
\BOOKMARK [2][-]{subsection.10.12.4}{\376\377\000P\000r\000o\000p\000e\000r\000t\000i\000e\000s}{section.10.12}% 137
\BOOKMARK [2][-]{subsection.10.12.5}{\376\377\000C\000a\000l\000c\000u\000l\000a\000t\000i\000o\000n\000s\000\040\000o\000f\000\040\000E\000u\000l\000e\000r\000\040\000C\000h\000a\000r\000a\000c\000t\000e\000r\000i\000s\000t\000i\000c\000s}{section.10.12}% 138
\BOOKMARK [2][-]{subsection.10.12.6}{\376\377\000A\000p\000p\000l\000i\000c\000a\000t\000i\000o\000n\000s}{section.10.12}% 139
\BOOKMARK [1][-]{section.10.13}{\376\377\000T\000h\000e\000\040\000F\000u\000n\000d\000a\000m\000e\000n\000t\000a\000l\000\040\000T\000h\000e\000o\000r\000e\000m\000\040\000o\000f\000\040\000H\000A}{chapter.10}% 140
\BOOKMARK [1][-]{section.10.14}{\376\377\000T\000h\000e\000\040\000E\000i\000l\000e\000n\000b\000e\000r\000g\000-\000Z\000i\000l\000b\000e\000r\000\040\000T\000h\000e\000o\000r\000e\000m\000\040\000a\000n\000d\000\040\000t\000h\000e\000\040\000K\000\374\000n\000n\000e\000t\000h\000\040\000T\000h\000e\000o\000r\000e\000m\000\040}{chapter.10}% 141
\BOOKMARK [0][-]{chapter.11}{\376\377\000H\000o\000m\000o\000l\000o\000g\000y}{}% 142
\BOOKMARK [1][-]{section.11.1}{\376\377\000E\000i\000l\000e\000n\000b\000e\000r\000g\000-\000S\000t\000e\000e\000n\000r\000o\000d\000\040\000A\000x\000i\000o\000m}{chapter.11}% 143
\BOOKMARK [2][-]{subsection.11.1.1}{}{section.11.1}% 144
\BOOKMARK [0][-]{chapter.12}{\376\377\000S\000i\000n\000g\000u\000l\000a\000r\000\040\000H\000o\000m\000o\000l\000o\000g\000y}{}% 145
\BOOKMARK [1][-]{section.12.1}{\376\377\000F\000u\000n\000d\000a\000m\000e\000n\000t\000a\000l}{chapter.12}% 146
\BOOKMARK [2][-]{subsection.12.1.1}{\376\377\000S\000i\000m\000p\000l\000i\000c\000i\000a\000l\000\040\000C\000h\000a\000i\000n\000\040\000G\000r\000o\000u\000p\000,\000S\000i\000m\000p\000l\000i\000c\000i\000a\000l\000\040\000H\000o\000m\000o\000l\000o\000g\000y\000\040\000G\000r\000o\000u\000p}{section.12.1}% 147
\BOOKMARK [2][-]{subsection.12.1.2}{\376\377\000E\000x\000a\000m\000p\000l\000e\000s}{section.12.1}% 148
\BOOKMARK [1][-]{section.12.2}{\376\377\000T\000h\000e\000\040\000S\000i\000n\000g\000u\000l\000a\000r\000\040\000H\000o\000m\000o\000l\000o\000g\000y\000\040\000G\000r\000o\000u\000p\000s\000\040\000o\000f\000\040\000a\000\040\000T\000o\000p\000o\000l\000g\000o\000i\000c\000a\000l\000\040\000S\000p\000a\000c\000e}{chapter.12}% 149
\BOOKMARK [2][-]{subsection.12.2.1}{\376\377\000R\000e\000v\000i\000e\000w\000:\000\040\000A\000l\000g\000e\000b\000r\000a\000i\000c\000\040\000C\000o\000m\000p\000l\000e\000x}{section.12.2}% 150
\BOOKMARK [2][-]{subsection.12.2.2}{\376\377\000T\000h\000e\000\040\000S\000i\000n\000g\000u\000l\000a\000r\000\040\000C\000h\000a\000i\000n\000\040\000C\000o\000m\000p\000l\000e\000x}{section.12.2}% 151
\BOOKMARK [2][-]{subsection.12.2.3}{\376\377\000S\000i\000n\000g\000u\000l\000a\000r\000\040\000n\000-\000S\000i\000m\000p\000l\000e\000x}{section.12.2}% 152
\BOOKMARK [2][-]{subsection.12.2.4}{\376\377\000C\000a\000l\000c\000u\000l\000a\000t\000i\000o\000n\000s\000\040\000o\000f\000\040\000H\000o\000m\000o\000l\000o\000g\000y\000\040\000G\000r\000o\000u\000p\000s}{section.12.2}% 153
\BOOKMARK [1][-]{section.12.3}{\376\377\000H\000o\000m\000o\000l\000o\000g\000y\000\040\000a\000n\000d\000\040\000H\000o\000m\000o\000t\000o\000p\000i\000e\000s}{chapter.12}% 154
\BOOKMARK [2][-]{subsection.12.3.1}{\376\377\000H\000o\000m\000o\000t\000o\000p\000y\000\040\000a\000n\000d\000\040\000H\000o\000m\000o\000l\000o\000g\000y\000\040\000M\000a\000p\000s}{section.12.3}% 155
\BOOKMARK [1][-]{section.12.4}{\376\377\000E\000x\000a\000c\000t\000\040\000S\000e\000q\000u\000e\000n\000c\000e\000,\000\040\000L\000o\000n\000g\000\040\000E\000x\000a\000c\000t\000\040\000S\000e\000q\000u\000e\000n\000c\000e\000s}{chapter.12}% 156
\BOOKMARK [1][-]{section.12.5}{\376\377\000R\000e\000l\000a\000t\000i\000v\000e\000\040\000H\000o\000m\000o\000l\000o\000g\000y}{chapter.12}% 157
\BOOKMARK [2][-]{subsection.12.5.1}{\376\377\000L\000o\000n\000g\000\040\000E\000x\000a\000c\000t\000\040\000S\000e\000q\000u\000e\000n\000c\000e\000\040\000o\000f\000\040\000a\000\040\000T\000r\000i\000p\000l\000e}{section.12.5}% 158
\BOOKMARK [2][-]{subsection.12.5.2}{\376\377\000R\000e\000l\000a\000t\000i\000v\000e\000\040\000H\000o\000m\000o\000l\000o\000g\000y\000\040\000G\000r\000o\000u\000p\000s\000\040\000a\000n\000d\000\040\000H\000o\000m\000o\000t\000o\000p\000i\000e\000s}{section.12.5}% 159
\BOOKMARK [2][-]{subsection.12.5.3}{\376\377\000R\000e\000l\000a\000t\000i\000v\000e\000\040\000H\000o\000m\000o\000l\000o\000g\000y\000\040\000G\000r\000o\000u\000p\000s\000\040\000a\000n\000d\000\040\000H\000o\000m\000o\000t\000o\000p\000i\000e\000s}{section.12.5}% 160
\BOOKMARK [2][-]{subsection.12.5.4}{\376\377\000E\000x\000c\000i\000s\000i\000o\000n}{section.12.5}% 161
\BOOKMARK [2][-]{subsection.12.5.5}{\376\377\000R\000e\000t\000r\000a\000c\000t}{section.12.5}% 162
\BOOKMARK [1][-]{section.12.6}{\376\377\000R\000e\000d\000u\000c\000e\000d\000\040\000H\000o\000m\000o\000l\000o\000g\000y}{chapter.12}% 163
\BOOKMARK [1][-]{section.12.7}{\376\377\000T\000h\000e\000\040\000E\000x\000c\000i\000s\000i\000o\000n\000\040\000T\000h\000e\000o\000r\000e\000m}{chapter.12}% 164
\BOOKMARK [1][-]{section.12.8}{\376\377\000L\000o\000c\000a\000l\000\040\000H\000o\000m\000o\000l\000o\000g\000y}{chapter.12}% 165
\BOOKMARK [2][-]{subsection.12.8.1}{\376\377\000G\000e\000n\000e\000r\000a\000t\000o\000r\000\040\000o\000f\000\040\000H\000n\000\050\000n\000,\000n\000\051}{section.12.8}% 166
\BOOKMARK [2][-]{subsection.12.8.2}{\376\377\000L\000o\000c\000a\000l\000\040\000H\000o\000m\000o\000l\000o\000g\000y\000\040\000G\000r\000o\000u\000p\000s\000\040\000o\000f\000\040\000a\000\040\000T\000o\000p\000o\000l\000o\000g\000i\000c\000a\000l\000\040\000S\000p\000a\000c\000e}{section.12.8}% 167
\BOOKMARK [1][-]{section.12.9}{\376\377\000H\000o\000m\000o\000l\000o\000g\000y\000\040\000a\000n\000d\000\040\000S\000e\000l\000f\000-\000M\000a\000p\000s\000\040\000o\000f\000\040\000S\000p\000h\000e\000r\000e\000s}{chapter.12}% 168
\BOOKMARK [2][-]{subsection.12.9.1}{\376\377\000T\000h\000e\000\040\000D\000e\000g\000r\000e\000e}{section.12.9}% 169
\BOOKMARK [2][-]{subsection.12.9.2}{\376\377\000T\000h\000e\000\040\000H\000a\000i\000r\000y\000\040\000B\000a\000l\000l\000\040\000T\000h\000e\000o\000r\000e\000m}{section.12.9}% 170
\BOOKMARK [2][-]{subsection.12.9.3}{\376\377\000L\000o\000c\000a\000l\000\040\000D\000e\000g\000r\000e\000e\000s\000\040\000o\000f\000\040\000S\000e\000l\000f\000-\000M\000a\000p\000s\000\040\000o\000f\000\040\000S\000p\000h\000e\000r\000e\000s}{section.12.9}% 171
\BOOKMARK [1][-]{section.12.10}{\376\377\000M\000a\000y\000e\000r\000-\000V\000i\000e\000t\000o\000r\000i\000s\000\040\000S\000e\000q\000u\000e\000n\000c\000e}{chapter.12}% 172
\BOOKMARK [2][-]{subsection.12.10.1}{\376\377\000A\000p\000p\000l\000i\000c\000a\000t\000i\000o\000n\000s}{section.12.10}% 173
\BOOKMARK [2][-]{subsection.12.10.2}{\376\377\000H\000o\000m\000o\000l\000o\000g\000y\000\040\000a\000n\000d\000\040\000C\000e\000l\000l\000\040\000A\000t\000t\000a\000c\000h\000m\000e\000n\000t\000s}{section.12.10}% 174
\BOOKMARK [1][-]{section.12.11}{\376\377\000H\000o\000m\000o\000l\000o\000g\000y\000\040\000G\000r\000o\000u\000p\000s\000\040\000a\000n\000d\000\040\000D\000i\000r\000e\000c\000t\000\040\000L\000i\000m\000i\000t\000s}{chapter.12}% 175
\BOOKMARK [1][-]{section.12.12}{\376\377\000C\000e\000l\000l\000u\000l\000a\000r\000\040\000H\000o\000m\000o\000l\000o\000g\000y}{chapter.12}% 176
\BOOKMARK [2][-]{subsection.12.12.1}{\376\377\000D\000e\000f\000i\000n\000i\000t\000i\000o\000n\000s}{section.12.12}% 177
\BOOKMARK [1][-]{section.12.13}{\376\377\000T\000h\000e\000\040\000E\000u\000l\000e\000r\000\040\000C\000h\000a\000r\000a\000c\000t\000e\000r\000i\000s\000t\000i\000c}{chapter.12}% 178
\BOOKMARK [2][-]{subsection.12.13.1}{\376\377\000T\000h\000e\000\040\000E\000u\000l\000e\000r\000\040\000C\000h\000a\000r\000a\000c\000t\000e\000r\000i\000s\000t\000i\000c\000\040\000o\000f\000\040\000C\000W\000-\000C\000o\000m\000p\000l\000e\000x}{section.12.13}% 179
\BOOKMARK [2][-]{subsection.12.13.2}{\376\377\000B\000e\000t\000t\000i\000\040\000N\000u\000m\000b\000e\000r}{section.12.13}% 180
\BOOKMARK [2][-]{subsection.12.13.3}{\376\377\000C\000a\000l\000c\000u\000l\000a\000t\000i\000o\000n\000\040\000o\000f\000\040\000E\000u\000l\000e\000r\000\040\000C\000h\000a\000r\000a\000c\000t\000e\000r\000i\000s\000t\000i\000c\000s}{section.12.13}% 181
\BOOKMARK [2][-]{subsection.12.13.4}{\376\377\000A\000p\000p\000l\000i\000c\000a\000t\000i\000o\000n\000s}{section.12.13}% 182
\BOOKMARK [1][-]{section.12.14}{\376\377\000T\000h\000e\000\040\000H\000u\000r\000e\000w\000i\000c\000z\000\040\000T\000h\000e\000o\000r\000e\000m}{chapter.12}% 183
\BOOKMARK [1][-]{section.12.15}{\376\377\000J\000o\000r\000d\000a\000n\000-\000B\000r\000o\000u\000w\000e\000r\000\040\000S\000e\000p\000a\000r\000a\000t\000i\000o\000n\000\040\000T\000h\000e\000o\000r\000e\000m}{chapter.12}% 184
\BOOKMARK [1][-]{section.12.16}{\376\377\000M\000o\000o\000r\000e\000\040\000S\000p\000a\000c\000e}{chapter.12}% 185
\BOOKMARK [0][-]{chapter.13}{\376\377\000L\000o\000c\000a\000l\000i\000z\000a\000t\000i\000o\000n}{}% 186
\BOOKMARK [0][-]{chapter.14}{\376\377\000N\000o\000t\000e}{}% 187
\BOOKMARK [1][-]{section.14.1}{\376\377\0004\000/\0001\0005}{chapter.14}% 188
\BOOKMARK [0][-]{chapter.15}{\376\377\000S\000i\000m\000p\000l\000i\000c\000i\000a\000l\000\040\000C\000o\000h\000o\000m\000o\000l\000o\000g\000y}{}% 189
\BOOKMARK [1][-]{section.15.1}{\376\377\000C\000h\000i\000r\000a\000l\000i\000t\000y}{chapter.15}% 190
\BOOKMARK [2][-]{subsection.15.1.1}{\376\377\000H\000y\000p\000e\000r\000p\000l\000a\000n\000e\000-\000R\000e\000f\000l\000e\000c\000t\000i\000o\000n}{section.15.1}% 191
\BOOKMARK [1][-]{section.15.2}{\376\377\000C\000o\000c\000h\000a\000i\000n\000\040\000C\000o\000m\000p\000l\000e\000x\000e\000s\000\040\000a\000n\000d\000\040\000D\000u\000a\000l\000\040\000C\000o\000m\000p\000l\000e\000x\000e\000s}{chapter.15}% 192
\BOOKMARK [2][-]{subsection.15.2.1}{\376\377\000P\000r\000e\000p\000a\000r\000a\000t\000i\000o\000n\000s}{section.15.2}% 193
\BOOKMARK [2][-]{subsection.15.2.2}{\376\377\000C\000a\000l\000c\000u\000l\000a\000t\000i\000o\000n\000\040\000o\000f\000\040\000S\000o\000m\000e\000\040\000C\000o\000h\000o\000m\000o\000l\000o\000g\000y}{section.15.2}% 194
\BOOKMARK [2][-]{subsection.15.2.3}{\376\377\000B\000a\000s\000i\000c\000\040\000P\000r\000o\000p\000e\000r\000t\000i\000e\000s\000\040\000o\000f\000\040\000C\000o\000h\000o\000m\000o\000l\000o\000g\000y\000\040\000G\000r\000o\000u\000p\000s}{section.15.2}% 195
\BOOKMARK [2][-]{subsection.15.2.4}{\376\377\000R\000e\000d\000u\000c\000e\000d\000\040\000C\000o\000h\000o\000m\000o\000l\000o\000g\000y\000\040\000G\000r\000o\000u\000p\000s}{section.15.2}% 196
\BOOKMARK [1][-]{section.15.3}{\376\377\000T\000h\000e\000\040\000C\000o\000h\000o\000m\000o\000l\000o\000g\000y\000\040\000G\000r\000o\000u\000p\000\040\000o\000f\000\040\000T\000o\000p\000o\000l\000o\000g\000i\000c\000a\000l\000\040\000S\000p\000a\000c\000e\000s}{chapter.15}% 197
\BOOKMARK [2][-]{subsection.15.3.1}{\376\377\000S\000i\000n\000g\000u\000l\000a\000r\000\040\000C\000o\000h\000o\000m\000o\000l\000o\000g\000y\000\040\000G\000r\000o\000u\000p\000s}{section.15.3}% 198
\BOOKMARK [2][-]{subsection.15.3.2}{\376\377\000E\000x\000a\000m\000p\000l\000e\000:\000E\000x\000p\000l\000i\000c\000i\000t\000\040\000C\000o\000c\000h\000a\000i\000n\000s\000\040\000a\000n\000d\000\040\000C\000o\000c\000y\000c\000l\000e\000s}{section.15.3}% 199
\BOOKMARK [1][-]{section.15.4}{\376\377\000C\000e\000l\000l\000u\000l\000a\000r\000\040\000C\000o\000h\000o\000m\000o\000l\000o\000g\000y\000\040\000a\000n\000d\000\040\000t\000h\000e\000\040\000K\000r\000o\000n\000e\000c\000k\000e\000r\000\040\000P\000a\000i\000r\000i\000n\000g}{chapter.15}% 200
\BOOKMARK [2][-]{subsection.15.4.1}{\376\377\000C\000e\000l\000l\000u\000l\000a\000r\000\040\000C\000o\000h\000o\000m\000o\000l\000o\000g\000y}{section.15.4}% 201
\BOOKMARK [2][-]{subsection.15.4.2}{\376\377\000C\000a\000l\000c\000u\000l\000a\000t\000i\000o\000n\000s}{section.15.4}% 202
\BOOKMARK [1][-]{section.15.5}{\376\377\000E\000x\000c\000i\000s\000i\000o\000n\000\040\000a\000n\000d\000\040\000M\000a\000y\000e\000r\000-\000V\000i\000e\000r\000t\000o\000r\000i\000s\000\040\000f\000o\000r\000\040\000C\000o\000h\000o\000m\000o\000l\000o\000g\000y}{chapter.15}% 203
\BOOKMARK [2][-]{subsection.15.5.1}{\376\377\000E\000x\000c\000i\000s\000i\000o\000n\000\040\000i\000n\000\040\000H\000*\000\040\000T\000h\000e\000o\000r\000e\000m}{section.15.5}% 204
\BOOKMARK [1][-]{section.15.6}{\376\377\000T\000h\000e\000\040\000U\000C\000T\000\040\000f\000o\000r\000\040\000C\000o\000h\000o\000m\000o\000l\000o\000g\000y\000\040\000G\000r\000o\000u\000p}{chapter.15}% 205
\BOOKMARK [1][-]{section.15.7}{\376\377\000T\000h\000e\000\040\000C\000u\000p\000\040\000P\000r\000o\000d\000u\000c\000t}{chapter.15}% 206
\BOOKMARK [2][-]{subsection.15.7.1}{\376\377\000F\000i\000r\000s\000t\000\040\000D\000e\000f\000i\000n\000i\000t\000i\000o\000n}{section.15.7}% 207
\BOOKMARK [1][-]{section.15.8}{\376\377\000T\000h\000e\000\040\000R\000e\000l\000a\000t\000i\000v\000e\000\040\000C\000u\000p\000\040\000P\000r\000o\000u\000c\000t}{chapter.15}% 208
\BOOKMARK [1][-]{section.15.9}{\376\377\000T\000h\000e\000\040\000C\000a\000p\000\040\000P\000r\000o\000d\000u\000c\000t}{chapter.15}% 209
\BOOKMARK [0][-]{chapter.16}{\376\377\000O\000r\000i\000e\000n\000t\000a\000t\000i\000o\000n}{}% 210
\BOOKMARK [1][-]{section.16.1}{\376\377\000O\000r\000i\000e\000n\000t\000a\000t\000i\000o\000n\000\040\000o\000f\000\040\000S\000m\000o\000o\000t\000h\000\040\000M\000a\000n\000i\000f\000o\000l\000d}{chapter.16}% 211
\BOOKMARK [1][-]{section.16.2}{\376\377\000O\000r\000i\000e\000n\000t\000a\000t\000i\000o\000n\000\040\000o\000f\000\040\000T\000o\000p\000o\000l\000o\000g\000i\000c\000a\000l\000\040\000M\000a\000n\000i\000f\000o\000l\000d\000s}{chapter.16}% 212
\BOOKMARK [2][-]{subsection.16.2.1}{\376\377\000L\000o\000c\000a\000l\000\040\000H\000o\000m\000o\000l\000o\000g\000y}{section.16.2}% 213
\BOOKMARK [2][-]{subsection.16.2.2}{\376\377\000R\000-\000S\000e\000c\000t\000i\000o\000n\000\040\000o\000n\000\040\000T\000o\000p\000o\000l\000o\000g\000i\000c\000a\000l\000\040\000M\000a\000n\000i\000f\000o\000l\000d\000s}{section.16.2}% 214
\BOOKMARK [2][-]{subsection.16.2.3}{\376\377\000O\000r\000i\000e\000n\000t\000a\000t\000i\000o\000n\000s\000\040\000o\000f\000\040\000T\000o\000p\000o\000l\000o\000g\000i\000c\000a\000l\000\040\000M\000a\000n\000i\000f\000o\000l\000d\000s}{section.16.2}% 215
\BOOKMARK [2][-]{subsection.16.2.4}{\376\377\000O\000r\000i\000e\000n\000t\000a\000t\000i\000o\000n\000\040\000C\000o\000v\000e\000r\000i\000n\000g\000\040\000o\000f\000\040\000T\000o\000p\000o\000l\000o\000g\000i\000c\000a\000l\000\040\000M\000a\000n\000i\000f\000o\000l\000d}{section.16.2}% 216
\BOOKMARK [2][-]{subsection.16.2.5}{\376\377\000O\000r\000i\000e\000n\000t\000a\000t\000i\000o\000n\000-\000P\000r\000e\000s\000e\000r\000v\000i\000n\000g\000\040\000L\000o\000c\000a\000l\000\040\000H\000o\000m\000o\000m\000o\000r\000p\000h\000i\000s\000m\000s}{section.16.2}% 217
\BOOKMARK [1][-]{section.16.3}{\376\377\000I\000n\000d\000u\000c\000e\000d\000\040\000O\000r\000i\000e\000n\000t\000a\000t\000i\000o\000n}{chapter.16}% 218
\BOOKMARK [2][-]{subsection.16.3.1}{\376\377\000I\000n\000d\000u\000c\000e\000d\000\040\000O\000r\000i\000e\000n\000t\000a\000t\000i\000o\000n\000s}{section.16.3}% 219
\BOOKMARK [2][-]{subsection.16.3.2}{\376\377\000G\000l\000u\000e\000i\000n\000g\000\040\000T\000t\000o\000p\000o\000l\000o\000g\000i\000c\000a\000l\000\040\000M\000a\000n\000i\000f\000o\000l\000d\000s}{section.16.3}% 220
\BOOKMARK [0][-]{chapter.17}{\376\377\000F\000i\000b\000r\000a\000t\000i\000o\000n\000,\000\040\000C\000o\000f\000i\000b\000r\000a\000t\000i\000o\000n}{}% 221
\BOOKMARK [1][-]{section.17.1}{\376\377\000L\000e\000f\000t\000,\000R\000i\000g\000h\000t\000\040\000L\000i\000f\000t\000i\000n\000g\000\040\000P\000r\000o\000p\000e\000r\000t\000y}{chapter.17}% 222
\BOOKMARK [2][-]{subsection.17.1.1}{\376\377\000H\000o\000m\000o\000t\000o\000p\000y\000\040\000L\000i\000f\000t\000i\000n\000g\000\040\000P\000r\000o\000p\000e\000r\000t\000y\000,\000\040\000H\000o\000m\000o\000t\000o\000p\000y\000\040\000L\000i\000f\000t\000i\000n\000g\000\040\000E\000x\000t\000e\000n\000s\000i\000o\000n\000\040\000P\000r\000o\000p\000e\000r\000t\000y}{section.17.1}% 223
\BOOKMARK [2][-]{subsection.17.1.2}{\376\377\000H\000u\000r\000e\000w\000i\000c\000z\000\040\000F\000i\000b\000r\000a\000t\000i\000o\000n\000/\000C\000o\000f\000i\000b\000r\000a\000t\000i\000o\000n}{section.17.1}% 224
\BOOKMARK [2][-]{subsection.17.1.3}{\376\377\000S\000e\000r\000r\000e\000\040\000F\000i\000b\000r\000a\000t\000i\000o\000n\000/\000C\000o\000f\000i\000b\000r\000a\000t\000i\000o\000n}{section.17.1}% 225
\BOOKMARK [2][-]{subsection.17.1.4}{\376\377\000D\000o\000l\000d\000\040\000F\000i\000b\000r\000a\000t\000i\000o\000n\000/\000C\000o\000f\000i\000b\000r\000a\000t\000i\000o\000n}{section.17.1}% 226
