\BOOKMARK [0][-]{chapter.1}{\376\377\000A\000f\000f\000i\000n\000e\000\040\000S\000c\000h\000e\000m\000e\000s}{}% 1
\BOOKMARK [1][-]{section.1.1}{\376\377\000L\000o\000c\000a\000l\000l\000y\000\040\000R\000i\000n\000g\000e\000d\000\040\000S\000p\000a\000c\000e\000s}{chapter.1}% 2
\BOOKMARK [2][-]{subsection.1.1.1}{\376\377\000M\000o\000r\000p\000h\000i\000s\000m\000s}{section.1.1}% 3
\BOOKMARK [1][-]{section.1.2}{\376\377\000A\000f\000f\000i\000n\000e\000\040\000S\000c\000h\000e\000m\000e\000s}{chapter.1}% 4
\BOOKMARK [2][-]{subsection.1.2.1}{\376\377\000M\000o\000d\000u\000l\000e\000s\000\040\000S\000h\000e\000a\000f}{section.1.2}% 5
\BOOKMARK [2][-]{subsection.1.2.2}{\376\377\000M\000o\000d\000u\000l\000e\000s\000\040\000S\000h\000e\000a\000f}{section.1.2}% 6
\BOOKMARK [2][-]{subsection.1.2.3}{\376\377\000T\000h\000e\000\040\000S\000t\000r\000u\000c\000t\000u\000r\000e\000\040\000S\000h\000e\000a\000f}{section.1.2}% 7
\BOOKMARK [2][-]{subsection.1.2.4}{\376\377\000A\000f\000f\000S\000c\000h\000\040\000a\000n\000d\000\040\000C\000R\000i\000n\000g\000\040\000C\000o\000r\000r\000e\000s\000p\000o\000n\000d\000e\000n\000c\000e}{section.1.2}% 8
\BOOKMARK [2][-]{subsection.1.2.5}{\376\377\000P\000r\000o\000d\000u\000c\000t\000,\000\040\000F\000i\000b\000r\000e\000\040\000P\000r\000o\000d\000u\000c\000t}{section.1.2}% 9
\BOOKMARK [2][-]{subsection.1.2.6}{\376\377\000D\000i\000s\000j\000o\000i\000n\000t\000e\000d\000\040\000U\000n\000i\000o\000n}{section.1.2}% 10
\BOOKMARK [2][-]{subsection.1.2.7}{\376\377\000Q\000u\000a\000s\000i\000-\000C\000o\000h\000e\000r\000e\000n\000t\000\040\000S\000h\000e\000a\000f\000\040\000o\000n\000\040\000A\000f\000f\000i\000n\000e\000s}{section.1.2}% 11
\BOOKMARK [2][-]{subsection.1.2.8}{\376\377\000K\000e\000r\000n\000e\000l\000s\000,\000C\000o\000k\000e\000r\000n\000e\000l\000s}{section.1.2}% 12
\BOOKMARK [2][-]{subsection.1.2.9}{\376\377\000D\000i\000r\000e\000c\000t\000\040\000S\000u\000m}{section.1.2}% 13
\BOOKMARK [2][-]{subsection.1.2.10}{\376\377\000E\000x\000a\000c\000t\000\040\000S\000e\000q\000u\000e\000n\000c\000e}{section.1.2}% 14
\BOOKMARK [2][-]{subsection.1.2.11}{\376\377\000O\000p\000e\000n\000\040\000a\000n\000d\000\040\000C\000l\000o\000s\000e\000d\000\040\000S\000u\000b\000s\000p\000a\000c\000e\000s\000\040\000o\000f\000\040\000A\000f\000f\000i\000n\000e\000s}{section.1.2}% 15
\BOOKMARK [1][-]{section.1.3}{\376\377\000T\000o\000p\000o\000l\000o\000g\000i\000c\000a\000l\000\040\000P\000r\000o\000p\000e\000r\000t\000i\000e\000s}{chapter.1}% 16
\BOOKMARK [0][-]{chapter.2}{\376\377\000S\000c\000h\000e\000m\000e\000s}{}% 17
\BOOKMARK [1][-]{section.2.1}{\376\377\000D\000e\000f\000i\000n\000i\000t\000i\000o\000n\000s}{chapter.2}% 18
\BOOKMARK [2][-]{subsection.2.1.1}{\376\377\000M\000o\000r\000p\000h\000i\000s\000m\000s\000\040\000o\000f\000\040\000S\000c\000h\000e\000m\000e\000s}{section.2.1}% 19
\BOOKMARK [2][-]{subsection.2.1.2}{\376\377\000Z\000a\000r\000i\000s\000k\000i\000\040\000T\000o\000p\000o\000l\000o\000g\000y\000\040\000o\000f\000\040\000S\000c\000h\000e\000m\000e\000s}{section.2.1}% 20
\BOOKMARK [2][-]{subsection.2.1.3}{\376\377\000P\000o\000i\000n\000t\000s\000\040\000i\000n\000\040\000S\000c\000h\000e\000m\000e\000s}{section.2.1}% 21
\BOOKMARK [2][-]{subsection.2.1.4}{\376\377\000R\000e\000p\000r\000e\000s\000e\000n\000t\000a\000b\000i\000l\000i\000t\000y}{section.2.1}% 22
\BOOKMARK [1][-]{section.2.2}{\376\377\000C\000l\000a\000s\000s\000i\000f\000i\000c\000a\000t\000i\000o\000n\000\040\000o\000f\000\040\000S\000c\000h\000e\000m\000e\000s\000\050\000b\000y\000\040\000R\000i\000n\000g\000s\000\051}{chapter.2}% 23
\BOOKMARK [2][-]{subsection.2.2.1}{\376\377\000R\000e\000d\000u\000c\000e\000d\000\040\000S\000c\000h\000e\000m\000e}{section.2.2}% 24
\BOOKMARK [2][-]{subsection.2.2.2}{\376\377\000I\000n\000t\000e\000g\000r\000a\000l\000,\000\040\000I\000r\000r\000e\000d\000u\000c\000i\000b\000l\000e\000\040\000a\000n\000d\000\040\000R\000e\000d\000u\000c\000e\000d\000\040\000S\000c\000h\000e\000m\000e}{section.2.2}% 25
\BOOKMARK [2][-]{subsection.2.2.3}{\376\377\000T\000y\000p\000e\000s\000\040\000o\000f\000\040\000S\000c\000h\000e\000m\000e\000s\000\040\000d\000e\000f\000i\000n\000e\000d\000\040\000b\000y\000\040\000P\000r\000o\000p\000r\000e\000t\000i\000e\000s\000\040\000o\000f\000\040\000R\000i\000n\000g\000s}{section.2.2}% 26
\BOOKMARK [2][-]{subsection.2.2.4}{\376\377\000N\000o\000e\000t\000h\000e\000r\000i\000a\000n\000\040\000S\000c\000h\000e\000m\000e\000s}{section.2.2}% 27
\BOOKMARK [2][-]{subsection.2.2.5}{\376\377\000J\000a\000c\000o\000b\000s\000o\000n\000\040\000S\000c\000h\000e\000m\000e\000s}{section.2.2}% 28
\BOOKMARK [2][-]{subsection.2.2.6}{\376\377\000N\000o\000r\000m\000a\000l\000\040\000S\000c\000h\000e\000m\000e\000s}{section.2.2}% 29
\BOOKMARK [1][-]{section.2.3}{\376\377\000F\000i\000b\000r\000e\000\040\000P\000r\000o\000d\000u\000c\000t\000s\000\040\000o\000f\000\040\000S\000c\000h\000e\000m\000e\000s}{chapter.2}% 30
\BOOKMARK [2][-]{subsection.2.3.1}{\376\377\000S\000c\000h\000e\000m\000e\000s\000\040\000a\000s\000\040\000F\000u\000n\000c\000t\000o\000r\000s}{section.2.3}% 31
\BOOKMARK [2][-]{subsection.2.3.2}{\376\377\000F\000i\000b\000r\000e\000\040\000P\000r\000o\000d\000u\000c\000t\000s}{section.2.3}% 32
\BOOKMARK [2][-]{subsection.2.3.3}{\376\377\000B\000a\000s\000e\000\040\000C\000h\000a\000n\000g\000e}{section.2.3}% 33
\BOOKMARK [2][-]{subsection.2.3.4}{\376\377\000S\000e\000p\000a\000r\000a\000t\000i\000o\000n\000\040\000A\000x\000i\000o\000m\000s}{section.2.3}% 34
\BOOKMARK [1][-]{section.2.4}{\376\377\000Q\000u\000a\000s\000i\000-\000C\000o\000h\000e\000r\000e\000n\000t\000\040\000M\000o\000d\000u\000l\000e\000s}{chapter.2}% 35
\BOOKMARK [1][-]{section.2.5}{\376\377\000S\000c\000h\000e\000m\000e\000s\000\040\000o\000v\000e\000r\000\040\000F\000i\000e\000l\000d\000s}{chapter.2}% 36
\BOOKMARK [2][-]{subsection.2.5.1}{\376\377\000S\000c\000h\000e\000m\000e\000s\000\040\000o\000v\000e\000r\000\040\000a\000\040\000F\000i\000e\000l\000d\000\040\000w\000h\000i\000c\000h\000\040\000i\000s\000\040\000n\000o\000t\000\040\000A\000l\000g\000e\000b\000r\000a\000i\000c\000a\000l\000l\000y\000\040\000C\000l\000o\000s\000e\000d}{section.2.5}% 37
\BOOKMARK [1][-]{section.2.6}{\376\377\000L\000o\000c\000a\000l\000\040\000P\000r\000o\000p\000e\000r\000t\000i\000e\000s\000\040\000o\000f\000\040\000S\000c\000h\000e\000m\000e\000s}{chapter.2}% 38
\BOOKMARK [2][-]{subsection.2.6.1}{\376\377\000T\000h\000e\000\040\000T\000a\000n\000g\000e\000n\000t\000\040\000S\000p\000a\000c\000e}{section.2.6}% 39
\BOOKMARK [1][-]{section.2.7}{\376\377\000A\000f\000f\000i\000n\000e\000\040\000a\000n\000d\000\040\000P\000r\000o\000p\000e\000r\000\040\000M\000o\000r\000p\000h\000i\000s\000m\000s}{chapter.2}% 40
\BOOKMARK [0][-]{chapter.3}{\376\377\000C\000o\000n\000s\000t\000r\000u\000c\000t\000i\000o\000n\000s}{}% 41
\BOOKMARK [1][-]{section.3.1}{\376\377\000G\000l\000u\000e\000i\000n\000g\000\040\000S\000c\000h\000e\000m\000e\000,\000R\000e\000l\000a\000t\000i\000v\000e\000\040\000G\000l\000u\000e\000i\000n\000g\000,\000\040\000R\000e\000l\000a\000t\000i\000v\000e\000\040\000S\000p\000e\000c\000t\000r\000u\000m}{chapter.3}% 42
\BOOKMARK [2][-]{subsection.3.1.1}{\376\377\000G\000l\000u\000e\000i\000n\000g\000\040\000S\000c\000h\000e\000m\000e}{section.3.1}% 43
\BOOKMARK [2][-]{subsection.3.1.2}{\376\377\000R\000e\000l\000a\000t\000i\000v\000e\000\040\000S\000p\000e\000c\000t\000r\000u\000m\000\040\000v\000i\000a\000\040\000G\000l\000u\000e\000i\000n\000g}{section.3.1}% 44
\BOOKMARK [2][-]{subsection.3.1.3}{\376\377\000R\000e\000l\000a\000t\000i\000v\000e\000\040\000S\000p\000e\000c\000t\000r\000u\000m\000\040\000a\000s\000\040\000F\000u\000n\000c\000t\000o\000r}{section.3.1}% 45
\BOOKMARK [2][-]{subsection.3.1.4}{\376\377\000R\000e\000l\000a\000t\000i\000v\000e\000\040\000S\000p\000e\000c\000t\000r\000u\000m}{section.3.1}% 46
\BOOKMARK [1][-]{section.3.2}{\376\377\000A\000f\000f\000i\000n\000e\000\040\000n\000-\000S\000p\000a\000c\000e}{chapter.3}% 47
\BOOKMARK [1][-]{section.3.3}{\376\377\000V\000e\000c\000t\000o\000r\000\040\000B\000u\000n\000d\000l\000e\000s}{chapter.3}% 48
\BOOKMARK [2][-]{subsection.3.3.1}{\376\377\000V\000e\000c\000t\000o\000r\000\040\000B\000u\000n\000d\000l\000e\000\040\000a\000n\000d\000\040\000L\000o\000c\000a\000l\000l\000y\000\040\000F\000r\000e\000e\000\040\000B\000u\000n\000d\000l\000e\000s}{section.3.3}% 49
\BOOKMARK [2][-]{subsection.3.3.2}{\376\377\000T\000o\000r\000s\000o\000r\000s\000\040\000a\000n\000d\000\040\000N\000o\000n\000-\000A\000b\000e\000l\000i\000a\000n\000\040\000C\000o\000h\000o\000m\000o\000l\000o\000g\000y\000\040}{section.3.3}% 50
\BOOKMARK [2][-]{subsection.3.3.3}{\376\377\000V\000e\000c\000t\000o\000r\000\040\000B\000u\000n\000d\000l\000e\000s\000\040\000a\000n\000d\000\040\000G\000L\000n\000-\000T\000o\000r\000s\000o\000r\000s}{section.3.3}% 51
\BOOKMARK [2][-]{subsection.3.3.4}{\376\377\000F\000l\000a\000t\000t\000e\000n\000i\000n\000g\000\040\000S\000t\000r\000a\000t\000i\000f\000i\000c\000a\000t\000i\000o\000n\000\040\000f\000o\000r\000\040\000M\000o\000d\000u\000l\000e\000s}{section.3.3}% 52
\BOOKMARK [2][-]{subsection.3.3.5}{\376\377\000D\000i\000v\000i\000s\000o\000r\000s}{section.3.3}% 53
\BOOKMARK [1][-]{section.3.4}{\376\377\000C\000o\000n\000e\000s}{chapter.3}% 54
\BOOKMARK [1][-]{section.3.5}{\376\377\000P\000r\000o\000j}{chapter.3}% 55
\BOOKMARK [2][-]{subsection.3.5.1}{\376\377\000P\000r\000o\000j\000\040\000o\000f\000\040\000a\000\040\000g\000r\000a\000d\000e\000d\000\040\000R\000i\000n\000g\000\050\000A\000l\000g\000e\000b\000r\000a\000\051}{section.3.5}% 56
\BOOKMARK [2][-]{subsection.3.5.2}{\376\377\000S\000t\000a\000n\000d\000a\000r\000d\000\040\000O\000p\000e\000n\000\040\000C\000o\000v\000e\000r\000i\000n\000g}{section.3.5}% 57
\BOOKMARK [2][-]{subsection.3.5.3}{\376\377\000S\000t\000r\000u\000c\000t\000u\000r\000e\000\040\000S\000h\000e\000a\000f}{section.3.5}% 58
\BOOKMARK [2][-]{subsection.3.5.4}{\376\377\000Q\000u\000a\000s\000-\000C\000o\000h\000e\000r\000e\000n\000t\000\040\000S\000h\000e\000a\000v\000e\000s\000\040\000o\000n\000\040\000P\000r\000o\000j}{section.3.5}% 59
\BOOKMARK [2][-]{subsection.3.5.5}{\376\377\000I\000n\000v\000e\000r\000t\000i\000b\000l\000e\000\040\000S\000h\000e\000a\000v\000e\000s\000\040\000o\000n\000\040\000P\000r\000o\000j}{section.3.5}% 60
\BOOKMARK [2][-]{subsection.3.5.6}{\376\377\000F\000u\000n\000c\000t\000o\000r\000i\000a\000l\000i\000t\000y\000\040\000o\000f\000\040\000P\000r\000o\000j}{section.3.5}% 61
\BOOKMARK [2][-]{subsection.3.5.7}{\376\377\000M\000o\000r\000p\000h\000i\000s\000m\000s\000\040\000i\000n\000t\000o\000\040\000P\000r\000o\000j}{section.3.5}% 62
\BOOKMARK [1][-]{section.3.6}{\376\377\000P\000r\000o\000j\000e\000c\000t\000i\000v\000e\000\040\000S\000p\000a\000c\000e}{chapter.3}% 63
\BOOKMARK [1][-]{section.3.7}{\376\377\000R\000e\000l\000a\000t\000i\000v\000e\000\040\000P\000r\000o\000j}{chapter.3}% 64
\BOOKMARK [1][-]{section.3.8}{\376\377\000P\000r\000o\000j\000e\000c\000t\000i\000v\000e\000\040\000B\000u\000n\000d\000l\000e\000s}{chapter.3}% 65
\BOOKMARK [1][-]{section.3.9}{\376\377\000G\000r\000a\000s\000s\000m\000a\000n\000n\000i\000a\000n\000s}{chapter.3}% 66
\BOOKMARK [0][-]{chapter.4}{\376\377\000C\000l\000a\000s\000s\000i\000f\000i\000c\000a\000t\000i\000o\000n\000\040\000o\000f\000\040\000S\000c\000h\000e\000m\000e\000s}{}% 67
\BOOKMARK [1][-]{section.4.1}{\376\377\000T\000y\000p\000e\000s\000\040\000o\000f\000\040\000S\000c\000h\000e\000m\000e\000s\000\040\000b\000y\000\040\000R\000i\000n\000g\000s}{chapter.4}% 68
\BOOKMARK [2][-]{subsection.4.1.1}{\376\377\000L\000o\000c\000a\000l}{section.4.1}% 69
\BOOKMARK [1][-]{section.4.2}{\376\377\000R\000e\000d\000u\000c\000e\000d\000\040\000S\000c\000h\000e\000m\000e}{chapter.4}% 70
\BOOKMARK [2][-]{subsection.4.2.1}{\376\377\000S\000c\000h\000e\000m\000e\000\040\000S\000t\000r\000u\000c\000t\000u\000r\000e\000\040\000o\000n\000\040\000C\000l\000o\000s\000e\000d\000\040\000S\000u\000b\000s\000e\000t}{section.4.2}% 71
\BOOKMARK [1][-]{section.4.3}{\376\377\000I\000n\000t\000e\000g\000r\000a\000l\000,\000\040\000I\000r\000r\000e\000d\000u\000c\000i\000b\000l\000e\000\040\000a\000n\000d\000\040\000R\000e\000d\000u\000c\000e\000d\000\040\000S\000c\000h\000e\000m\000e\000s}{chapter.4}% 72
\BOOKMARK [2][-]{subsection.4.3.1}{\376\377\000I\000n\000t\000e\000g\000r\000a\000l\000\040\000S\000c\000h\000e\000m\000e}{section.4.3}% 73
\BOOKMARK [2][-]{subsection.4.3.2}{\376\377\000I\000r\000r\000e\000d\000u\000c\000i\000b\000l\000e\000\040\000S\000c\000h\000e\000m\000e}{section.4.3}% 74
\BOOKMARK [1][-]{section.4.4}{\376\377\000N\000o\000e\000t\000h\000e\000r\000i\000a\000n\000\040\000S\000c\000h\000e\000m\000e\000s}{chapter.4}% 75
\BOOKMARK [1][-]{section.4.5}{\376\377\000J\000a\000c\000o\000b\000s\000o\000n\000\040\000S\000c\000h\000e\000m\000e\000s}{chapter.4}% 76
\BOOKMARK [1][-]{section.4.6}{\376\377\000N\000o\000r\000m\000a\000l\000\040\000S\000c\000h\000e\000m\000e\000s}{chapter.4}% 77
\BOOKMARK [1][-]{section.4.7}{\376\377\000C\000o\000h\000e\000n\000-\000M\000a\000c\000a\000u\000l\000a\000y\000\040\000S\000c\000h\000e\000m\000e\000s}{chapter.4}% 78
\BOOKMARK [1][-]{section.4.8}{\376\377\000R\000e\000g\000u\000l\000a\000r\000\040\000S\000c\000h\000e\000m\000e\000s}{chapter.4}% 79
\BOOKMARK [1][-]{section.4.9}{\376\377\000D\000i\000e\000m\000n\000s\000i\000o\000n\000\040\000o\000f\000\040\000S\000c\000h\000e\000m\000e\000s}{chapter.4}% 80
\BOOKMARK [2][-]{subsection.4.9.1}{\376\377\000C\000a\000t\000e\000n\000a\000r\000y\000\040\000S\000c\000h\000e\000m\000e\000s}{section.4.9}% 81
\BOOKMARK [2][-]{subsection.4.9.2}{\376\377\000S\000e\000r\000r\000e\000'\000s\000\040\000C\000o\000n\000d\000i\000t\000i\000o\000n}{section.4.9}% 82
\BOOKMARK [2][-]{subsection.4.9.3}{\376\377\000T\000h\000e\000\040\000S\000i\000n\000g\000u\000l\000a\000r\000\040\000L\000o\000c\000u\000s}{section.4.9}% 83
\BOOKMARK [1][-]{section.4.10}{\376\377\000J\000a\000p\000a\000n\000e\000s\000e\000\040\000a\000n\000d\000\040\000N\000a\000g\000a\000t\000a\000\040\000S\000c\000h\000e\000m\000e\000s}{chapter.4}% 84
\BOOKMARK [1][-]{section.4.11}{\376\377\000Q\000u\000a\000s\000i\000-\000A\000f\000f\000i\000n\000e\000\040\000S\000c\000h\000e\000m\000e}{chapter.4}% 85
\BOOKMARK [1][-]{section.4.12}{\376\377\000A\000m\000p\000l\000e\000\040\000I\000n\000v\000e\000r\000t\000i\000b\000l\000e\000\040\000S\000h\000e\000a\000v\000e\000s}{chapter.4}% 86
\BOOKMARK [2][-]{subsection.4.12.1}{\376\377\000Q\000u\000a\000s\000i\000-\000C\000o\000h\000e\000r\000e\000n\000t\000\040\000S\000h\000e\000a\000v\000e\000s\000\040\000a\000n\000d\000\040\000A\000m\000p\000l\000e\000\040\000I\000n\000v\000e\000r\000t\000i\000b\000l\000e\000\040\000S\000h\000e\000a\000v\000e\000s}{section.4.12}% 87
\BOOKMARK [1][-]{section.4.13}{\376\377\000A\000p\000p\000e\000n\000d\000i\000x\000:\000\040\000H\000o\000w\000\040\000t\000o\000\040\000f\000i\000n\000d\000\040\000S\000u\000i\000t\000a\000b\000l\000e\000\040\000A\000f\000f\000i\000n\000e\000\040\000O\000p\000e\000n\000s}{chapter.4}% 88
\BOOKMARK [0][-]{chapter.5}{\376\377\000M\000o\000r\000p\000h\000s\000i\000s\000m\000\040\000o\000f\000\040\000S\000c\000h\000e\000m\000e\000s}{}% 89
\BOOKMARK [1][-]{section.5.1}{\376\377\000C\000l\000a\000s\000s\000i\000f\000i\000c\000a\000t\000i\000o\000n\000\040\000o\000f\000\040\000P\000r\000o\000p\000e\000r\000t\000i\000e\000s}{chapter.5}% 90
\BOOKMARK [2][-]{subsection.5.1.1}{\376\377\000P\000r\000o\000p\000e\000r\000t\000i\000e\000s\000\040\000o\000f\000\040\000M\000o\000r\000p\000h\000i\000s\000m\000s}{section.5.1}% 91
\BOOKMARK [2][-]{subsection.5.1.2}{\376\377\000T\000o\000p\000o\000l\000o\000g\000i\000c\000a\000l\000\040\000P\000r\000o\000p\000e\000r\000t\000i\000e\000s}{section.5.1}% 92
\BOOKMARK [2][-]{subsection.5.1.3}{\376\377\000S\000c\000h\000e\000m\000e\000-\000T\000h\000e\000o\000r\000e\000t\000i\000c\000\040\000P\000r\000o\000p\000e\000r\000t\000i\000e\000s}{section.5.1}% 93
\BOOKMARK [1][-]{section.5.2}{\376\377\000V\000a\000l\000u\000a\000t\000i\000v\000e\000\040\000C\000r\000i\000t\000e\000r\000i\000a}{chapter.5}% 94
\BOOKMARK [1][-]{section.5.3}{\376\377\000Q\000u\000a\000s\000i\000-\000C\000o\000m\000p\000a\000c\000t\000\040\000M\000o\000r\000p\000h\000i\000s\000m}{chapter.5}% 95
\BOOKMARK [1][-]{section.5.4}{\376\377\000U\000n\000i\000v\000e\000r\000s\000a\000l\000\040\000C\000l\000o\000s\000e\000d\000n\000e\000s\000s}{chapter.5}% 96
\BOOKMARK [2][-]{subsection.5.4.1}{\376\377\000V\000a\000l\000u\000a\000t\000i\000v\000e\000\040\000C\000r\000i\000t\000e\000r\000i\000o\000n}{section.5.4}% 97
\BOOKMARK [1][-]{section.5.5}{\376\377\000I\000m\000m\000e\000r\000s\000i\000o\000n}{chapter.5}% 98
\BOOKMARK [2][-]{subsection.5.5.1}{\376\377\000O\000p\000e\000n\000\040\000I\000m\000m\000e\000r\000s\000i\000o\000n}{section.5.5}% 99
\BOOKMARK [2][-]{subsection.5.5.2}{\376\377\000C\000l\000o\000s\000e\000d\000\040\000I\000m\000m\000e\000r\000s\000i\000o\000n}{section.5.5}% 100
\BOOKMARK [2][-]{subsection.5.5.3}{\376\377\000C\000l\000o\000s\000e\000d\000\040\000I\000m\000m\000e\000r\000s\000i\000o\000n\000s\000\040\000a\000n\000d\000\040\000Q\000u\000a\000s\000i\000-\000C\000o\000h\000e\000r\000e\000n\000t\000\040\000S\000h\000e\000a\000a\000v\000e\000s}{section.5.5}% 101
\BOOKMARK [2][-]{subsection.5.5.4}{\376\377\000S\000u\000p\000p\000o\000r\000t}{section.5.5}% 102
\BOOKMARK [1][-]{section.5.6}{\376\377\000S\000c\000h\000e\000m\000e\000\040\000T\000h\000e\000o\000r\000e\000t\000i\000c\000\040\000I\000m\000a\000g\000e}{chapter.5}% 103
\BOOKMARK [1][-]{section.5.7}{\376\377\000S\000c\000h\000e\000m\000e\000\040\000T\000h\000e\000o\000r\000e\000t\000i\000c\000\040\000C\000l\000o\000s\000u\000r\000e\000\040\000a\000n\000d\000\040\000D\000e\000n\000s\000i\000t\000y}{chapter.5}% 104
\BOOKMARK [1][-]{section.5.8}{\376\377\000Q\000u\000a\000s\000i\000-\000C\000o\000m\000p\000a\000c\000t\000\040\000M\000o\000r\000p\000h\000i\000s\000m\000s}{chapter.5}% 105
\BOOKMARK [1][-]{section.5.9}{\376\377\000M\000o\000n\000o\000m\000o\000r\000p\000h\000i\000s\000m\000s}{chapter.5}% 106
\BOOKMARK [1][-]{section.5.10}{\376\377\000S\000u\000r\000j\000e\000c\000t\000i\000v\000e\000\040\000M\000o\000r\000p\000h\000i\000s\000m\000s}{chapter.5}% 107
\BOOKMARK [2][-]{subsection.5.10.1}{\376\377\000P\000r\000o\000p\000e\000r\000t\000i\000e\000s}{section.5.10}% 108
\BOOKMARK [1][-]{section.5.11}{\376\377\000R\000a\000d\000i\000c\000i\000a\000l\000\040\000a\000n\000d\000\040\000U\000n\000i\000v\000e\000r\000s\000a\000l\000l\000y\000\040\000I\000n\000j\000e\000c\000t\000i\000v\000e\000\040\000M\000o\000r\000p\000h\000i\000s\000m\000s}{chapter.5}% 109
\BOOKMARK [1][-]{section.5.12}{\376\377\000D\000o\000m\000i\000n\000a\000n\000t\000\040\000M\000o\000r\000p\000h\000i\000s\000m\000s}{chapter.5}% 110
\BOOKMARK [2][-]{subsection.5.12.1}{\376\377\000I\000r\000r\000e\000d\000u\000c\000i\000b\000l\000e\000\040\000C\000o\000m\000p\000o\000n\000e\000n\000t}{section.5.12}% 111
\BOOKMARK [2][-]{subsection.5.12.2}{\376\377\000B\000a\000s\000e\000\040\000C\000h\000a\000n\000g\000e}{section.5.12}% 112
\BOOKMARK [1][-]{section.5.13}{\376\377\000A\000f\000f\000i\000n\000e\000\040\000M\000o\000r\000p\000h\000i\000s\000m\000s}{chapter.5}% 113
\BOOKMARK [2][-]{subsection.5.13.1}{\376\377\000R\000e\000l\000a\000t\000i\000v\000e\000\040\000S\000p\000e\000c\000t\000r\000u\000m}{section.5.13}% 114
\BOOKMARK [1][-]{section.5.14}{\376\377\000F\000a\000m\000i\000l\000e\000s\000\040\000o\000f\000\040\000A\000m\000p\000l\000e\000\040\000I\000n\000v\000e\000r\000t\000i\000b\000l\000e\000\040\000M\000o\000d\000u\000l\000e\000s}{chapter.5}% 115
\BOOKMARK [1][-]{section.5.15}{\376\377\000M\000o\000r\000p\000h\000i\000s\000m\000s\000\040\000o\000f\000\040\000F\000i\000n\000i\000t\000e\000\040\000T\000y\000p\000e}{chapter.5}% 116
\BOOKMARK [1][-]{section.5.16}{\376\377\000D\000i\000m\000e\000n\000s\000i\000o\000n}{chapter.5}% 117
\BOOKMARK [2][-]{subsection.5.16.1}{\376\377\000M\000o\000r\000p\000h\000i\000s\000m\000s\000\040\000a\000n\000d\000\040\000D\000i\000m\000e\000n\000s\000i\000o\000n\000\040\000o\000f\000\040\000F\000i\000b\000r\000e\000s}{section.5.16}% 118
\BOOKMARK [2][-]{subsection.5.16.2}{\376\377\000M\000o\000r\000p\000h\000i\000s\000m\000s\000\040\000o\000f\000\040\000G\000i\000v\000e\000n\000\040\000R\000e\000l\000a\000t\000i\000v\000e\000\040\000D\000i\000m\000e\000n\000s\000i\000o\000n}{section.5.16}% 119
\BOOKMARK [1][-]{section.5.17}{\376\377\000A\000m\000p\000l\000e}{chapter.5}% 120
\BOOKMARK [2][-]{subsection.5.17.1}{\376\377\000R\000e\000l\000a\000t\000i\000v\000e\000l\000y\000\040\000A\000m\000p\000l\000e\000\040\000S\000h\000e\000a\000v\000e\000s}{section.5.17}% 121
\BOOKMARK [2][-]{subsection.5.17.2}{\376\377\000V\000e\000r\000y\000\040\000A\000m\000p\000l\000e\000\040\000S\000h\000e\000a\000v\000e\000s}{section.5.17}% 122
\BOOKMARK [2][-]{subsection.5.17.3}{\376\377\000A\000m\000p\000l\000e\000\040\000a\000n\000d\000\040\000V\000e\000r\000y\000\040\000A\000m\000p\000l\000e\000\040\000S\000h\000e\000a\000v\000e\000s\000\040\000R\000e\000l\000a\000t\000i\000v\000e\000\040\000t\000o\000\040\000F\000i\000n\000i\000t\000e\000\040\000T\000y\000p\000e\000\040\000M\000o\000r\000p\000h\000i\000s\000m\000s}{section.5.17}% 123
\BOOKMARK [1][-]{section.5.18}{\376\377\000P\000r\000o\000p\000e\000r\000\040\000M\000o\000r\000p\000h\000i\000s\000m\000s}{chapter.5}% 124
\BOOKMARK [1][-]{section.5.19}{\376\377\000V\000a\000l\000u\000a\000t\000i\000v\000e\000\040\000C\000r\000i\000t\000e\000r\000i\000a}{chapter.5}% 125
\BOOKMARK [1][-]{section.5.20}{\376\377\000P\000r\000o\000j\000e\000c\000t\000i\000v\000e\000\040\000M\000o\000r\000p\000h\000i\000s\000m\000s}{chapter.5}% 126
\BOOKMARK [1][-]{section.5.21}{\376\377\000I\000n\000t\000e\000g\000r\000a\000l\000\040\000a\000n\000d\000\040\000F\000i\000n\000i\000t\000e\000\040\000M\000o\000r\000p\000h\000i\000s\000m\000s}{chapter.5}% 127
\BOOKMARK [1][-]{section.5.22}{\376\377\000U\000n\000i\000v\000e\000r\000s\000a\000l\000\040\000H\000o\000m\000e\000o\000m\000o\000r\000p\000h\000i\000s\000m}{chapter.5}% 128
\BOOKMARK [2][-]{subsection.5.22.1}{\376\377\000D\000e\000f\000i\000n\000i\000t\000i\000o\000n\000s}{section.5.22}% 129
\BOOKMARK [2][-]{subsection.5.22.2}{\376\377\000U\000n\000i\000v\000e\000r\000s\000a\000l\000\040\000H\000o\000m\000e\000o\000m\000o\000r\000p\000h\000i\000s\000m\000s\000\040\000o\000f\000\040\000A\000f\000f\000i\000n\000e\000\040\000S\000c\000h\000e\000m\000e\000s}{section.5.22}% 130
\BOOKMARK [1][-]{section.5.23}{\376\377\000N\000o\000r\000m\000a\000l\000i\000z\000a\000t\000i\000o\000n}{chapter.5}% 131
\BOOKMARK [2][-]{subsection.5.23.1}{\376\377\000A\000b\000s\000o\000l\000u\000t\000e\000\040\000W\000e\000a\000k\000\040\000N\000o\000r\000m\000a\000l\000i\000z\000a\000t\000i\000o\000n\000\040\000a\000n\000d\000\040\000S\000e\000m\000i\000n\000o\000r\000m\000a\000l\000i\000z\000a\000t\000i\000o\000n}{section.5.23}% 132
\BOOKMARK [2][-]{subsection.5.23.2}{\376\377\000R\000e\000l\000a\000t\000i\000v\000e\000\040\000N\000o\000r\000m\000a\000l\000i\000z\000a\000t\000i\000o\000n}{section.5.23}% 133
\BOOKMARK [2][-]{subsection.5.23.3}{\376\377\000N\000o\000r\000m\000a\000l\000i\000z\000a\000t\000i\000o\000n}{section.5.23}% 134
\BOOKMARK [2][-]{subsection.5.23.4}{\376\377\000W\000e\000a\000k\000\040\000N\000o\000r\000m\000a\000l\000i\000z\000a\000t\000i\000o\000n}{section.5.23}% 135
\BOOKMARK [2][-]{subsection.5.23.5}{\376\377\000W\000e\000a\000k\000\040\000R\000e\000l\000a\000t\000i\000v\000e\000\040\000N\000o\000e\000t\000h\000e\000r\000\040\000N\000o\000r\000m\000a\000l\000i\000z\000a\000t\000i\000o\000n}{section.5.23}% 136
\BOOKMARK [1][-]{section.5.24}{\376\377\000F\000i\000n\000i\000t\000e\000\040\000L\000o\000c\000a\000l\000l\000y\000\040\000F\000r\000e\000e\000\040\000M\000o\000r\000p\000h\000i\000s\000m\000s}{chapter.5}% 137
\BOOKMARK [1][-]{section.5.25}{\376\377\000R\000a\000t\000i\000o\000n\000a\000l\000\040\000M\000a\000p\000s}{chapter.5}% 138
\BOOKMARK [2][-]{subsection.5.25.1}{\376\377\000D\000e\000f\000i\000n\000i\000t\000i\000o\000n\000s}{section.5.25}% 139
\BOOKMARK [2][-]{subsection.5.25.2}{\376\377\000B\000i\000r\000a\000t\000i\000o\000n\000a\000l\000\040\000M\000o\000r\000p\000h\000i\000s\000m\000s}{section.5.25}% 140
\BOOKMARK [2][-]{subsection.5.25.3}{\376\377\000Z\000a\000r\000i\000s\000k\000i\000'\000s\000\040\000M\000a\000i\000n\000\040\000T\000h\000e\000o\000r\000e\000m}{section.5.25}% 141
\BOOKMARK [1][-]{section.5.26}{\376\377\000U\000n\000i\000v\000e\000r\000s\000a\000l\000l\000y\000\040\000B\000o\000u\000n\000d\000e\000d\000\040\000F\000i\000b\000r\000e\000s}{chapter.5}% 142
\BOOKMARK [1][-]{section.5.27}{\376\377\000S\000e\000c\000t\000i\000o\000n\000s\000\040\000o\000f\000\040\000Q\000u\000a\000s\000i\000-\000C\000o\000h\000e\000r\000e\000n\000t\000\040\000S\000h\000e\000a\000v\000e\000s}{chapter.5}% 143
\BOOKMARK [1][-]{section.5.28}{\376\377\000T\000h\000i\000c\000k\000e\000n\000i\000n\000g\000s}{chapter.5}% 144
\BOOKMARK [2][-]{subsection.5.28.1}{\376\377\000D\000e\000f\000i\000n\000i\000t\000i\000o\000n\000s}{section.5.28}% 145
\BOOKMARK [2][-]{subsection.5.28.2}{\376\377\000M\000o\000r\000p\000h\000i\000s\000m\000s}{section.5.28}% 146
\BOOKMARK [2][-]{subsection.5.28.3}{\376\377\000P\000i\000c\000a\000r\000d\000\040\000G\000r\000o\000u\000p\000s\000\040\000o\000f\000\040\000T\000h\000i\000n\000k\000e\000n\000i\000n\000g\000s}{section.5.28}% 147
\BOOKMARK [2][-]{subsection.5.28.4}{\376\377\000U\000n\000i\000v\000e\000r\000s\000a\000l\000\040\000F\000i\000r\000s\000t\000\040\000O\000r\000d\000e\000r\000\040\000T\000h\000i\000c\000k\000e\000n\000i\000n\000g\000s}{section.5.28}% 148
\BOOKMARK [1][-]{section.5.29}{\376\377\000U\000n\000r\000a\000m\000i\000f\000i\000e\000d\000\040\000M\000o\000r\000p\000h\000i\000s\000m\000s}{chapter.5}% 149
\BOOKMARK [2][-]{subsection.5.29.1}{\376\377\000D\000e\000f\000i\000n\000i\000t\000i\000o\000n\000s}{section.5.29}% 150
\BOOKMARK [2][-]{subsection.5.29.2}{\376\377\000F\000o\000r\000m\000a\000l\000l\000y\000\040\000U\000n\000r\000a\000m\000i\000f\000i\000e\000d\000\040\000M\000o\000r\000p\000h\000i\000s\000m\000s}{section.5.29}% 151
\BOOKMARK [1][-]{section.5.30}{\376\377\000E\000t\000a\000l\000e\000\040\000M\000o\000r\000p\000h\000i\000s\000m\000s}{chapter.5}% 152
\BOOKMARK [2][-]{subsection.5.30.1}{\376\377\000t\000i\000t\000l\000e}{section.5.30}% 153
\BOOKMARK [2][-]{subsection.5.30.2}{\376\377\000F\000o\000r\000m\000a\000l\000l\000y\000\040\000E\000t\000a\000l\000e\000\040\000M\000o\000r\000p\000h\000i\000s\000m\000s}{section.5.30}% 154
\BOOKMARK [1][-]{section.5.31}{\376\377\000S\000m\000o\000o\000t\000h\000\040\000M\000o\000r\000p\000h\000i\000s\000m\000s}{chapter.5}% 155
\BOOKMARK [2][-]{subsection.5.31.1}{\376\377\000t\000i\000t\000l\000e}{section.5.31}% 156
\BOOKMARK [2][-]{subsection.5.31.2}{\376\377\000F\000o\000r\000m\000a\000l\000l\000y\000\040\000S\000m\000o\000o\000t\000h\000\040\000M\000o\000r\000p\000h\000i\000s\000m\000s}{section.5.31}% 157
\BOOKMARK [2][-]{subsection.5.31.3}{\376\377\000S\000m\000o\000o\000t\000h\000n\000e\000s\000s\000\040\000o\000v\000e\000r\000\040\000a\000\040\000N\000o\000e\000t\000h\000e\000r\000i\000a\000n\000\040\000B\000a\000s\000e}{section.5.31}% 158
\BOOKMARK [1][-]{section.5.32}{\376\377\000T\000h\000e\000\040}{chapter.5}% 159
\BOOKMARK [0][-]{chapter.6}{\376\377\000C\000l\000a\000s\000s\000i\000f\000i\000c\000a\000t\000i\000o\000n\000\040\000o\000f\000\040\000S\000c\000h\000e\000m\000e\000s}{}% 160
\BOOKMARK [0][-]{chapter.7}{\376\377\000D\000i\000v\000i\000s\000o\000r\000s}{}% 161
\BOOKMARK [1][-]{section.7.1}{\376\377\000A\000s\000s\000o\000c\000i\000a\000t\000e\000d\000\040\000P\000o\000i\000n\000t\000s}{chapter.7}% 162
\BOOKMARK [2][-]{subsection.7.1.1}{\376\377\000W\000e\000a\000k\000l\000y\000\040\000A\000s\000s\000o\000c\000i\000a\000t\000e\000d\000\040\000P\000o\000i\000n\000t\000s}{section.7.1}% 163
\BOOKMARK [2][-]{subsection.7.1.2}{\376\377\000M\000o\000r\000p\000h\000i\000s\000m\000s\000\040\000a\000n\000d\000\040\000W\000e\000a\000k\000l\000y\000\040\000A\000s\000s\000o\000c\000i\000a\000t\000e\000d\000\040\000P\000o\000i\000n\000t\000s}{section.7.1}% 164
\BOOKMARK [2][-]{subsection.7.1.3}{\376\377\000S\000u\000p\000p\000o\000r\000t}{section.7.1}% 165
\BOOKMARK [2][-]{subsection.7.1.4}{\376\377\000M\000o\000r\000p\000h\000i\000s\000m\000s\000\040\000a\000n\000d\000\040\000A\000s\000s\000o\000c\000i\000a\000t\000e\000d\000\040\000P\000o\000i\000n\000t\000s}{section.7.1}% 166
\BOOKMARK [2][-]{subsection.7.1.5}{\376\377\000E\000m\000b\000e\000d\000d\000e\000d\000\040\000P\000o\000i\000n\000t\000s}{section.7.1}% 167
\BOOKMARK [1][-]{section.7.2}{\376\377\000A\000s\000s\000a\000s\000s\000i\000n}{chapter.7}% 168
\BOOKMARK [2][-]{subsection.7.2.1}{\376\377\000R\000e\000l\000a\000t\000i\000v\000e\000\040\000A\000s\000s\000a\000s\000s\000i\000n}{section.7.2}% 169
\BOOKMARK [2][-]{subsection.7.2.2}{\376\377\000R\000e\000l\000a\000t\000i\000v\000e\000\040\000W\000e\000a\000k\000\040\000A\000s\000s\000a\000s\000s\000i\000n}{section.7.2}% 170
\BOOKMARK [1][-]{section.7.3}{\376\377\000F\000i\000t\000t\000i\000n\000g\000\040\000I\000d\000e\000a\000l\000s}{chapter.7}% 171
\BOOKMARK [1][-]{section.7.4}{\376\377\000E\000f\000f\000e\000c\000t\000i\000v\000e\000\040\000C\000a\000r\000t\000i\000e\000r\000\040\000D\000i\000v\000i\000s\000o\000r\000s}{chapter.7}% 172
\BOOKMARK [2][-]{subsection.7.4.1}{\376\377\000D\000e\000f\000i\000n\000i\000t\000i\000o\000n\000s}{section.7.4}% 173
\BOOKMARK [2][-]{subsection.7.4.2}{\376\377\000E\000f\000f\000e\000c\000t\000i\000v\000e\000\040\000C\000a\000r\000t\000i\000e\000r\000\040\000D\000i\000v\000i\000s\000o\000r\000s\000\040\000a\000n\000d\000\040}{section.7.4}% 174
\BOOKMARK [1][-]{section.7.5}{\376\377\000N\000o\000r\000m}{chapter.7}% 175
\BOOKMARK [1][-]{section.7.6}{\376\377\000W\000e\000i\000l\000\040\000D\000i\000v\000i\000s\000o\000r\000s}{chapter.7}% 176
\BOOKMARK [0][-]{chapter.8}{\376\377\000V\000a\000r\000i\000t\000i\000e\000s}{}% 177
\BOOKMARK [1][-]{section.8.1}{\376\377\000D\000e\000f\000i\000n\000i\000t\000i\000o\000n\000s}{chapter.8}% 178
\BOOKMARK [2][-]{subsection.8.1.1}{\376\377\000V\000a\000r\000i\000e\000t\000i\000e\000s\000\040\000a\000n\000d\000\040\000R\000a\000t\000i\000o\000n\000a\000l\000\040\000M\000a\000p\000s}{section.8.1}% 179
\BOOKMARK [1][-]{section.8.2}{\376\377\000B\000a\000s\000e\000\040\000F\000i\000e\000l\000d\000\040\000C\000h\000a\000n\000g\000e\000s}{chapter.8}% 180
\BOOKMARK [0][-]{chapter.9}{\376\377\000T\000o\000p\000o\000l\000o\000g\000y\000\040\000o\000f\000\040\000S\000c\000h\000e\000m\000e\000s}{}% 181
\BOOKMARK [0][-]{chapter.10}{\376\377\000L\000i\000m\000i\000t\000s\000\040\000o\000f\000\040\000S\000c\000h\000e\000m\000e\000s}{}% 182
\BOOKMARK [0][-]{chapter.11}{\376\377\000C\000h\000o\000w\000\040\000H\000o\000m\000o\000l\000o\000g\000y\000\040\000a\000n\000d\000\040\000C\000h\000e\000r\000n\000\040\000C\000l\000a\000s\000s\000e\000s}{}% 183
\BOOKMARK [0][-]{chapter.12}{\376\377\000I\000n\000t\000e\000r\000s\000e\000c\000t\000i\000o\000n\000\040\000T\000h\000e\000o\000r\000y}{}% 184
\BOOKMARK [1][-]{section.12.1}{\376\377\000C\000y\000c\000l\000e\000s}{chapter.12}% 185
\BOOKMARK [2][-]{subsection.12.1.1}{\376\377\000D\000e\000f\000i\000n\000i\000t\000i\000o\000n\000s}{section.12.1}% 186
\BOOKMARK [0][-]{chapter.13}{\376\377\000t\000i\000t\000l\000e}{}% 187
