\BOOKMARK [0][-]{chapter.1}{\376\377\000F\000u\000n\000d\000a\000m\000e\000n\000t\000a\000l\000s}{}% 1
\BOOKMARK [1][-]{subsection.1.0.1}{\376\377\000P\000r\000o\000g\000r\000a\000m\000s}{chapter.1}% 2
\BOOKMARK [1][-]{section.1.1}{\376\377\000L\000o\000g\000i\000c}{chapter.1}% 3
\BOOKMARK [2][-]{subsection.1.1.1}{\376\377\000I\000f\000-\000E\000l\000s\000e}{section.1.1}% 4
\BOOKMARK [1][-]{section.1.2}{\376\377\000S\000e\000t}{chapter.1}% 5
\BOOKMARK [1][-]{section.1.3}{\376\377\000B\000i\000t\000\040\000O\000p\000e\000r\000a\000t\000i\000o\000n\000s}{chapter.1}% 6
\BOOKMARK [2][-]{subsection.1.3.1}{\376\377\000L\000o\000g\000i\000c\000\040\000O\000p\000e\000r\000a\000t\000i\000o\000n\000s\000\050\000f\000o\000r\000\040\000w\000o\000r\000d\000s\000\051}{section.1.3}% 7
\BOOKMARK [2][-]{subsection.1.3.2}{\376\377\000F\000u\000n\000c\000t\000i\000o\000n\000s}{section.1.3}% 8
\BOOKMARK [1][-]{section.1.4}{\376\377\000N\000a\000t\000u\000r\000a\000l\000\040\000N\000u\000m\000b\000e\000r\000s}{chapter.1}% 9
\BOOKMARK [2][-]{subsection.1.4.1}{\376\377\000C\000o\000n\000s\000t\000r\000u\000c\000t\000i\000o\000n\000\040\000o\000f\000\040\000N\000a\000t\000u\000r\000a\000l\000\040\000N\000u\000m\000b\000e\000r}{section.1.4}% 10
\BOOKMARK [2][-]{subsection.1.4.2}{\376\377\000O\000r\000d\000e\000r\000\040\000R\000e\000l\000a\000t\000i\000o\000n}{section.1.4}% 11
\BOOKMARK [1][-]{section.1.5}{\376\377\000I\000n\000t\000e\000g\000e\000r\000s\000\040\000o\000f\000\040\000F\000i\000x\000e\000d\000\040\000B\000y\000t\000e}{chapter.1}% 12
\BOOKMARK [2][-]{subsection.1.5.1}{\376\377\000b\000-\000a\000d\000i\000c\000\040\000r\000e\000p\000r\000e\000s\000e\000n\000t\000a\000t\000i\000o\000n}{section.1.5}% 13
\BOOKMARK [2][-]{subsection.1.5.2}{\376\377\000A\000d\000d\000i\000t\000i\000o\000n\000s}{section.1.5}% 14
\BOOKMARK [2][-]{subsection.1.5.3}{\376\377\000M\000o\000d\000i\000f\000i\000c\000a\000t\000i\000o\000n\000s}{section.1.5}% 15
\BOOKMARK [2][-]{subsection.1.5.4}{\376\377\000T\000y\000p\000e\000s\000\040\000i\000n\000\040\000C}{section.1.5}% 16
\BOOKMARK [1][-]{section.1.6}{\376\377\000T\000h\000e\000\040\000N\000a\000t\000u\000r\000a\000l\000\040\000N\000u\000m\000b\000e\000r\000s}{chapter.1}% 17
\BOOKMARK [1][-]{section.1.7}{\376\377\000C\000o\000m\000p\000l\000e\000x\000i\000v\000i\000t\000y}{chapter.1}% 18
\BOOKMARK [2][-]{subsection.1.7.1}{\376\377\000L\000a\000n\000d\000a\000u\000-\000S\000y\000m\000b\000o\000l\000s}{section.1.7}% 19
\BOOKMARK [2][-]{subsection.1.7.2}{\376\377\000C\000\040\000o\000f\000\040\000A\000l\000g\000o\000r\000i\000t\000h\000m\000s}{section.1.7}% 20
\BOOKMARK [1][-]{section.1.8}{\376\377\000E\000r\000r\000o\000r\000\040\000A\000n\000a\000l\000y\000s\000i\000s}{chapter.1}% 21
\BOOKMARK [0][-]{chapter.2}{\376\377\000S\000o\000l\000u\000t\000i\000o\000n\000\040\000o\000f\000\040\000L\000i\000n\000e\000a\000r\000\040\000S\000y\000s\000t\000e\000m\000\040\000o\000f\000\040\000E\000q\000u\000a\000t\000i\000o\000n\000s}{}% 22
\BOOKMARK [1][-]{section.2.1}{\376\377\000M\000a\000t\000r\000i\000c\000e\000s\000,\000\040\000V\000e\000c\000t\000o\000r\000s\000\040\000a\000n\000d\000\040\000t\000h\000e\000i\000r\000\040\000I\000m\000p\000l\000e\000m\000e\000n\000t\000a\000t\000i\000o\000n}{chapter.2}% 23
\BOOKMARK [1][-]{section.2.2}{\376\377\000G\000a\000u\000s\000s\000\040\000A\000l\000g\000o\000r\000i\000t\000h\000m\000,\000\040\000a\000n\000d\000\040\000L\000R\000-\000D\000e\000c\000o\000m\000p\000o\000s\000i\000t\000i\000o\000n}{chapter.2}% 24
\BOOKMARK [2][-]{subsection.2.2.1}{\376\377\000G\000a\000u\000s\000s\000\040\000A\000l\000g\000o\000r\000i\000t\000h\000m\000s}{section.2.2}% 25
\BOOKMARK [2][-]{subsection.2.2.2}{\376\377\000L\000R\000-\000D\000e\000c\000o\000m\000p\000o\000s\000i\000t\000i\000o\000n}{section.2.2}% 26
\BOOKMARK [2][-]{subsection.2.2.3}{\376\377\000P\000i\000v\000o\000t\000e\000l\000e\000m\000e\000n\000t}{section.2.2}% 27
\BOOKMARK [1][-]{section.2.3}{\376\377\000C\000h\000o\000l\000e\000s\000k\000y\000-\000D\000e\000c\000o\000m\000p\000o\000s\000i\000t\000i\000o\000n}{chapter.2}% 28
\BOOKMARK [0][-]{chapter.3}{\376\377\000S\000o\000r\000t\000i\000n\000g\000\040\000A\000l\000g\000o\000r\000t\000h\000i\000m\000s}{}% 29
\BOOKMARK [1][-]{section.3.1}{\376\377\000D\000e\000f\000i\000n\000i\000t\000i\000o\000n\000s}{chapter.3}% 30
\BOOKMARK [1][-]{section.3.2}{\376\377\000B\000u\000m\000b\000l\000e\000\040\000S\000o\000r\000t}{chapter.3}% 31
\BOOKMARK [2][-]{subsection.3.2.1}{\376\377\000T\000i\000m\000e\000\040\000C\000o\000m\000p\000l\000e\000x\000i\000t\000y}{section.3.2}% 32
\BOOKMARK [1][-]{section.3.3}{\376\377\000M\000e\000r\000g\000e\000s\000o\000r\000t}{chapter.3}% 33
\BOOKMARK [2][-]{subsection.3.3.1}{\376\377\000T\000i\000m\000e\000\040\000C\000o\000m\000p\000l\000e\000x\000i\000t\000y}{section.3.3}% 34
\BOOKMARK [1][-]{section.3.4}{\376\377\000Q\000u\000i\000c\000k\000s\000o\000r\000t}{chapter.3}% 35
\BOOKMARK [2][-]{subsection.3.4.1}{\376\377\000T\000i\000m\000e\000\040\000c\000o\000m\000p\000l\000e\000x\000i\000t\000y}{section.3.4}% 36
\BOOKMARK [1][-]{section.3.5}{\376\377\000H\000e\000a\000p\000s\000o\000r\000t}{chapter.3}% 37
\BOOKMARK [2][-]{subsection.3.5.1}{\376\377\000B\000i\000n\000a\000n\000r\000y\000\040\000T\000r\000e\000e\000,\000A\000r\000b\000o\000r\000e\000s\000c\000e\000n\000c\000e\000,\000H\000e\000a\000p}{section.3.5}% 38
\BOOKMARK [0][-]{chapter.4}{\376\377\000G\000r\000a\000p\000h\000\040\000A\000l\000g\000o\000r\000i\000t\000h\000m\000s}{}% 39
\BOOKMARK [0][-]{chapter.5}{\376\377\000S\000t\000r\000u\000c\000t\000u\000r\000e\000\040\000o\000f\000\040\000D\000a\000t\000a}{}% 40
\BOOKMARK [1][-]{section.5.1}{\376\377\000E\000l\000e\000m\000e\000n\000t\000a\000r\000y\000\040\000D\000a\000t\000a\000\040\000S\000t\000r\000u\000c\000t\000u\000r\000e\000s}{chapter.5}% 41
\BOOKMARK [2][-]{subsection.5.1.1}{\376\377\000S\000t\000a\000c\000k\000s\000\040\000a\000n\000d\000\040\000Q\000u\000e\000u\000e\000s}{section.5.1}% 42
\BOOKMARK [2][-]{subsection.5.1.2}{\376\377\000L\000i\000n\000k\000e\000d\000\040\000L\000i\000s\000t\000s}{section.5.1}% 43
\BOOKMARK [2][-]{subsection.5.1.3}{\376\377\000I\000m\000p\000l\000e\000m\000e\000n\000t\000i\000n\000g\000\040\000p\000o\000i\000n\000t\000e\000r\000s\000\040\000a\000n\000d\000\040\000o\000b\000j\000e\000c\000t\000s}{section.5.1}% 44
\BOOKMARK [2][-]{subsection.5.1.4}{\376\377\000R\000e\000p\000r\000e\000s\000e\000n\000t\000i\000n\000g\000\040\000R\000o\000o\000t\000\040\000T\000r\000e\000e\000s}{section.5.1}% 45
\BOOKMARK [1][-]{section.5.2}{\376\377\000H\000a\000s\000h\000-\000T\000a\000b\000l\000e}{chapter.5}% 46
\BOOKMARK [1][-]{section.5.3}{\376\377\000B\000i\000n\000a\000r\000y\000\040\000S\000e\000a\000r\000c\000h\000\040\000T\000r\000e\000e\000s}{chapter.5}% 47
\BOOKMARK [1][-]{section.5.4}{\376\377\000R\000e\000d\000-\000B\000l\000a\000c\000k\000\040\000T\000r\000e\000e\000s}{chapter.5}% 48
\BOOKMARK [1][-]{section.5.5}{\376\377\000A\000u\000g\000m\000e\000n\000t\000i\000n\000g\000\040\000D\000a\000t\000a\000\040\000S\000t\000r\000u\000c\000t\000u\000r\000e\000s}{chapter.5}% 49
\BOOKMARK [1][-]{section.5.6}{\376\377\000B\000-\000T\000r\000e\000e\000s}{chapter.5}% 50
\BOOKMARK [1][-]{section.5.7}{\376\377\000B\000i\000n\000o\000m\000i\000a\000l\000\040\000H\000e\000a\000p\000s}{chapter.5}% 51
\BOOKMARK [1][-]{section.5.8}{\376\377\000F\000i\000b\000o\000n\000a\000c\000c\000i\000\040\000H\000e\000a\000p\000s}{chapter.5}% 52
\BOOKMARK [1][-]{section.5.9}{\376\377\000D\000a\000t\000a\000\040\000S\000t\000r\000u\000c\000t\000u\000r\000e\000s\000\040\000f\000o\000r\000\040\000D\000i\000s\000j\000o\000i\000n\000t\000e\000d\000\040\000S\000e\000t\000s}{chapter.5}% 53
