\BOOKMARK [0][-]{chapter.1}{\376\377\000M\000e\000a\000s\000u\000r\000e}{}% 1
\BOOKMARK [1][-]{section.1.1}{\376\377\000C\000o\000n\000s\000t\000r\000u\000c\000t\000i\000o\000n\000\040\000a\000n\000d\000\040\000E\000x\000t\000e\000n\000s\000i\000o\000n\000s\000\040\000o\000f\000\040\000M\000e\000a\000s\000u\000r\000e\000s}{chapter.1}% 2
\BOOKMARK [2][-]{subsection.1.1.1}{\376\377\000A\000l\000g\000e\000b\000r\000a\000s\000,\000\040\000S\000e\000m\000i\000-\000A\000l\000g\000e\000b\000r\000a\000s}{section.1.1}% 3
\BOOKMARK [2][-]{subsection.1.1.2}{\376\377\000M\000e\000a\000s\000u\000r\000e}{section.1.1}% 4
\BOOKMARK [2][-]{subsection.1.1.3}{\376\377\000L\000e\000s\000b\000e\000g\000u\000e\000\040\000M\000e\000a\000s\000u\000r\000e}{section.1.1}% 5
\BOOKMARK [2][-]{subsection.1.1.4}{\376\377\000M\000o\000n\000o\000t\000o\000n\000e\000\040\000a\000n\000d\000\040\000-\000a\000d\000d\000i\000t\000i\000v\000e\000\040\000c\000l\000a\000s\000s\000e\000s\000\040\000o\000f\000\040\000s\000e\000t\000s}{section.1.1}% 6
\BOOKMARK [0][-]{chapter.2}{\376\377\000T\000h\000e\000\040\000L\000e\000s\000b\000e\000g\000u\000e\000\040\000I\000n\000t\000e\000g\000r\000a\000l}{}% 7
\BOOKMARK [1][-]{section.2.1}{\376\377\000M\000e\000a\000s\000u\000r\000a\000b\000l\000e\000\040\000F\000u\000n\000c\000t\000i\000o\000n\000s}{chapter.2}% 8
\BOOKMARK [0][-]{chapter.3}{\376\377\000O\000p\000e\000r\000a\000t\000i\000o\000n\000s\000\040\000o\000n\000\040\000M\000e\000a\000s\000u\000r\000e\000s\000\040\000a\000n\000d\000\040\000F\000u\000n\000c\000t\000i\000o\000n\000s}{}% 9
\BOOKMARK [0][-]{chapter.4}{\376\377\000T\000h\000e\000\040\000S\000p\000a\000c\000e\000\040\000L\000p\000\040\000a\000n\000d\000\040\000S\000p\000a\000c\000e\000s\000\040\000o\000f\000\040\000M\000e\000a\000s\000u\000r\000e\000s}{}% 10
\BOOKMARK [1][-]{section.4.1}{\376\377\000S\000p\000a\000c\000e\000\040\000L\000p}{chapter.4}% 11
\BOOKMARK [2][-]{subsection.4.1.1}{\376\377\000A\000p\000p\000r\000o\000x\000i\000a\000m\000a\000t\000i\000o\000n\000\040\000o\000f\000\040\000L\000p\000.}{section.4.1}% 12
\BOOKMARK [2][-]{subsection.4.1.2}{\376\377\000T\000h\000e\000\040\000W\000e\000a\000k\000\040\000T\000o\000p\000o\000l\000o\000g\000y\000\040\000i\000n\000\040\000L\000p}{section.4.1}% 13
\BOOKMARK [1][-]{section.4.2}{\376\377\000T\000h\000e\000\040\000H\000i\000l\000b\000e\000r\000t\000\040\000S\000p\000a\000c\000e\000\040\000L\0002}{chapter.4}% 14
\BOOKMARK [1][-]{section.4.3}{\376\377\000U\000n\000i\000f\000o\000r\000m\000\040\000I\000n\000t\000e\000g\000r\000a\000b\000i\000l\000i\000t\000y}{chapter.4}% 15
\BOOKMARK [1][-]{section.4.4}{\376\377\000C\000o\000n\000v\000e\000r\000g\000e\000n\000c\000e\000\040\000o\000f\000\040\000M\000e\000a\000s\000u\000r\000e\000s}{chapter.4}% 16
\BOOKMARK [0][-]{chapter.5}{\376\377\000I\000n\000t\000e\000g\000r\000a\000l\000\040\000a\000n\000d\000\040\000D\000e\000r\000i\000v\000a\000t\000i\000v\000e}{}% 17
\BOOKMARK [1][-]{section.5.1}{\376\377\000D\000i\000f\000f\000e\000r\000e\000n\000t\000i\000a\000b\000i\000l\000i\000t\000y\000\040\000o\000f\000\040\000F\000u\000n\000c\000t\000i\000o\000n\000s\000\040\000o\000n\000\040\000t\000h\000e\000\040\000R\000e\000a\000l\000\040\000L\000i\000n\000e}{chapter.5}% 18
\BOOKMARK [0][-]{chapter.6}{\376\377\000B\000o\000r\000e\000l\000,\000B\000a\000i\000r\000e\000\040\000a\000n\000d\000\040\000S\000o\000u\000s\000l\000i\000n\000\040\000S\000e\000t\000s}{}% 19
\BOOKMARK [0][-]{chapter.7}{\376\377\000M\000e\000a\000s\000u\000r\000e\000s\000\040\000o\000n\000\040\000T\000o\000p\000o\000l\000o\000g\000i\000c\000a\000l\000\040\000S\000p\000a\000c\000e\000s}{}% 20
\BOOKMARK [1][-]{section.7.1}{\376\377\000M\000e\000a\000a\000s\000u\000r\000e\000s\000\040\000o\000n\000\040\000M\000a\000n\000i\000f\000o\000l\000d\000s}{chapter.7}% 21
\BOOKMARK [0][-]{chapter.8}{\376\377\000W\000e\000a\000k\000\040\000C\000o\000n\000v\000e\000r\000g\000e\000n\000c\000e\000\040\000o\000f\000\040\000M\000e\000a\000s\000u\000r\000e}{}% 22
\BOOKMARK [0][-]{chapter.9}{\376\377\000T\000r\000a\000n\000s\000f\000o\000r\000m\000a\000t\000i\000o\000n\000s\000\040\000o\000f\000\040\000M\000e\000a\000s\000u\000r\000e\000s\000,\000\040\000a\000n\000d\000\040\000I\000s\000o\000m\000o\000r\000p\000h\000i\000s\000m\000s}{}% 23
\BOOKMARK [0][-]{chapter.10}{\376\377\000C\000o\000n\000d\000i\000t\000i\000o\000n\000a\000l\000\040\000M\000e\000a\000s\000u\000r\000e\000s\000\040\000a\000n\000d\000\040\000C\000o\000n\000d\000i\000t\000i\000o\000n\000a\000l\000\040\000E\000x\000p\000e\000c\000t\000a\000t\000i\000o\000n}{}% 24
