\BOOKMARK [0][-]{chapter.1}{\376\377\000F\000u\000n\000d\000a\000m\000e\000n\000t\000a\000l\000s}{}% 1
\BOOKMARK [1][-]{section.1.1}{\376\377\000A\000f\000f\000i\000n\000e\000\040\000a\000n\000d\000\040\000P\000r\000o\000j\000e\000c\000t\000i\000v\000e\000\040\000S\000p\000a\000c\000e\000s}{chapter.1}% 2
\BOOKMARK [2][-]{subsection.1.1.1}{\376\377\000A\000f\000f\000i\000n\000e\000\040\000S\000p\000a\000c\000e\000s\000,\000A\000f\000f\000i\000n\000e\000\040\000V\000a\000r\000i\000e\000t\000i\000e\000s\000,\000Q\000u\000a\000s\000i\000-\000A\000f\000f\000i\000n\000e\000\040\000V\000a\000r\000i\000e\000t\000i\000e\000s}{section.1.1}% 3
\BOOKMARK [2][-]{subsection.1.1.2}{\376\377\000P\000r\000o\000j\000e\000c\000t\000i\000v\000e\000\040\000S\000p\000a\000c\000e\000,\000\040\000P\000r\000o\000j\000e\000c\000t\000i\000v\000e\000\040\000V\000a\000r\000i\000e\000t\000i\000e\000s}{section.1.1}% 4
\BOOKMARK [2][-]{subsection.1.1.3}{\376\377\000E\000x\000a\000m\000p\000l\000e\000s}{section.1.1}% 5
\BOOKMARK [2][-]{subsection.1.1.4}{\376\377\000Q\000u\000a\000s\000i\000-\000P\000r\000o\000j\000e\000c\000t\000i\000v\000e\000\040\000V\000a\000r\000i\000e\000t\000i\000e\000s}{section.1.1}% 6
\BOOKMARK [1][-]{section.1.2}{\376\377\000R\000e\000g\000u\000l\000a\000r\000\040\000F\000u\000n\000c\000t\000i\000o\000n\000s\000,\000\040\000R\000e\000g\000u\000l\000a\000r\000\040\000M\000a\000p\000s\000\040\000a\000n\000d\000\040\000I\000r\000r\000e\000d\000u\000c\000i\000b\000i\000l\000i\000t\000y}{chapter.1}% 7
\BOOKMARK [2][-]{subsection.1.2.1}{\376\377\000Z\000a\000r\000i\000s\000k\000i\000\040\000T\000o\000p\000o\000l\000o\000g\000y}{section.1.2}% 8
\BOOKMARK [2][-]{subsection.1.2.2}{\376\377\000R\000e\000g\000u\000l\000a\000r\000\040\000F\000u\000n\000c\000t\000i\000o\000n\000s\000\040\000o\000n\000\040\000A\000f\000f\000i\000n\000e\000\040\000V\000a\000r\000i\000e\000t\000i\000e\000s}{section.1.2}% 9
\BOOKMARK [2][-]{subsection.1.2.3}{\376\377\000R\000e\000g\000u\000l\000a\000r\000\040\000F\000u\000n\000c\000t\000i\000o\000n\000s\000\040\000o\000n\000\040\000P\000r\000o\000j\000e\000c\000t\000i\000v\000e\000\040\000V\000a\000r\000i\000e\000t\000i\000e\000s}{section.1.2}% 10
\BOOKMARK [2][-]{subsection.1.2.4}{\376\377\000R\000e\000g\000u\000l\000a\000r\000\040\000M\000a\000p\000s}{section.1.2}% 11
\BOOKMARK [2][-]{subsection.1.2.5}{\376\377\000T\000h\000e\000\040\000V\000e\000r\000o\000n\000e\000s\000e\000\040\000M\000a\000p}{section.1.2}% 12
\BOOKMARK [2][-]{subsection.1.2.6}{\376\377\000T\000h\000e\000\040\000S\000e\000g\000r\000e\000\040\000M\000a\000p}{section.1.2}% 13
\BOOKMARK [2][-]{subsection.1.2.7}{\376\377\000P\000r\000o\000d\000u\000c\000t\000,\000\040\000F\000i\000b\000r\000e\000\040\000P\000r\000o\000d\000u\000c\000t\000,\000\040\000T\000e\000n\000s\000o\000r\000\040\000P\000r\000o\000d\000u\000c\000t}{section.1.2}% 14
\BOOKMARK [2][-]{subsection.1.2.8}{\376\377\000G\000r\000a\000p\000h\000s}{section.1.2}% 15
\BOOKMARK [2][-]{subsection.1.2.9}{\376\377\000C\000a\000t\000e\000g\000o\000r\000y\000\040\000o\000f\000\040\000V\000a\000r\000i\000e\000t\000i\000e\000s}{section.1.2}% 16
\BOOKMARK [1][-]{section.1.3}{\376\377\000S\000m\000o\000o\000t\000h\000n\000e\000s\000s\000\040\000a\000n\000d\000\040\000D\000i\000m\000e\000n\000s\000i\000o\000n}{chapter.1}% 17
\BOOKMARK [2][-]{subsection.1.3.1}{\376\377\000S\000m\000o\000o\000t\000h\000\040\000a\000n\000d\000\040\000S\000i\000n\000g\000u\000l\000a\000r\000\040\000P\000o\000i\000n\000t\000s}{section.1.3}% 18
\BOOKMARK [2][-]{subsection.1.3.2}{\376\377\000A\000l\000g\000e\000b\000r\000a\000i\000c\000\040\000C\000h\000a\000r\000a\000c\000t\000e\000r\000i\000z\000a\000t\000i\000o\000n\000s}{section.1.3}% 19
\BOOKMARK [1][-]{section.1.4}{\376\377\000I\000d\000e\000a\000l\000s\000\040\000o\000f\000\040\000V\000a\000r\000i\000e\000t\000i\000e\000s\000,\000\040\000I\000r\000r\000e\000d\000u\000c\000i\000b\000l\000e\000\040\000D\000e\000c\000o\000m\000p\000o\000s\000i\000t\000i\000o\000n\000\040\000a\000n\000d\000\040\000N\000u\000l\000l\000s\000t\000e\000l\000l\000e\000n\000s\000a\000t\000z}{chapter.1}% 20
\BOOKMARK [2][-]{subsection.1.4.1}{\376\377\000G\000e\000n\000e\000r\000a\000t\000i\000n\000g\000\040\000I\000d\000e\000a\000l\000s}{section.1.4}% 21
\BOOKMARK [2][-]{subsection.1.4.2}{\376\377\000I\000d\000e\000a\000l\000s\000\040\000o\000f\000\040\000P\000r\000o\000j\000e\000c\000t\000i\000v\000e\000\040\000V\000a\000r\000i\000e\000t\000i\000e\000s}{section.1.4}% 22
\BOOKMARK [2][-]{subsection.1.4.3}{\376\377\000I\000r\000r\000e\000d\000u\000c\000i\000b\000l\000e\000\040\000V\000a\000r\000i\000e\000t\000i\000e\000s\000\040\000a\000n\000d\000\040\000I\000r\000r\000e\000d\000u\000c\000i\000b\000l\000e\000\040\000D\000e\000c\000o\000m\000p\000o\000s\000i\000t\000i\000o\000n}{section.1.4}% 23
\BOOKMARK [2][-]{subsection.1.4.4}{\376\377\000G\000e\000n\000e\000r\000a\000l\000\040\000O\000b\000j\000e\000c\000t}{section.1.4}% 24
\BOOKMARK [2][-]{subsection.1.4.5}{\376\377\000A\000l\000g\000e\000b\000r\000a\000s}{section.1.4}% 25
\BOOKMARK [1][-]{section.1.5}{\376\377\000C\000o\000n\000e\000s\000,\000\040\000P\000r\000o\000j\000e\000c\000t\000i\000o\000n\000\040\000a\000n\000d\000\040\000M\000o\000r\000e\000\040\000a\000b\000o\000u\000t\000\040\000P\000r\000o\000d\000u\000c\000t}{chapter.1}% 26
\BOOKMARK [2][-]{subsection.1.5.1}{\376\377\000Q\000u\000a\000d\000r\000i\000c\000s}{section.1.5}% 27
\BOOKMARK [2][-]{subsection.1.5.2}{\376\377\000P\000r\000o\000j\000e\000c\000t\000i\000o\000n}{section.1.5}% 28
\BOOKMARK [1][-]{section.1.6}{\376\377\000R\000a\000t\000i\000o\000n\000a\000l\000\040\000F\000u\000n\000c\000t\000i\000o\000n\000\040\000a\000n\000d\000\040\000R\000a\000t\000i\000o\000n\000a\000l\000\040\000M\000a\000p\000s}{chapter.1}% 29
\BOOKMARK [2][-]{subsection.1.6.1}{\376\377\000A\000f\000f\000i\000n\000e\000\040\000R\000a\000t\000i\000o\000n\000a\000l\000\040\000F\000u\000n\000c\000t\000i\000o\000n\000s}{section.1.6}% 30
\BOOKMARK [2][-]{subsection.1.6.2}{\376\377\000P\000r\000o\000j\000e\000c\000t\000i\000v\000e\000\040\000R\000a\000t\000i\000o\000n\000a\000l\000\040\000F\000u\000n\000c\000t\000i\000o\000n\000s}{section.1.6}% 31
\BOOKMARK [2][-]{subsection.1.6.3}{\376\377\000R\000a\000t\000i\000o\000n\000a\000l\000\040\000M\000a\000p\000s}{section.1.6}% 32
\BOOKMARK [2][-]{subsection.1.6.4}{\376\377\000G\000r\000a\000p\000h\000s}{section.1.6}% 33
\BOOKMARK [2][-]{subsection.1.6.5}{\376\377\000B\000i\000r\000a\000t\000i\000o\000n\000a\000l\000\040\000I\000s\000o\000m\000o\000r\000p\000h\000i\000s\000m\000s}{section.1.6}% 34
\BOOKMARK [2][-]{subsection.1.6.6}{\376\377\000D\000e\000g\000r\000e\000e\000\040\000o\000f\000\040\000R\000a\000t\000i\000o\000n\000a\000l\000\040\000M\000a\000p}{section.1.6}% 35
\BOOKMARK [2][-]{subsection.1.6.7}{\376\377\000B\000l\000o\000w\000i\000n\000g\000\040\000U\000p}{section.1.6}% 36
\BOOKMARK [2][-]{subsection.1.6.8}{\376\377\000U\000n\000r\000a\000t\000i\000o\000n\000a\000l\000i\000t\000y}{section.1.6}% 37
\BOOKMARK [2][-]{subsection.1.6.9}{\376\377\000A\000p\000p\000e\000n\000d\000i\000x\000:\000\040\000L\000\374\000r\000o\000t\000h\000\040\000P\000r\000o\000b\000l\000e\000m}{section.1.6}% 38
\BOOKMARK [1][-]{section.1.7}{\376\377\000B\000l\000o\000w\000-\000U\000p\000s\000,\000\040\000N\000a\000s\000h\000\040\000B\000l\000o\000w\000-\000U\000p\000s\000\040\000a\000n\000d\000\040\000t\000h\000e\000\040\000R\000e\000s\000o\000l\000u\000t\000i\000o\000n\000\040\000o\000f\000\040\000S\000i\000n\000g\000u\000l\000a\000r\000i\000t\000i\000e\000s}{chapter.1}% 39
\BOOKMARK [0][-]{chapter.2}{\376\377\000P\000a\000r\000a\000m\000e\000t\000e\000r\000i\000z\000a\000t\000i\000o\000n\000s}{}% 40
\BOOKMARK [1][-]{section.2.1}{\376\377\000P\000a\000r\000a\000m\000e\000t\000e\000r\000\040\000S\000p\000a\000c\000e\000s}{chapter.2}% 41
\BOOKMARK [1][-]{section.2.2}{\376\377\000P\000a\000r\000a\000m\000e\000t\000e\000r\000\040\000S\000p\000a\000c\000e\000s\000\040\000a\000n\000d\000\040\000M\000o\000d\000u\000l\000i\000\040\000S\000p\000a\000c\000e\000s}{chapter.2}% 42
\BOOKMARK [1][-]{section.2.3}{\376\377\000G\000r\000a\000s\000s\000m\000a\000n\000n\000i\000a\000n\000s\000\040\000a\000n\000d\000\040\000R\000e\000l\000a\000t\000e\000d\000\040\000V\000a\000r\000i\000e\000t\000i\000e\000s}{chapter.2}% 43
\BOOKMARK [2][-]{subsection.2.3.1}{\376\377\000S\000u\000b\000v\000a\000r\000i\000e\000t\000i\000e\000s\000\040\000o\000f\000\040\000G\000r\000a\000s\000s\000m\000a\000n\000n\000i\000a\000n\000s}{section.2.3}% 44
\BOOKMARK [2][-]{subsection.2.3.2}{\376\377\000T\000a\000n\000g\000e\000n\000t\000\040\000S\000p\000a\000c\000e\000s\000\040\000t\000o\000\040\000G\000r\000a\000s\000s\000m\000a\000n\000n\000i\000a\000n\000s}{section.2.3}% 45
\BOOKMARK [1][-]{section.2.4}{\376\377\000G\000a\000u\000s\000s\000\040\000M\000a\000p\000,\000\040\000T\000a\000n\000g\000e\000n\000t\000i\000a\000l\000\040\000a\000n\000d\000\040\000D\000u\000a\000l\000\040\000V\000a\000r\000i\000e\000t\000i\000e\000s}{chapter.2}% 46
\BOOKMARK [0][-]{chapter.3}{\376\377\000R\000a\000t\000i\000o\000n\000a\000l\000\040\000M\000a\000p\000s}{}% 47
\BOOKMARK [0][-]{chapter.4}{\376\377\000P\000l\000a\000n\000e\000\040\000C\000u\000r\000v\000e\000s}{}% 48
\BOOKMARK [1][-]{section.4.1}{\376\377\000P\000l\000a\000n\000e\000\040\000C\000u\000r\000v\000e\000s}{chapter.4}% 49
\BOOKMARK [2][-]{subsection.4.1.1}{\376\377\000I\000n\000t\000e\000r\000s\000e\000c\000t\000i\000o\000n\000\040\000M\000u\000l\000t\000i\000p\000l\000i\000c\000i\000t\000i\000e\000s}{section.4.1}% 50
\BOOKMARK [1][-]{section.4.2}{\376\377\000L\000o\000c\000a\000l\000\040\000P\000r\000o\000p\000e\000r\000t\000i\000e\000s}{chapter.4}% 51
\BOOKMARK [2][-]{subsection.4.2.1}{\376\377\000M\000u\000l\000t\000i\000p\000l\000i\000c\000i\000t\000i\000e\000s}{section.4.2}% 52
\BOOKMARK [2][-]{subsection.4.2.2}{\376\377\000I\000n\000t\000e\000r\000s\000e\000c\000t\000i\000o\000n\000\040\000N\000u\000m\000b\000e\000r\000s}{section.4.2}% 53
\BOOKMARK [1][-]{section.4.3}{\376\377\000P\000r\000o\000j\000e\000c\000t\000i\000v\000e\000\040\000P\000l\000a\000n\000e\000\040\000C\000u\000r\000v\000e\000s}{chapter.4}% 54
\BOOKMARK [1][-]{section.4.4}{\376\377\000D\000i\000v\000i\000s\000o\000r\000s}{chapter.4}% 55
\BOOKMARK [1][-]{section.4.5}{\376\377\000B\000e\000z\000o\000u\000t\000'\000s\000\040\000T\000h\000e\000o\000r\000e\000m}{chapter.4}% 56
\BOOKMARK [2][-]{subsection.4.5.1}{\376\377\000D\000e\000g\000r\000e\000e}{section.4.5}% 57
\BOOKMARK [2][-]{subsection.4.5.2}{\376\377\000J\000o\000i\000n\000\040\000o\000f\000\040\000V\000a\000r\000i\000e\000t\000i\000e\000s}{section.4.5}% 58
\BOOKMARK [2][-]{subsection.4.5.3}{\376\377\000M\000u\000l\000t\000i\000p\000l\000i\000c\000i\000t\000i\000e\000s}{section.4.5}% 59
\BOOKMARK [2][-]{subsection.4.5.4}{\376\377\000B\000e\000z\000o\000u\000t\000'\000s\000\040\000T\000h\000e\000o\000r\000e\000m}{section.4.5}% 60
\BOOKMARK [0][-]{chapter.5}{\376\377\000N\000o\000r\000m\000a\000l\000i\000z\000a\000t\000i\000o\000n}{}% 61
\BOOKMARK [0][-]{chapter.6}{\376\377\000Q\000u\000a\000d\000r\000i\000c\000s}{}% 62
\BOOKMARK [1][-]{section.6.1}{\376\377\000T\000a\000n\000g\000e\000n\000t\000\040\000S\000p\000a\000c\000e\000s\000\040\000t\000o\000\040\000Q\000u\000a\000d\000r\000i\000c\000s}{chapter.6}% 63
\BOOKMARK [1][-]{section.6.2}{\376\377\000Q\000u\000a\000d\000r\000i\000c\000s\000\040\000o\000n\000\040\000P\000l\000a\000n\000e\000\040\000a\000n\000d\000\040\000i\000n\000\040\000S\000p\000a\000c\000e}{chapter.6}% 64
\BOOKMARK [2][-]{subsection.6.2.1}{\376\377\000Q\000u\000a\000d\000r\000i\000c\000s\000\040\000o\000n\000\040\000P\000l\000a\000n\000e}{section.6.2}% 65
\BOOKMARK [2][-]{subsection.6.2.2}{\376\377\000Q\000u\000a\000d\000r\000i\000c\000s\000\040\000i\000n\000\040\000S\000p\000a\000c\000e}{section.6.2}% 66
\BOOKMARK [1][-]{section.6.3}{\376\377\000L\000i\000n\000e\000a\000r\000\040\000S\000p\000a\000c\000e\000s\000\040\000o\000n\000\040\000Q\000u\000a\000d\000r\000i\000c\000s}{chapter.6}% 67
\BOOKMARK [1][-]{section.6.4}{\376\377\000F\000a\000m\000i\000l\000i\000e\000s\000\040\000o\000f\000\040\000Q\000u\000a\000d\000r\000i\000c\000s}{chapter.6}% 68
\BOOKMARK [1][-]{section.6.5}{\376\377\000P\000e\000n\000c\000i\000l\000s\000\040\000o\000f\000\040\000Q\000u\000a\000d\000r\000i\000c\000s}{chapter.6}% 69
\BOOKMARK [0][-]{chapter.7}{\376\377\000C\000u\000b\000i\000c\000s}{}% 70
\BOOKMARK [1][-]{section.7.1}{\376\377\000P\000l\000a\000n\000e\000\040\000C\000u\000b\000i\000c\000\040\000C\000u\000r\000v\000e}{chapter.7}% 71
\BOOKMARK [2][-]{subsection.7.1.1}{\376\377\000C\000l\000a\000s\000s\000i\000f\000i\000c\000a\000t\000i\000o\000n\000\040\000o\000f\000\040\000S\000m\000o\000o\000t\000h\000\040\000P\000l\000a\000n\000e\000\040\000C\000u\000b\000i\000c\000s}{section.7.1}% 72
\BOOKMARK [1][-]{section.7.2}{\376\377\000C\000u\000b\000i\000c\000\040\000S\000u\000r\000f\000a\000c\000e\000s}{chapter.7}% 73
\BOOKMARK [2][-]{subsection.7.2.1}{\376\377\000R\000a\000t\000i\000o\000n\000a\000l\000i\000t\000y\000\040\000o\000f\000\040\000C\000u\000b\000i\000c\000s}{section.7.2}% 74
\BOOKMARK [0][-]{chapter.8}{\376\377\000A\000l\000g\000e\000b\000r\000a\000i\000c\000\040\000G\000r\000o\000u\000p\000s}{}% 75
\BOOKMARK [1][-]{section.8.1}{\376\377\000M\000a\000t\000r\000i\000x\000\040\000A\000l\000g\000e\000b\000r\000a\000i\000c\000\040\000G\000r\000o\000u\000p\000s}{chapter.8}% 76
\BOOKMARK [2][-]{subsection.8.1.1}{\376\377\000T\000h\000e\000\040\000G\000e\000n\000e\000r\000a\000l\000\040\000L\000i\000n\000e\000a\000r\000\040\000G\000r\000o\000u\000p\000,\000\040\000G\000L\000n\000K}{section.8.1}% 77
\BOOKMARK [2][-]{subsection.8.1.2}{\376\377\000S\000u\000b\000g\000r\000o\000u\000p\000\040\000S\000L\000n\000K}{section.8.1}% 78
\BOOKMARK [1][-]{section.8.2}{\376\377\000G\000r\000o\000u\000p\000\040\000A\000c\000t\000i\000o\000n}{chapter.8}% 79
\BOOKMARK [2][-]{subsection.8.2.1}{\376\377\000P\000G\000L\000n\000+\0001\000K\000\040\000o\000n\000\040\000P\000n}{section.8.2}% 80
\BOOKMARK [1][-]{section.8.3}{\376\377\000Q\000u\000o\000t\000i\000e\000n\000t}{chapter.8}% 81
\BOOKMARK [0][-]{chapter.9}{\376\377\000I\000n\000t\000e\000r\000s\000e\000c\000t\000i\000o\000n\000s\000\040\000a\000n\000d\000\040\000D\000e\000g\000r\000e\000e\000\040\000R\000e\000a\000s\000e\000a\000r\000c\000h}{}% 82
\BOOKMARK [0][-]{chapter.10}{\376\377\000V\000a\000r\000i\000e\000t\000i\000e\000s\000\040\000o\000f\000\040\000A\000r\000b\000i\000t\000r\000a\000r\000y\000\040\000D\000i\000m\000e\000n\000s\000i\000o\000n}{}% 83
\BOOKMARK [1][-]{section.10.1}{\376\377\000D\000i\000m\000e\000n\000s\000i\000o\000n\000\040\000o\000f\000\040\000A\000r\000b\000i\000t\000r\000a\000r\000y\000\040\000V\000a\000r\000i\000e\000t\000i\000e\000s}{chapter.10}% 84
\BOOKMARK [0][-]{chapter.11}{\376\377\000H\000i\000l\000b\000e\000r\000t\000\040\000F\000u\000n\000c\000t\000i\000o\000n\000s}{}% 85
\BOOKMARK [1][-]{section.11.1}{\376\377\000H\000i\000l\000b\000e\000r\000t\000\040\000F\000u\000n\000c\000t\000i\000o\000n\000,\000\040\000H\000i\000l\000b\000e\000r\000t\000\040\000P\000o\000l\000y\000n\000o\000m\000i\000a\000l\000s}{chapter.11}% 86
\BOOKMARK [1][-]{section.11.2}{\376\377\000S\000y\000z\000y\000g\000i\000e\000s}{chapter.11}% 87
\BOOKMARK [0][-]{chapter.12}{\376\377\000R\000e\000s\000o\000l\000u\000t\000i\000o\000n\000s}{}% 88
\BOOKMARK [0][-]{chapter.13}{\376\377\000S\000e\000g\000r\000e\000\040\000V\000a\000r\000i\000e\000t\000i\000e\000s}{}% 89
\BOOKMARK [0][-]{chapter.14}{\376\377\000A\000p\000p\000e\000n\000d\000i\000x\000:\000\040\000F\000r\000o\000m\000\040\000C\000l\000a\000s\000s\000i\000c\000a\000l\000\040\000A\000l\000g\000e\000b\000r\000a\000i\000c\000\040\000G\000e\000o\000m\000e\000t\000r\000y\000\040\000t\000o\000\040\000A\000l\000g\000e\000b\000r\000a\000i\000c\000\040\000G\000e\000o\000m\000e\000t\000r\000y}{}% 90
\BOOKMARK [0][-]{chapter.15}{\376\377\000P\000o\000l\000a\000r\000i\000t\000y}{}% 91
\BOOKMARK [1][-]{section.15.1}{\376\377\000T\000h\000e\000\040\000P\000o\000l\000a\000r\000\040\000P\000a\000r\000i\000n\000g}{chapter.15}% 92
\BOOKMARK [2][-]{subsection.15.1.1}{\376\377\000H\000y\000p\000e\000r\000s\000u\000r\000f\000a\000c\000e}{section.15.1}% 93
\BOOKMARK [0][-]{chapter.16}{\376\377\000C\000o\000n\000i\000c\000s\000\040\000a\000n\000d\000\040\000Q\000u\000a\000d\000r\000i\000c\000\040\000S\000u\000r\000f\000a\000c\000e\000s}{}% 94
