\BOOKMARK [0][-]{chapter.1}{\376\377\000A\000d\000d\000i\000t\000i\000o\000n\000a\000l\000\040\000T\000e\000x\000t\000\040\000f\000o\000r\000\040\000R\000i\000n\000g\000\040\000a\000n\000d\000\040\000M\000o\000d\000u\000l\000e\000s}{}% 1
\BOOKMARK [1][-]{section.1.1}{\376\377\000L\000o\000c\000a\000l\000\040\000P\000r\000o\000p\000e\000r\000t\000i\000e\000s}{chapter.1}% 2
\BOOKMARK [2][-]{subsection.1.1.1}{\376\377\000L\000o\000c\000a\000l\000\040\000R\000i\000n\000g\000s}{section.1.1}% 3
\BOOKMARK [2][-]{subsection.1.1.2}{\376\377\000L\000o\000c\000a\000l\000i\000z\000a\000t\000i\000o\000n}{section.1.1}% 4
\BOOKMARK [1][-]{section.1.2}{\376\377\000S\000p\000e\000c\000t\000r\000u\000m\000\040\000o\000f\000\040\000R\000i\000n\000g}{chapter.1}% 5
\BOOKMARK [2][-]{subsection.1.2.1}{\376\377\000Z\000a\000r\000i\000s\000k\000i\000\040\000T\000o\000p\000o\000l\000o\000g\000y}{section.1.2}% 6
\BOOKMARK [2][-]{subsection.1.2.2}{\376\377\000L\000o\000c\000a\000l\000i\000z\000a\000t\000i\000o\000n}{section.1.2}% 7
\BOOKMARK [2][-]{subsection.1.2.3}{\376\377\000O\000p\000e\000n\000\040\000a\000n\000d\000\040\000C\000l\000o\000s\000e\000d\000\040\000S\000u\000b\000s\000e\000t\000s\000\040\000o\000f\000\040\000S\000p\000e\000c\000t\000r\000a}{section.1.2}% 8
\BOOKMARK [2][-]{subsection.1.2.4}{\376\377\000C\000o\000n\000n\000e\000c\000t\000e\000d\000\040\000C\000o\000m\000p\000o\000n\000e\000n\000t}{section.1.2}% 9
\BOOKMARK [2][-]{subsection.1.2.5}{\376\377\000G\000l\000u\000e\000i\000n\000g\000\040\000P\000r\000o\000p\000e\000r\000t\000y}{section.1.2}% 10
\BOOKMARK [2][-]{subsection.1.2.6}{\376\377\000G\000l\000u\000e\000i\000n\000g\000\040\000F\000u\000n\000c\000t\000i\000o\000n\000s}{section.1.2}% 11
\BOOKMARK [2][-]{subsection.1.2.7}{\376\377\000I\000r\000r\000d\000u\000c\000i\000b\000l\000e\000\040\000C\000o\000m\000p\000o\000n\000e\000n\000t}{section.1.2}% 12
\BOOKMARK [2][-]{subsection.1.2.8}{\376\377\000I\000m\000a\000g\000e}{section.1.2}% 13
\BOOKMARK [1][-]{section.1.3}{\376\377\000J\000a\000c\000o\000b\000s\000o\000n\000\040\000R\000a\000d\000i\000c\000a\000l\000\040\000o\000f\000\040\000a\000\040\000R\000i\000n\000g}{chapter.1}% 14
\BOOKMARK [2][-]{subsection.1.3.1}{\376\377\000N\000a\000k\000a\000y\000a\000m\000a\000'\000s\000\040\000L\000e\000m\000m\000a}{section.1.3}% 15
\BOOKMARK [1][-]{section.1.4}{\376\377\000A\000d\000d\000i\000t\000i\000o\000n\000a\000l\000\040\000P\000r\000o\000p\000o\000s\000i\000t\000i\000o\000n\000s\000\040\000f\000o\000r\000\040\000P\000r\000i\000m\000e\000\040\000I\000d\000e\000a\000l\000s}{chapter.1}% 16
\BOOKMARK [1][-]{section.1.5}{\376\377\000N\000i\000l\000p\000o\000t\000e\000n\000t}{chapter.1}% 17
\BOOKMARK [1][-]{section.1.6}{\376\377\000J\000a\000c\000o\000b\000s\000o\000n\000\040\000R\000i\000n\000g}{chapter.1}% 18
\BOOKMARK [1][-]{section.1.7}{\376\377\000t\000i\000t\000l\000e}{chapter.1}% 19
\BOOKMARK [0][-]{chapter.2}{\376\377\000C\000h\000a\000i\000n\000\040\000C\000o\000n\000d\000i\000t\000i\000o\000n\000s}{}% 20
\BOOKMARK [1][-]{section.2.1}{\376\377\000N\000o\000e\000t\000h\000e\000r\000i\000a\000n\000\040\000R\000i\000n\000g\000s\000,\000\040\000M\000o\000d\000u\000l\000e\000s}{chapter.2}% 21
\BOOKMARK [2][-]{subsection.2.1.1}{\376\377\000N\000o\000e\000t\000h\000e\000r\000i\000a\000n\000\040\000R\000i\000n\000g}{section.2.1}% 22
\BOOKMARK [2][-]{subsection.2.1.2}{\376\377\000N\000o\000e\000t\000h\000e\000r\000i\000a\000n\000\040\000M\000o\000d\000u\000l\000e\000s}{section.2.1}% 23
\BOOKMARK [1][-]{section.2.2}{\376\377\000L\000e\000n\000g\000t\000h}{chapter.2}% 24
\BOOKMARK [2][-]{subsection.2.2.1}{\376\377\000P\000r\000o\000p\000e\000r\000t\000i\000e\000s}{section.2.2}% 25
\BOOKMARK [2][-]{subsection.2.2.2}{\376\377\000S\000i\000m\000p\000l\000e\000\040\000M\000o\000d\000u\000l\000e\000s}{section.2.2}% 26
\BOOKMARK [2][-]{subsection.2.2.3}{\376\377\000F\000l\000a\000t\000\040\000L\000o\000c\000a\000l\000\040\000H\000o\000m\000o\000m\000o\000r\000p\000h\000i\000s\000m}{section.2.2}% 27
\BOOKMARK [1][-]{section.2.3}{\376\377\000A\000r\000t\000i\000n\000i\000a\000n\000\040\000R\000i\000n\000g\000s\000,\000\040\000M\000o\000d\000u\000l\000e\000s}{chapter.2}% 28
\BOOKMARK [2][-]{subsection.2.3.1}{\376\377\000J\000a\000c\000o\000b\000s\000o\000n\000\040\000R\000a\000d\000i\000c\000a\000l}{section.2.3}% 29
\BOOKMARK [1][-]{section.2.4}{\376\377\000K\000-\000G\000r\000o\000u\000p\000s}{chapter.2}% 30
\BOOKMARK [0][-]{chapter.3}{\376\377\000I\000n\000t\000e\000g\000r\000a\000l\000i\000t\000y}{}% 31
\BOOKMARK [1][-]{section.3.1}{\376\377\000I\000n\000t\000e\000g\000r\000a\000l\000\040\000C\000l\000o\000s\000u\000r\000e}{chapter.3}% 32
\BOOKMARK [2][-]{subsection.3.1.1}{\376\377\000I\000n\000t\000e\000g\000r\000a\000l\000\040\000C\000l\000o\000s\000u\000r\000e}{section.3.1}% 33
\BOOKMARK [1][-]{section.3.2}{\376\377\000N\000o\000r\000m\000a\000l\000\040\000R\000i\000n\000g\000s}{chapter.3}% 34
\BOOKMARK [1][-]{section.3.3}{\376\377\000G\000o\000i\000n\000g\000\040\000U\000p\000,\000\040\000G\000o\000i\000n\000g\000\040\000D\000o\000w\000n}{chapter.3}% 35
\BOOKMARK [0][-]{chapter.4}{\376\377\000A\000l\000g\000e\000b\000r\000a\000s\000\040\000I}{}% 36
\BOOKMARK [1][-]{section.4.1}{\376\377\000T\000h\000e\000\040\000S\000e\000p\000a\000r\000a\000b\000l\000e\000\040\000E\000x\000t\000e\000n\000s\000i\000o\000n\000\040\000I}{chapter.4}% 37
\BOOKMARK [1][-]{section.4.2}{\376\377\000G\000e\000o\000m\000e\000t\000r\000i\000c\000a\000l\000l\000y\000\040\000R\000e\000d\000u\000c\000e\000d\000\040\000A\000l\000g\000e\000b\000r\000a\000s}{chapter.4}% 38
\BOOKMARK [1][-]{section.4.3}{\376\377\000S\000e\000p\000a\000r\000a\000b\000l\000e\000\040\000E\000x\000t\000e\000n\000s\000i\000o\000n\000s\000\040\000I\000I}{chapter.4}% 39
\BOOKMARK [1][-]{section.4.4}{\376\377\000P\000e\000r\000f\000e\000c\000t\000\040\000F\000i\000e\000l\000d\000s}{chapter.4}% 40
\BOOKMARK [1][-]{section.4.5}{\376\377\000U\000n\000i\000v\000e\000r\000a\000l\000\040\000H\000o\000m\000e\000o\000m\000o\000r\000p\000h\000i\000s\000m\000s}{chapter.4}% 41
\BOOKMARK [1][-]{section.4.6}{\376\377\000G\000e\000o\000m\000e\000t\000r\000i\000c\000a\000l\000l\000y\000\040\000I\000r\000r\000e\000d\000u\000c\000i\000b\000l\000e\000\040\000A\000l\000g\000e\000b\000r\000a\000s}{chapter.4}% 42
\BOOKMARK [1][-]{section.4.7}{\376\377\000G\000e\000o\000m\000e\000t\000r\000i\000c\000a\000l\000l\000y\000\040\000C\000o\000n\000n\000e\000c\000t\000e\000d\000\040\000A\000l\000g\000e\000b\000r\000a\000s}{chapter.4}% 43
\BOOKMARK [1][-]{section.4.8}{\376\377\000G\000e\000o\000m\000e\000t\000r\000i\000c\000a\000l\000l\000y\000\040\000I\000n\000t\000e\000g\000r\000a\000l\000\040\000A\000l\000g\000e\000b\000r\000a\000s}{chapter.4}% 44
\BOOKMARK [1][-]{section.4.9}{\376\377\000V\000a\000l\000u\000a\000t\000i\000o\000n\000\040\000R\000i\000n\000g}{chapter.4}% 45
\BOOKMARK [0][-]{chapter.5}{\376\377\000A\000s\000s\000o\000c\000i\000a\000t\000e\000d\000\040\000P\000r\000i\000m\000e\000,\000P\000r\000i\000m\000e\000\040\000D\000e\000c\000o\000m\000p\000o\000s\000i\000t\000i\000o\000n\000s}{}% 46
\BOOKMARK [1][-]{section.5.1}{\376\377\000S\000u\000p\000p\000o\000r\000t\000s\000\040\000a\000n\000d\000\040\000A\000n\000n\000i\000h\000i\000l\000a\000t\000o\000r\000s}{chapter.5}% 47
\BOOKMARK [1][-]{section.5.2}{\376\377\000A\000s\000s\000o\000c\000i\000a\000t\000e\000d\000\040\000P\000r\000i\000m\000e}{chapter.5}% 48
\BOOKMARK [2][-]{subsection.5.2.1}{\376\377\000A\000s\000s\000o\000c\000i\000a\000t\000e\000d\000\040\000P\000r\000i\000m\000e\000\040\000u\000n\000d\000e\000r\000\040\000S\000o\000m\000e\000\040\000o\000f\000\040\000S\000t\000r\000u\000c\000t\000u\000r\000e\000s}{section.5.2}% 49
\BOOKMARK [0][-]{chapter.6}{\376\377\000S\000p\000e\000c\000t\000r\000a}{}% 50
\BOOKMARK [1][-]{section.6.1}{\376\377\000O\000p\000e\000n\000\040\000a\000n\000d\000\040\000C\000l\000o\000s\000e\000d\000\040\000S\000u\000b\000s\000e\000t\000s}{chapter.6}% 51
\BOOKMARK [1][-]{section.6.2}{\376\377\000C\000o\000n\000n\000e\000c\000t\000e\000d\000\040\000C\000o\000m\000p\000o\000n\000e\000n\000t\000s}{chapter.6}% 52
\BOOKMARK [1][-]{section.6.3}{\376\377\000G\000l\000u\000e\000i\000n\000g\000\040\000F\000u\000n\000c\000t\000i\000o\000n\000s}{chapter.6}% 53
\BOOKMARK [0][-]{chapter.7}{\376\377\000D\000i\000m\000e\000n\000s\000i\000o\000n}{}% 54
\BOOKMARK [1][-]{section.7.1}{\376\377\000D\000i\000m\000e\000n\000s\000i\000o\000n\000\040\000o\000f\000\040\000R\000i\000n\000g\000s}{chapter.7}% 55
\BOOKMARK [2][-]{subsection.7.1.1}{\376\377\000D\000e\000f\000i\000n\000i\000t\000i\000o\000n\000s\000:\000\040\000C\000h\000a\000i\000n\000,\000\040\000L\000e\000n\000g\000t\000h\000,\000\040\000S\000u\000p\000e\000r\000e\000m\000u\000m\000,\000\040\000H\000e\000i\000g\000h\000t}{section.7.1}% 56
\BOOKMARK [2][-]{subsection.7.1.2}{\376\377\000N\000o\000e\000t\000h\000e\000r\000i\000a\000n\000\040\000L\000o\000c\000a\000l\000\040\000R\000i\000n\000g}{section.7.1}% 57
\BOOKMARK [1][-]{section.7.2}{\376\377\000A\000p\000p\000l\000i\000c\000a\000t\000i\000o\000n\000\040\000o\000f\000\040\000D\000i\000m\000e\000n\000s\000i\000o\000n\000\040\000T\000h\000e\000o\000r\000y}{chapter.7}% 58
\BOOKMARK [2][-]{subsection.7.2.1}{\376\377\000N\000o\000e\000t\000h\000e\000r\000i\000a\000n\000\040\000J\000a\000c\000o\000b\000s\000o\000n\000\040\000R\000i\000n\000g\000s}{section.7.2}% 59
\BOOKMARK [1][-]{section.7.3}{\376\377\000S\000u\000p\000p\000o\000r\000t\000,\000\040\000a\000n\000d\000\040\000D\000i\000m\000e\000n\000s\000i\000o\000n\000\040\000o\000f\000\040\000M\000o\000d\000u\000l\000e\000s}{chapter.7}% 60
\BOOKMARK [0][-]{chapter.8}{\376\377\000A\000s\000s\000o\000c\000i\000a\000t\000e\000d\000\040\000P\000r\000i\000m\000e\000s}{}% 61
\BOOKMARK [1][-]{section.8.1}{\376\377\000A\000s\000s\000o\000c\000i\000a\000t\000e\000d\000\040\000P\000r\000i\000m\000e\000s}{chapter.8}% 62
\BOOKMARK [1][-]{section.8.2}{\376\377\000S\000y\000m\000b\000o\000l\000i\000c\000\040\000P\000o\000w\000e\000r\000s}{chapter.8}% 63
\BOOKMARK [1][-]{section.8.3}{\376\377\000R\000e\000l\000a\000t\000i\000v\000e\000\040\000A\000s\000s\000a\000s\000s\000i\000n}{chapter.8}% 64
\BOOKMARK [1][-]{section.8.4}{\376\377\000W\000e\000a\000k\000l\000y\000\040\000A\000s\000s\000o\000c\000i\000a\000t\000e\000d\000\040\000P\000r\000i\000m\000e\000s}{chapter.8}% 65
\BOOKMARK [1][-]{section.8.5}{\376\377\000E\000m\000b\000e\000d\000d\000e\000d\000\040\000P\000r\000i\000m\000e\000s}{chapter.8}% 66
\BOOKMARK [0][-]{chapter.9}{\376\377\000H\000i\000l\000b\000e\000r\000t\000-\000S\000a\000m\000m\000u\000e\000l\000\040\000P\000o\000l\000y\000n\000o\000m\000i\000a\000l\000s}{}% 67
\BOOKMARK [1][-]{section.9.1}{\376\377\000P\000o\000l\000y\000n\000o\000m\000i\000a\000l\000s}{chapter.9}% 68
\BOOKMARK [2][-]{subsection.9.1.1}{\376\377\000I\000n\000t\000e\000g\000r\000a\000l\000-\000V\000a\000l\000u\000e\000d\000\040\000P\000o\000l\000y\000n\000o\000m\000i\000a\000l\000s}{section.9.1}% 69
\BOOKMARK [2][-]{subsection.9.1.2}{\376\377\000P\000o\000l\000y\000n\000o\000m\000i\000a\000l\000-\000L\000i\000k\000e\000\040\000F\000u\000n\000c\000t\000i\000o\000n\000s}{section.9.1}% 70
\BOOKMARK [2][-]{subsection.9.1.3}{\376\377\000T\000h\000e\000\040\000H\000i\000l\000b\000e\000r\000t\000\040\000P\000o\000l\000y\000n\000o\000m\000i\000a\000l\000s}{section.9.1}% 71
\BOOKMARK [2][-]{subsection.9.1.4}{\376\377\000T\000h\000e\000\040\000S\000a\000m\000u\000e\000l\000\040\000P\000o\000l\000y\000n\000o\000m\000i\000a\000l\000s}{section.9.1}% 72
\BOOKMARK [1][-]{section.9.2}{\376\377\000N\000o\000e\000t\000h\000e\000r\000i\000a\000n\000\040\000L\000o\000c\000a\000l\000\040\000R\000i\000n\000g}{chapter.9}% 73
\BOOKMARK [2][-]{subsection.9.2.1}{\376\377\000I\000d\000e\000a\000l\000\040\000o\000f\000\040\000D\000e\000f\000i\000n\000i\000t\000i\000o\000n\000\040\000o\000f\000\040\000R}{section.9.2}% 74
\BOOKMARK [2][-]{subsection.9.2.2}{\376\377\000H\000i\000l\000b\000e\000r\000t\000\040\000P\000o\000l\000y\000n\000o\000m\000i\000a\000l\000\040\000o\000f\000\040\000M\000\040\000o\000v\000e\000r\000\040\000R}{section.9.2}% 75
\BOOKMARK [1][-]{section.9.3}{\376\377\000P\000o\000i\000n\000c\000a\000r\000e\000\040\000S\000e\000r\000i\000e\000s}{chapter.9}% 76
\BOOKMARK [0][-]{chapter.10}{\376\377\000M\000u\000l\000t\000i\000p\000l\000i\000c\000i\000t\000i\000e\000s}{}% 77
\BOOKMARK [1][-]{section.10.1}{\376\377\000M\000u\000l\000t\000i\000p\000l\000i\000c\000i\000t\000i\000e\000s\000\040\000o\000f\000\040\000a\000\040\000R\000i\000n\000g}{chapter.10}% 78
\BOOKMARK [1][-]{section.10.2}{\376\377\000I\000n\000t\000e\000r\000s\000e\000c\000t\000i\000o\000n\000\040\000M\000u\000l\000t\000i\000p\000l\000i\000c\000i\000t\000i\000e\000s\000\040\000o\000f\000\040\000T\000w\000o\000\040\000M\000o\000d\000u\000l\000e\000s}{chapter.10}% 79
\BOOKMARK [1][-]{section.10.3}{\376\377\000T\000o\000r\000-\000F\000o\000r\000m\000u\000l\000a}{chapter.10}% 80
\BOOKMARK [0][-]{chapter.11}{\376\377\000G\000r\000a\000d\000e\000d\000\040\000R\000i\000n\000g\000s}{}% 81
\BOOKMARK [1][-]{section.11.1}{\376\377\000G\000r\000a\000d\000e\000d\000\040\000R\000i\000n\000g\000s\000,\000G\000r\000a\000d\000e\000d\000\040\000M\000o\000d\000u\000l\000e}{chapter.11}% 82
\BOOKMARK [2][-]{subsection.11.1.1}{\376\377\000D\000e\000f\000i\000n\000i\000t\000i\000o\000n\000s}{section.11.1}% 83
\BOOKMARK [2][-]{subsection.11.1.2}{\376\377\000P\000r\000o\000p\000e\000r\000t\000i\000e\000s}{section.11.1}% 84
\BOOKMARK [1][-]{section.11.2}{\376\377\000P\000r\000o\000j\000\040\000C\000o\000n\000s\000t\000r\000u\000c\000t\000i\000o\000n\000s}{chapter.11}% 85
\BOOKMARK [2][-]{subsection.11.2.1}{\376\377\000G\000r\000a\000d\000e\000d\000\040\000I\000d\000e\000a\000l}{section.11.2}% 86
\BOOKMARK [2][-]{subsection.11.2.2}{\376\377\000P\000r\000o\000j\000\040\000C\000o\000n\000s\000t\000r\000u\000c\000t\000i\000o\000n}{section.11.2}% 87
\BOOKMARK [1][-]{section.11.3}{\376\377\000N\000o\000e\000t\000h\000e\000r\000i\000a\000n\000\040\000G\000r\000a\000d\000e\000d\000\040\000R\000i\000n\000g\000s}{chapter.11}% 88
\BOOKMARK [2][-]{subsection.11.3.1}{\376\377\000N\000o\000e\000t\000h\000e\000r\000i\000a\000n\000\040\000G\000r\000a\000d\000e\000d\000\040\000R\000i\000n\000g\000\040\000C\000r\000i\000t\000e\000r\000i\000o\000n}{section.11.3}% 89
\BOOKMARK [2][-]{subsection.11.3.2}{\376\377\000N\000u\000m\000e\000r\000i\000c\000a\000l\000\040\000P\000o\000l\000y\000n\000o\000m\000i\000a\000l}{section.11.3}% 90
\BOOKMARK [2][-]{subsection.11.3.3}{\376\377\000N\000o\000e\000t\000h\000e\000r\000i\000a\000n\000\040\000L\000o\000c\000a\000l\000\040\000R\000i\000n\000g\000s}{section.11.3}% 91
\BOOKMARK [0][-]{chapter.12}{\376\377\000B\000l\000o\000w\000-\000U\000p\000\040\000A\000l\000g\000e\000b\000r\000a\000s\000/\000R\000e\000e\000s\000\040\000A\000l\000g\000e\000b\000r\000a\000s}{}% 92
\BOOKMARK [0][-]{chapter.13}{\376\377\000P\000o\000l\000y\000n\000o\000m\000i\000a\000l\000s}{}% 93
\BOOKMARK [1][-]{section.13.1}{\376\377\000N\000o\000e\000t\000h\000e\000r\000'\000s\000\040\000N\000o\000r\000m\000a\000l\000i\000z\000a\000t\000i\000o\000n\000\040\000T\000h\000e\000o\000r\000e\000m}{chapter.13}% 94
\BOOKMARK [1][-]{section.13.2}{\376\377\000H\000i\000l\000b\000e\000r\000t\000'\000s\000\040\000B\000a\000s\000i\000s\000\040\000T\000h\000e\000o\000r\000e\000m}{chapter.13}% 95
\BOOKMARK [1][-]{section.13.3}{\376\377\000H\000i\000l\000b\000e\000r\000t\000'\000s\000\040\000N\000u\000l\000l\000s\000t\000e\000l\000l\000e\000n\000s\000a\000t\000z}{chapter.13}% 96
\BOOKMARK [2][-]{subsection.13.3.1}{\376\377\000H\000i\000l\000b\000e\000r\000t\000'\000s\000\040\000N\000u\000l\000l\000s\000t\000e\000l\000l\000e\000n\000s\000a\000t\000z\000,\000\040\000a\000n\000d\000\040\000A\000p\000p\000l\000i\000c\000a\000t\000i\000o\000n\000s}{section.13.3}% 97
\BOOKMARK [2][-]{subsection.13.3.2}{\376\377\000T\000e\000x\000t\000u\000a\000l\000\040\000R\000e\000s\000e\000a\000r\000c\000h\000:\000\040\000T\000h\000e\000\040\000O\000r\000i\000g\000i\000n\000a\000l\000\040\000V\000e\000r\000s\000i\000o\000n\000\040\000b\000y\000\040\000H\000i\000l\000b\000e\000r\000t}{section.13.3}% 98
\BOOKMARK [0][-]{chapter.14}{\376\377\000C\000o\000m\000p\000e\000l\000e\000t\000i\000o\000n}{}% 99
\BOOKMARK [1][-]{section.14.1}{\376\377\000C\000o\000m\000p\000l\000e\000t\000i\000o\000n}{chapter.14}% 100
\BOOKMARK [1][-]{section.14.2}{\376\377\000C\000o\000m\000p\000e\000l\000e\000t\000i\000o\000n\000\040\000f\000o\000r\000\040\000N\000o\000e\000t\000h\000e\000r\000i\000a\000n\000\040\000R\000i\000n\000g\000s}{chapter.14}% 101
\BOOKMARK [1][-]{section.14.3}{\376\377\000T\000a\000k\000i\000n\000g\000\040\000L\000i\000m\000i\000t\000s\000\040\000o\000f\000\040\000M\000o\000d\000u\000l\000e\000s}{chapter.14}% 102
\BOOKMARK [0][-]{chapter.15}{\376\377\000D\000i\000f\000f\000e\000r\000e\000n\000t\000i\000a\000l\000s\000\040\000a\000n\000d\000\040\000S\000m\000o\000o\000t\000h\000n\000e\000s\000s}{}% 103
\BOOKMARK [1][-]{section.15.1}{\376\377\000D\000i\000f\000f\000e\000r\000e\000n\000t\000i\000a\000l\000s}{chapter.15}% 104
\BOOKMARK [2][-]{subsection.15.1.1}{\376\377\000D\000e\000r\000i\000v\000a\000t\000i\000v\000e}{section.15.1}% 105
\BOOKMARK [2][-]{subsection.15.1.2}{\376\377\000K\000a\000h\000l\000e\000r\000\040\000D\000i\000f\000f\000e\000r\000e\000n\000t\000i\000a\000l\000s}{section.15.1}% 106
\BOOKMARK [1][-]{section.15.2}{\376\377\000D\000e\000\040\000R\000h\000a\000m\000\040\000C\000o\000m\000p\000l\000e\000x}{chapter.15}% 107
\BOOKMARK [1][-]{section.15.3}{\376\377\000F\000i\000n\000i\000t\000e\000\040\000O\000r\000d\000e\000r\000\040\000D\000i\000f\000f\000e\000r\000e\000n\000t\000i\000a\000l\000\040\000O\000p\000e\000r\000a\000t\000o\000r\000s}{chapter.15}% 108
\BOOKMARK [2][-]{subsection.15.3.1}{\376\377\000M\000o\000d\000u\000l\000e\000s\000\040\000o\000f\000\040\000P\000r\000i\000n\000c\000i\000p\000e\000\040\000P\000a\000r\000t}{section.15.3}% 109
\BOOKMARK [1][-]{section.15.4}{\376\377\000T\000h\000e\000\040\000N\000a\000i\000v\000e\000\040\000C\000o\000t\000a\000n\000g\000e\000n\000t\000\040\000C\000o\000m\000p\000l\000e\000x}{chapter.15}% 110
\BOOKMARK [1][-]{section.15.5}{\376\377\000S\000m\000o\000o\000t\000h\000n\000e\000s\000s}{chapter.15}% 111
\BOOKMARK [2][-]{subsection.15.5.1}{\376\377\000F\000o\000r\000m\000a\000l\000l\000y\000\040\000S\000m\000o\000o\000t\000h\000\040\000M\000a\000p\000s}{section.15.5}% 112
\BOOKMARK [2][-]{subsection.15.5.2}{\376\377\000S\000m\000o\000o\000t\000h\000n\000e\000s\000s\000\040\000a\000n\000d\000\040\000D\000i\000f\000f\000e\000r\000e\000n\000t\000i\000a\000l\000s}{section.15.5}% 113
\BOOKMARK [2][-]{subsection.15.5.3}{\376\377\000S\000m\000o\000o\000t\000h\000\040\000A\000l\000g\000e\000b\000r\000a\000\040\000o\000v\000e\000r\000\040\000F\000i\000e\000l\000d\000s}{section.15.5}% 114
\BOOKMARK [2][-]{subsection.15.5.4}{\376\377\000S\000m\000o\000o\000t\000h\000\040\000R\000i\000n\000g\000\040\000M\000a\000p\000s\000\040\000i\000n\000\040\000t\000h\000e\000\040\000N\000o\000e\000t\000h\000e\000r\000i\000a\000n\000\040\000C\000a\000s\000e}{section.15.5}% 115
\BOOKMARK [2][-]{subsection.15.5.5}{\376\377\000F\000o\000r\000m\000a\000l\000\040\000S\000m\000o\000o\000t\000h\000n\000e\000s\000s\000\040\000o\000f\000\040\000F\000i\000e\000l\000d\000s}{section.15.5}% 116
\BOOKMARK [1][-]{section.15.6}{\376\377\000E\000t\000a\000l\000e\000\040\000R\000i\000n\000g\000\040\000M\000a\000p\000s}{chapter.15}% 117
\BOOKMARK [1][-]{section.15.7}{\376\377\000S\000y\000n\000t\000o\000m\000i\000c\000\040\000M\000o\000r\000p\000h\000i\000s\000m\000s}{chapter.15}% 118
\BOOKMARK [0][-]{chapter.16}{\376\377\000S\000o\000m\000e\000\040\000o\000f\000\040\000R\000i\000n\000g\000s}{}% 119
\BOOKMARK [1][-]{section.16.1}{\376\377\000L\000o\000c\000a\000l\000\040\000c\000o\000m\000p\000l\000e\000t\000e\000\040\000i\000n\000t\000e\000r\000s\000e\000c\000t\000i\000o\000n\000\040\000R\000i\000n\000g\000s}{chapter.16}% 120
\BOOKMARK [2][-]{subsection.16.1.1}{\376\377\000P\000r\000o\000p\000e\000r\000t\000i\000e\000s}{section.16.1}% 121
\BOOKMARK [2][-]{subsection.16.1.2}{\376\377\000T\000o\000p\000o\000l\000o\000g\000y\000\040\000a\000n\000d\000\040\000H\000o\000m\000o\000l\000o\000g\000y}{section.16.1}% 122
\BOOKMARK [2][-]{subsection.16.1.3}{\376\377\000N\000o\000r\000m\000a\000l\000\040\000B\000u\000n\000d\000l\000e}{section.16.1}% 123
\BOOKMARK [2][-]{subsection.16.1.4}{\376\377\000C\000o\000h\000e\000n\000-\000M\000a\000c\000a\000u\000l\000a\000y\000\040\000P\000r\000o\000p\000e\000r\000t\000y}{section.16.1}% 124
\BOOKMARK [1][-]{section.16.2}{\376\377\000G\000o\000r\000e\000n\000s\000t\000e\000i\000n\000\040\000R\000i\000n\000g\000s}{chapter.16}% 125
\BOOKMARK [1][-]{section.16.3}{\376\377\000R\000e\000g\000u\000l\000a\000r\000\040\000L\000o\000c\000a\000l\000\040\000R\000i\000n\000g\000s}{chapter.16}% 126
\BOOKMARK [1][-]{section.16.4}{\376\377\000C\000o\000h\000e\000n\000-\000M\000a\000c\000a\000u\000l\000a\000y\000\040\000R\000i\000n\000g\000s\000,\000\040\000M\000o\000d\000u\000l\000e\000s}{chapter.16}% 127
\BOOKMARK [1][-]{section.16.5}{\376\377\000U\000n\000i\000v\000e\000r\000s\000a\000l\000\040\000C\000a\000t\000e\000n\000a\000r\000y\000\040\000R\000i\000n\000g\000s}{chapter.16}% 128
\BOOKMARK [1][-]{section.16.6}{\376\377\000H\000e\000n\000s\000e\000l\000i\000a\000n\000\040\000L\000o\000c\000a\000l\000\040\000R\000i\000n\000g\000s}{chapter.16}% 129
\BOOKMARK [0][-]{chapter.17}{\376\377\000E\000t\000a\000l\000e\000\040\000M\000a\000p}{}% 130
\BOOKMARK [0][-]{chapter.18}{\376\377\000J\000a\000p\000a\000n\000e\000s\000e\000\040\000R\000i\000n\000g\000s\000,\000\040\000N\000a\000g\000a\000t\000a\000\040\000R\000i\000n\000g\000s}{}% 131
\BOOKMARK [0][-]{chapter.19}{\376\377\000G\000r\000o\000e\000b\000n\000e\000r\000\040\000B\000a\000s\000e\000s}{}% 132
\BOOKMARK [1][-]{section.19.1}{\376\377\000O\000r\000d\000e\000r\000i\000n\000g\000\040\000o\000f\000\040\000M\000o\000n\000o\000m\000i\000a\000l\000s}{chapter.19}% 133
\BOOKMARK [1][-]{section.19.2}{\376\377\000A\000\040\000D\000i\000v\000i\000s\000i\000o\000n\000\040\000A\000l\000g\000o\000r\000i\000t\000h\000m\000\040\000f\000o\000r\000\040\000P\000o\000l\000y\000n\000o\000m\000i\000a\000l\000\040\000R\000i\000n\000g\000s\000\040\000k\000[\000X\0001\000,\040\046\000,\000X\000n\000]}{chapter.19}% 134
\BOOKMARK [1][-]{section.19.3}{\376\377\000H\000i\000l\000b\000e\000r\000t\000'\000s\000\040\000N\000u\000l\000l\000s\000t\000e\000l\000l\000e\000n\000s\000a\000t\000z\000,\000\040\000a\000n\000d\000\040\000G\000r\000o\000e\000b\000n\000e\000r\000'\000s\000\040\000B\000a\000s\000e}{chapter.19}% 135
\BOOKMARK [1][-]{section.19.4}{\376\377\000P\000r\000o\000p\000e\000r\000t\000i\000e\000s\000\040\000o\000f\000\040\000G\000r\000o\000e\000b\000n\000e\000r\000'\000s\000\040\000B\000a\000s\000e\000s}{chapter.19}% 136
\BOOKMARK [1][-]{section.19.5}{\376\377\000B\000u\000c\000h\000b\000e\000r\000g\000e\000r\000'\000s\000\040\000A\000l\000g\000o\000r\000i\000t\000h\000m}{chapter.19}% 137
\BOOKMARK [0][-]{chapter.20}{\376\377\000E\000l\000i\000m\000i\000n\000t\000a\000t\000i\000o\000n\000\040\000T\000h\000e\000o\000r\000y}{}% 138
\BOOKMARK [0][-]{chapter.21}{\376\377\000R\000e\000f\000l\000e\000x\000i\000v\000e\000\040\000M\000o\000d\000u\000l\000e}{}% 139
\BOOKMARK [0][-]{chapter.22}{\376\377\000T\000o\000r\000s\000i\000o\000n}{}% 140
\BOOKMARK [1][-]{section.22.1}{\376\377\000T\000o\000r\000s\000i\000o\000n\000\040\000M\000o\000d\000u\000l\000e}{chapter.22}% 141
\BOOKMARK [2][-]{subsection.22.1.1}{\376\377\000S\000e\000r\000r\000e\000\040\000S\000u\000b\000c\000a\000t\000e\000g\000o\000r\000y}{section.22.1}% 142
\BOOKMARK [2][-]{subsection.22.1.2}{\376\377\000C\000o\000h\000o\000m\000o\000l\000o\000g\000y}{section.22.1}% 143
