\BOOKMARK [0][-]{chapter.1}{\376\377\000L\000o\000c\000a\000l\000\040\000T\000h\000e\000o\000r\000y}{}% 1
\BOOKMARK [1][-]{section.1.1}{\376\377\000A\000n\000a\000l\000y\000t\000i\000c\000\040\000V\000a\000r\000i\000e\000t\000y}{chapter.1}% 2
\BOOKMARK [1][-]{section.1.2}{\376\377\000C\000o\000m\000p\000l\000e\000x\000\040\000M\000a\000n\000i\000f\000o\000l\000d}{chapter.1}% 3
\BOOKMARK [2][-]{subsection.1.2.1}{\376\377\000H\000e\000r\000m\000i\000t\000i\000a\000n\000\040\000S\000t\000r\000u\000c\000t\000u\000r\000e}{section.1.2}% 4
\BOOKMARK [2][-]{subsection.1.2.2}{\376\377\000C\000o\000m\000p\000l\000e\000x\000\040\000M\000a\000n\000i\000f\000o\000l\000d}{section.1.2}% 5
\BOOKMARK [2][-]{subsection.1.2.3}{\376\377\000P\000o\000i\000n\000c\000a\000r\000e\000\040\000D\000u\000a\000l\000i\000t\000y}{section.1.2}% 6
\BOOKMARK [1][-]{section.1.3}{\376\377\000T\000h\000e\000\040\000P\000r\000o\000j\000e\000c\000t\000i\000v\000e\000\040\000S\000p\000a\000c\000e\000s}{chapter.1}% 7
\BOOKMARK [1][-]{section.1.4}{\376\377\000B\000l\000o\000w\000-\000U\000p\000s}{chapter.1}% 8
\BOOKMARK [2][-]{subsection.1.4.1}{\376\377\000B\000l\000o\000w\000-\000U\000p\000s\000\040\000o\000n\000\040\000O\000p\000e\000n\000s}{section.1.4}% 9
\BOOKMARK [2][-]{subsection.1.4.2}{\376\377\000B\000l\000o\000w\000-\000U\000p\000s\000\040\000o\000n\000\040\000M\000a\000n\000i\000f\000o\000l\000d\000s}{section.1.4}% 10
\BOOKMARK [2][-]{subsection.1.4.3}{\376\377\000L\000i\000n\000e\000\040\000B\000u\000n\000d\000l\000e\000s}{section.1.4}% 11
\BOOKMARK [1][-]{section.1.5}{\376\377\000F\000u\000b\000i\000n\000i\000-\000S\000t\000u\000d\000y\000\040\000M\000e\000t\000r\000i\000c}{chapter.1}% 12
\BOOKMARK [0][-]{chapter.2}{\376\377\000K\000a\000h\000l\000e\000r\000\040\000M\000a\000n\000i\000f\000o\000l\000d\000s}{}% 13
\BOOKMARK [1][-]{section.2.1}{\376\377\000D\000e\000f\000i\000n\000i\000t\000i\000o\000n\000s}{chapter.2}% 14
\BOOKMARK [2][-]{subsection.2.1.1}{\376\377\000K\000\344\000h\000l\000e\000r\000\040\000C\000o\000n\000d\000i\000t\000i\000o\000n\000s}{section.2.1}% 15
\BOOKMARK [1][-]{section.2.2}{\376\377\000K\000\344\000h\000l\000e\000r\000\040\000M\000e\000t\000r\000i\000c\000s}{chapter.2}% 16
\BOOKMARK [2][-]{subsection.2.2.1}{\376\377\000D\000e\000f\000i\000n\000i\000t\000i\000o\000n\000\040\000a\000n\000d\000\040\000B\000a\000s\000i\000c\000\040\000P\000r\000o\000p\000e\000r\000t\000i\000e\000s}{section.2.2}% 17
\BOOKMARK [2][-]{subsection.2.2.2}{\376\377\000H\000e\000r\000m\000i\000t\000i\000a\000n\000\040\000a\000n\000d\000\040\000K\000\344\000h\000l\000e\000r\000\040\000M\000e\000t\000r\000i\000c\000s}{section.2.2}% 18
\BOOKMARK [2][-]{subsection.2.2.3}{\376\377\000B\000a\000s\000i\000c\000\040\000P\000r\000o\000p\000e\000r\000t\000i\000e\000s}{section.2.2}% 19
\BOOKMARK [1][-]{section.2.3}{\376\377\000C\000h\000a\000r\000a\000c\000t\000e\000r\000i\000z\000a\000t\000i\000o\000n\000\040\000o\000f\000\040\000K\000\344\000h\000l\000e\000r\000\040\000M\000e\000t\000r\000i\000c\000s}{chapter.2}% 20
\BOOKMARK [1][-]{section.2.4}{\376\377\000K\000\344\000h\000l\000e\000r\000\040\000M\000e\000t\000r\000i\000c\000s\000\040\000a\000n\000d\000\040\000C\000o\000n\000n\000e\000c\000t\000i\000o\000n\000s}{chapter.2}% 21
\BOOKMARK [2][-]{subsection.2.4.1}{\376\377\000M\000e\000t\000r\000i\000c\000s}{section.2.4}% 22
\BOOKMARK [2][-]{subsection.2.4.2}{\376\377\000C\000h\000a\000r\000a\000c\000t\000e\000r\000i\000s\000a\000t\000i\000o\000n\000\040\000o\000f\000\040\000K\000\344\000h\000l\000e\000r\000\040\000M\000e\000t\000r\000i\000c\000s}{section.2.4}% 23
\BOOKMARK [0][-]{chapter.3}{\376\377\000V\000e\000c\000t\000o\000r\000\040\000B\000u\000n\000d\000l\000e\000s}{}% 24
\BOOKMARK [1][-]{section.3.1}{\376\377\000H\000o\000l\000o\000m\000o\000r\000p\000h\000i\000c\000\040\000V\000e\000c\000t\000o\000r\000\040\000B\000u\000n\000d\000l\000e}{chapter.3}% 25
\BOOKMARK [1][-]{section.3.2}{\376\377\000D\000i\000v\000i\000s\000o\000r}{chapter.3}% 26
\BOOKMARK [2][-]{subsection.3.2.1}{\376\377\000A\000n\000a\000l\000y\000t\000i\000c\000\040\000H\000y\000p\000e\000r\000s\000u\000r\000f\000a\000c\000e\000\040\000C\000a\000s\000e}{section.3.2}% 27
\BOOKMARK [2][-]{subsection.3.2.2}{\376\377\000L\000i\000n\000e\000\040\000B\000u\000n\000d\000l\000e}{section.3.2}% 28
\BOOKMARK [1][-]{section.3.3}{\376\377\000V\000a\000n\000i\000s\000h\000i\000n\000g\000\040\000T\000h\000e\000o\000r\000e\000m\000s\000,\000\040\000a\000n\000d\000\040\000C\000o\000r\000o\000l\000l\000a\000r\000i\000e\000s}{chapter.3}% 29
\BOOKMARK [1][-]{section.3.4}{\376\377\000A\000l\000g\000e\000b\000r\000a\000i\000c\000\040\000V\000a\000r\000i\000e\000t\000i\000e\000s}{chapter.3}% 30
\BOOKMARK [2][-]{subsection.3.4.1}{\376\377\000A\000n\000a\000l\000y\000t\000i\000c\000\040\000a\000n\000d\000\040\000A\000l\000g\000e\000b\000r\000a\000i\000c\000\040\000V\000a\000r\000i\000e\000t\000i\000e\000s}{section.3.4}% 31
\BOOKMARK [2][-]{subsection.3.4.2}{\376\377\000D\000e\000g\000r\000e\000e\000\040\000o\000f\000\040\000V\000a\000r\000i\000e\000t\000i\000e\000s}{section.3.4}% 32
\BOOKMARK [2][-]{subsection.3.4.3}{\376\377\000T\000a\000n\000g\000e\000n\000t\000\040\000S\000p\000a\000c\000e\000\040\000t\000o\000\040\000A\000l\000g\000e\000b\000r\000a\000i\000c\000\040\000V\000a\000r\000i\000e\000t\000i\000e\000s}{section.3.4}% 33
\BOOKMARK [1][-]{section.3.5}{\376\377\000T\000h\000e\000\040\000K\000o\000d\000a\000i\000r\000a\000\040\000E\000m\000b\000e\000d\000d\000i\000n\000g\000\040\000T\000h\000e\000o\000r\000e\000m}{chapter.3}% 34
\BOOKMARK [1][-]{section.3.6}{\376\377\000G\000r\000a\000s\000s\000m\000m\000a\000n\000i\000a\000n\000s}{chapter.3}% 35
\BOOKMARK [0][-]{chapter.4}{\376\377\000T\000h\000e\000\040\000T\000o\000p\000o\000l\000o\000g\000y\000\040\000o\000f\000\040\000A\000l\000g\000e\000b\000r\000a\000i\000c\000\040\000V\000a\000r\000i\000e\000t\000i\000e\000s}{}% 36
\BOOKMARK [0][-]{chapter.5}{\376\377\000A\000l\000g\000e\000b\000r\000a\000i\000c\000\040\000C\000y\000c\000l\000e\000s}{}% 37
\BOOKMARK [0][-]{chapter.6}{\376\377\000R\000i\000e\000m\000a\000n\000n\000\040\000S\000u\000r\000f\000a\000c\000e\000s\000,\000\040\000a\000n\000d\000\040\000A\000l\000g\000e\000b\000r\000a\000i\000c\000\040\000C\000u\000r\000v\000e\000s}{}% 38
\BOOKMARK [0][-]{chapter.7}{\376\377\000S\000u\000r\000f\000a\000c\000e\000s}{}% 39
\BOOKMARK [0][-]{chapter.8}{\376\377\000R\000e\000s\000i\000d\000u\000e\000s}{}% 40
\BOOKMARK [0][-]{chapter.9}{\376\377\000T\000h\000e\000\040\000Q\000u\000a\000d\000r\000i\000c\000\040\000L\000i\000n\000e\000\040\000C\000o\000m\000p\000l\000e\000x}{}% 41
\BOOKMARK [0][-]{chapter.10}{\376\377\000T\000h\000e\000\040\000H\000o\000d\000g\000e\000\040\000D\000e\000c\000o\000m\000p\000o\000s\000i\000t\000i\000o\000n}{}% 42
\BOOKMARK [0][-]{chapter.11}{\376\377\000V\000a\000r\000i\000a\000n\000t\000i\000o\000n\000s\000\040\000o\000f\000\040\000H\000o\000d\000g\000e\000\040\000S\000t\000r\000u\000c\000t\000u\000r\000e\000\040}{}% 43
\BOOKMARK [0][-]{chapter.12}{\376\377\000C\000o\000h\000o\000m\000o\000l\000o\000g\000y}{}% 44
\BOOKMARK [1][-]{section.12.1}{\376\377\000D\000o\000l\000b\000e\000a\000u\000l\000t\000-\000C\000o\000h\000o\000m\000o\000l\000o\000g\000y}{chapter.12}% 45
