\BOOKMARK [0][-]{chapter.1}{\376\377\000I\000n\000t\000r\000o\000d\000u\000c\000t\000i\000o\000n\000:\000\040\000A\000n\000\040\000O\000v\000e\000r\000v\000i\000e\000w\000\040\000o\000f\000\040\000S\000o\000m\000e\000\040\000T\000o\000p\000i\000c\000s}{}% 1
\BOOKMARK [0][-]{chapter.2}{\376\377\000L\000i\000e\000\040\000G\000r\000o\000u\000p\000s}{}% 2
\BOOKMARK [1][-]{section.2.1}{\376\377\000L\000i\000e\000\040\000G\000r\000o\000u\000p\000s}{chapter.2}% 3
\BOOKMARK [2][-]{subsection.2.1.1}{\376\377\000D\000e\000f\000i\000n\000i\000t\000i\000o\000n}{section.2.1}% 4
\BOOKMARK [2][-]{subsection.2.1.2}{\376\377\000T\000h\000e\000\040\000I\000d\000e\000n\000t\000i\000t\000y\000\040\000C\000o\000m\000p\000o\000n\000e\000n\000t}{section.2.1}% 5
\BOOKMARK [2][-]{subsection.2.1.3}{\376\377\000I\000n\000v\000a\000r\000i\000a\000n\000t\000\040\000o\000f\000\040\000V\000e\000c\000t\000o\000r\000\040\000F\000i\000e\000l\000d\000s}{section.2.1}% 6
\BOOKMARK [2][-]{subsection.2.1.4}{\376\377\000C\000l\000a\000s\000s\000i\000f\000i\000c\000a\000t\000i\000o\000n\000\040\000o\000f\000\040\000A\000b\000e\000l\000i\000a\000n\000\040\000L\000i\000e\000\040\000G\000r\000o\000u\000p\000s}{section.2.1}% 7
\BOOKMARK [1][-]{section.2.2}{\376\377\000C\000o\000v\000e\000r\000i\000n\000g\000\040\000o\000f\000\040\000L\000i\000e\000\040\000G\000r\000o\000u\000p\000s}{chapter.2}% 8
\BOOKMARK [1][-]{section.2.3}{\376\377\000M\000a\000t\000r\000i\000x\000\040\000G\000r\000o\000u\000p\000s}{chapter.2}% 9
\BOOKMARK [2][-]{subsection.2.3.1}{\376\377\000O\000r\000t\000h\000o\000n\000o\000r\000m\000a\000l\000\040\000G\000r\000o\000u\000p\000s}{section.2.3}% 10
\BOOKMARK [1][-]{section.2.4}{\376\377\000E\000x\000p\000o\000n\000e\000n\000t\000i\000a\000l\000\040\000F\000u\000n\000c\000t\000i\000o\000n}{chapter.2}% 11
\BOOKMARK [2][-]{subsection.2.4.1}{\376\377\000T\000h\000e\000\040\000M\000a\000t\000r\000i\000x\000\040\000E\000x\000p\000o\000n\000e\000n\000t\000i\000a\000l\000\040\000M\000a\000p}{section.2.4}% 12
\BOOKMARK [2][-]{subsection.2.4.2}{\376\377\000T\000h\000e\000\040\000E\000x\000p\000o\000n\000e\000n\000t\000i\000a\000l\000\040\000M\000a\000p}{section.2.4}% 13
\BOOKMARK [2][-]{subsection.2.4.3}{\376\377\000A\000p\000p\000l\000i\000c\000a\000t\000i\000o\000n\000:\000\040\000H\000o\000m\000o\000m\000o\000r\000p\000h\000i\000s\000m\000\040\000o\000f\000\040\000L\000i\000e\000\040\000G\000r\000o\000u\000p\000s\000\040\000o\000n\000\040\000C\000o\000n\000n\000e\000c\000t\000e\000d\000\040\000G\000r\000o\000u\000p\000s}{section.2.4}% 14
\BOOKMARK [1][-]{section.2.5}{\376\377\000L\000i\000n\000e\000a\000r\000\040\000L\000i\000e\000\040\000G\000r\000o\000u\000p}{chapter.2}% 15
\BOOKMARK [1][-]{section.2.6}{\376\377\000R\000e\000p\000r\000e\000s\000e\000n\000t\000a\000t\000i\000o\000n\000\040\000o\000f\000\040\000L\000i\000e\000\040\000G\000r\000o\000u\000p\000s}{chapter.2}% 16
\BOOKMARK [2][-]{subsection.2.6.1}{\376\377\000H\000a\000a\000r\000\040\000I\000n\000t\000e\000g\000r\000a\000l}{section.2.6}% 17
\BOOKMARK [2][-]{subsection.2.6.2}{\376\377\000R\000e\000p\000r\000e\000s\000e\000n\000t\000a\000t\000i\000o\000n}{section.2.6}% 18
\BOOKMARK [0][-]{chapter.3}{\376\377\000L\000i\000e\000\040\000A\000l\000g\000e\000b\000r\000a\000s}{}% 19
\BOOKMARK [1][-]{section.3.1}{\376\377\000E\000l\000e\000m\000e\000n\000t\000a\000r\000y\000\040\000T\000h\000e\000o\000r\000i\000e\000s}{chapter.3}% 20
\BOOKMARK [2][-]{subsection.3.1.1}{\376\377\000B\000a\000s\000i\000c\000\040\000C\000o\000n\000c\000e\000p\000t\000s}{section.3.1}% 21
\BOOKMARK [1][-]{section.3.2}{\376\377\000R\000o\000o\000t\000\040\000D\000e\000c\000o\000m\000p\000o\000s\000i\000t\000i\000o\000n\000s}{chapter.3}% 22
\BOOKMARK [1][-]{section.3.3}{\376\377\000R\000e\000p\000r\000e\000s\000e\000n\000t\000a\000t\000i\000o\000n\000\040\000T\000h\000e\000o\000r\000y\000\040\000o\000f\000\040\000L\000i\000e\000\040\000A\000l\000g\000e\000b\000r\000a}{chapter.3}% 23
\BOOKMARK [0][-]{chapter.4}{\376\377\000B\000a\000s\000i\000c\000\040\000L\000i\000e\000\040\000T\000h\000e\000o\000r\000y}{}% 24
\BOOKMARK [1][-]{section.4.1}{\376\377\000L\000i\000e\000\040\000G\000r\000o\000u\000p\000s\000\040\000a\000n\000d\000\040\000t\000h\000e\000i\000r\000\040\000L\000i\000e\000\040\000A\000l\000g\000e\000b\000r\000a\000s}{chapter.4}% 25
\BOOKMARK [2][-]{subsection.4.1.1}{\376\377\000L\000i\000e\000\040\000G\000r\000o\000u\000p\000s\000\040\000a\000n\000d\000\040\000T\000a\000n\000g\000e\000n\000t\000\040\000G\000r\000o\000u\000p\000s}{section.4.1}% 26
\BOOKMARK [2][-]{subsection.4.1.2}{\376\377\000T\000a\000n\000g\000e\000n\000t\000i\000a\000l\000\040\000M\000a\000p}{section.4.1}% 27
\BOOKMARK [2][-]{subsection.4.1.3}{\376\377\000L\000i\000e\000\040\000G\000r\000o\000u\000p\000\040\000S\000t\000r\000u\000c\000t\000u\000r\000e\000\040\000o\000f\000\040\000T\000\050\000G\000\051}{section.4.1}% 28
\BOOKMARK [2][-]{subsection.4.1.4}{\376\377\000T\000h\000e\000\040\000L\000i\000e\000\040\000F\000u\000n\000c\000t\000o\000r}{section.4.1}% 29
\BOOKMARK [2][-]{subsection.4.1.5}{\376\377\000S\000m\000o\000o\000t\000h\000\040\000A\000c\000t\000i\000o\000n\000s\000\040\000o\000f\000\040\000L\000i\000e\000\040\000G\000r\000o\000u\000p\000s}{section.4.1}% 30
\BOOKMARK [2][-]{subsection.4.1.6}{\376\377\000T\000o\000p\000o\000l\000o\000g\000y\000\040\000o\000f\000\040\000L\000i\000e\000\040\000G\000r\000o\000u\000p\000s}{section.4.1}% 31
\BOOKMARK [1][-]{section.4.2}{\376\377\000E\000x\000p\000o\000n\000e\000n\000t\000i\000a\000l\000\040\000F\000u\000n\000c\000t\000i\000o\000n\000s}{chapter.4}% 32
\BOOKMARK [2][-]{subsection.4.2.1}{\376\377\000B\000a\000s\000i\000c\000\040\000P\000r\000o\000p\000e\000r\000t\000i\000e\000s\000\040\000o\000f\000\040\000E\000x\000p\000o\000n\000e\000n\000t\000i\000a\000l\000\040\000F\000u\000n\000c\000t\000i\000o\000n}{section.4.2}% 33
\BOOKMARK [0][-]{chapter.5}{\376\377\000S\000m\000o\000o\000t\000h\000\040\000A\000c\000t\000i\000o\000n\000\040\000o\000f\000\040\000L\000i\000e\000\040\000G\000r\000o\000u\000p\000s}{}% 34
\BOOKMARK [0][-]{chapter.6}{\376\377\000S\000t\000r\000u\000c\000t\000u\000r\000e\000\040\000T\000h\000e\000o\000r\000y\000\040\000o\000f\000\040\000L\000i\000e\000\040\000G\000r\000o\000u\000p\000s}{}% 35
\BOOKMARK [0][-]{chapter.7}{\376\377\000C\000o\000m\000p\000a\000c\000t\000\040\000L\000i\000e\000\040\000T\000h\000e\000o\000r\000y}{}% 36
\BOOKMARK [1][-]{section.7.1}{\376\377\000C\000l\000a\000s\000i\000c\000a\000l\000\040\000G\000r\000o\000u\000p\000s}{chapter.7}% 37
\BOOKMARK [1][-]{section.7.2}{\376\377\000V\000e\000c\000t\000o\000r\000\040\000I\000n\000v\000a\000r\000i\000a\000n\000t\000s}{chapter.7}% 38
\BOOKMARK [2][-]{subsection.7.2.1}{\376\377\000T\000h\000e\000\040\000M\000a\000i\000n\000\040\000P\000r\000o\000p\000o\000s\000i\000t\000i\000o\000n\000\040\000o\000f\000\040\000t\000h\000e\000\040\000T\000h\000e\000o\000r\000y\000\040\000o\000f\000\040\000I\000n\000v\000a\000r\000i\000a\000n\000t\000s}{section.7.2}% 39
