\BOOKMARK [0][-]{chapter.1}{\376\377\000R\000i\000n\000g\000s}{}% 1
\BOOKMARK [1][-]{section.1.1}{\376\377\000D\000e\000f\000i\000n\000i\000t\000i\000o\000n\000s}{chapter.1}% 2
\BOOKMARK [1][-]{section.1.2}{\376\377\000U\000F\000D\000,\000P\000I\000D\000,\000E\000u\000c\000l\000i\000d\000e\000a\000n\000\040\000R\000i\000n\000g}{chapter.1}% 3
\BOOKMARK [1][-]{section.1.3}{\376\377\000L\000o\000c\000a\000l\000i\000z\000a\000t\000i\000o\000n}{chapter.1}% 4
\BOOKMARK [1][-]{section.1.4}{\376\377\000t\000i\000t\000l\000e}{chapter.1}% 5
\BOOKMARK [2][-]{subsection.1.4.1}{\376\377\000R\000i\000n\000g\000\040\000M\000a\000p\000s\000\040\000o\000f\000\040\000F\000i\000n\000i\000t\000e\000\040\000T\000y\000p\000e\000\040\000a\000n\000d\000\040\000o\000f\000\040\000F\000i\000n\000i\000t\000e\000\040\000R\000e\000p\000r\000e\000s\000e\000n\000t\000a\000t\000i\000o\000n}{section.1.4}% 6
\BOOKMARK [2][-]{subsection.1.4.2}{\376\377\000R\000i\000n\000g\000\040\000M\000a\000p\000s\000\040\000o\000f\000\040\000F\000i\000n\000i\000t\000e\000\040\000T\000y\000p\000e\000\040\000a\000n\000d\000\040\000o\000f\000\040\000F\000i\000n\000i\000t\000e\000\040\000P\000r\000e\000s\000e\000n\000t\000a\000t\000i\000o\000n}{section.1.4}% 7
\BOOKMARK [2][-]{subsection.1.4.3}{\376\377\000F\000i\000n\000i\000t\000e\000\040\000R\000i\000n\000g\000\040\000M\000a\000p\000s}{section.1.4}% 8
\BOOKMARK [2][-]{subsection.1.4.4}{\376\377\000H\000o\000m\000o\000m\000o\000r\000p\000h\000i\000s\000m\000s\000\040\000E\000s\000s\000e\000n\000t\000i\000a\000l\000l\000y\000\040\000o\000f\000\040\000F\000i\000n\000i\000t\000e\000\040\000T\000y\000p\000e}{section.1.4}% 9
\BOOKMARK [0][-]{chapter.2}{\376\377\000M\000o\000d\000u\000l\000e\000s}{}% 10
\BOOKMARK [1][-]{section.2.1}{\376\377\000I\000n\000t\000e\000r\000n\000a\000l\000\040\000H\000o\000m}{chapter.2}% 11
\BOOKMARK [1][-]{section.2.2}{\376\377\000T\000e\000n\000s\000o\000r\000\040\000P\000r\000o\000d\000u\000c\000t}{chapter.2}% 12
\BOOKMARK [2][-]{subsection.2.2.1}{\376\377\000F\000i\000n\000i\000t\000e\000n\000e\000s\000s}{section.2.2}% 13
\BOOKMARK [2][-]{subsection.2.2.2}{\376\377\000T\000e\000n\000s\000o\000r\000\040\000A\000l\000g\000e\000b\000r\000a}{section.2.2}% 14
\BOOKMARK [1][-]{section.2.3}{\376\377\000L\000i\000m\000i\000t\000s\000,\000\040\000C\000o\000l\000i\000m\000i\000t\000s}{chapter.2}% 15
\BOOKMARK [2][-]{subsection.2.3.1}{\376\377\000D\000i\000r\000e\000c\000t\000e\000d\000\040\000S\000y\000s\000t\000e\000m\000,\000\040\000D\000i\000r\000e\000c\000t\000e\000d\000\040\000L\000i\000m\000i\000t\000s}{section.2.3}% 16
\BOOKMARK [2][-]{subsection.2.3.2}{\376\377\000D\000i\000r\000e\000c\000t\000e\000d\000\040\000L\000i\000m\000i\000t\000\040\000i\000n\000\040\000I\000n\000d\000e\000x\000\040\000C\000a\000t\000e\000g\000o\000r\000y}{section.2.3}% 17
\BOOKMARK [1][-]{section.2.4}{\376\377\000C\000h\000a\000r\000a\000c\000t\000e\000r\000i\000z\000i\000n\000g\000\040\000F\000i\000n\000i\000t\000e\000\040\000a\000n\000d\000\040\000F\000i\000n\000i\000t\000e\000l\000y\000\040\000P\000r\000e\000s\000e\000n\000t\000e\000d\000\040\000M\000o\000d\000u\000l\000e\000s}{chapter.2}% 18
\BOOKMARK [1][-]{section.2.5}{\376\377\000F\000i\000n\000i\000t\000e\000\040\000C\000a\000s\000e\000\040\000o\000f\000\040\000M\000o\000d\000u\000l\000e\000s\000\040\000a\000n\000d\000\040\000M\000a\000p\000s}{chapter.2}% 19
\BOOKMARK [2][-]{subsection.2.5.1}{\376\377\000F\000i\000n\000i\000t\000e\000\040\000M\000o\000d\000u\000l\000e\000s\000,\000\040\000a\000n\000d\000\040\000F\000i\000n\000i\000t\000e\000l\000y\000\040\000p\000r\000e\000s\000e\000n\000t\000e\000d\000\040\000m\000o\000d\000u\000l\000e\000s}{section.2.5}% 20
\BOOKMARK [1][-]{section.2.6}{\376\377\000B\000a\000s\000e\000\040\000C\000h\000a\000n\000g\000e}{chapter.2}% 21
\BOOKMARK [0][-]{chapter.3}{\376\377\000A\000s\000s\000o\000c\000i\000a\000t\000i\000v\000e\000\040\000A\000l\000g\000e\000b\000r\000a}{}% 22
\BOOKMARK [0][-]{chapter.4}{\376\377\000P\000o\000l\000y\000n\000o\000m\000i\000a\000l\000\040\000A\000l\000g\000e\000b\000r\000a}{}% 23
\BOOKMARK [1][-]{section.4.1}{\376\377\000D\000i\000s\000c\000r\000i\000m\000i\000n\000a\000n\000t\000\040}{chapter.4}% 24
\BOOKMARK [0][-]{chapter.5}{\376\377\000M\000a\000t\000r\000i\000x\000\040\000A\000l\000g\000e\000b\000r\000a}{}% 25
