\BOOKMARK [0][-]{chapter.1}{\376\377\000S\000h\000e\000a\000v\000e\000s}{}% 1
\BOOKMARK [1][-]{section.1.1}{\376\377\000P\000r\000e\000s\000h\000e\000a\000v\000e\000s\000\040\000a\000n\000d\000\040\000S\000h\000e\000a\000v\000e\000s}{chapter.1}% 2
\BOOKMARK [2][-]{subsection.1.1.1}{\376\377\000P\000r\000e\000s\000h\000e\000a\000v\000e\000s}{section.1.1}% 3
\BOOKMARK [2][-]{subsection.1.1.2}{\376\377\000S\000h\000e\000a\000v\000e\000s}{section.1.1}% 4
\BOOKMARK [2][-]{subsection.1.1.3}{\376\377\000S\000t\000a\000l\000k\000s}{section.1.1}% 5
\BOOKMARK [2][-]{subsection.1.1.4}{\376\377\000E\000x\000a\000c\000t\000n\000e\000s\000s}{section.1.1}% 6
\BOOKMARK [2][-]{subsection.1.1.5}{\376\377\000S\000h\000e\000a\000f\000i\000f\000i\000c\000a\000t\000i\000o\000n\000s}{section.1.1}% 7
\BOOKMARK [2][-]{subsection.1.1.6}{\376\377\000L\000i\000m\000i\000t\000s\000\040\000a\000n\000d\000\040\000C\000o\000l\000i\000m\000i\000t\000s}{section.1.1}% 8
\BOOKMARK [1][-]{section.1.2}{\376\377\000M\000o\000r\000p\000h\000i\000s\000m\000s}{chapter.1}% 9
\BOOKMARK [2][-]{subsection.1.2.1}{\376\377\000C\000o\000n\000t\000i\000n\000u\000o\000u\000s\000\040\000M\000a\000p\000s\000\040\000a\000n\000d\000\040\000S\000h\000e\000a\000v\000e\000s}{section.1.2}% 10
\BOOKMARK [2][-]{subsection.1.2.2}{\376\377\000O\000p\000e\000n\000\040\000I\000m\000m\000e\000r\000s\000i\000o\000n\000s\000\040\000a\000n\000d\000\040\000\050\000P\000r\000e\000\051\000s\000h\000e\000a\000v\000e\000s}{section.1.2}% 11
\BOOKMARK [2][-]{subsection.1.2.3}{\376\377\000C\000l\000o\000s\000e\000d\000\040\000I\000m\000m\000e\000r\000s\000i\000o\000n\000s\000\040\000a\000n\000d\000\040\000\050\000P\000r\000e\000\051\000s\000h\000e\000a\000v\000e\000s}{section.1.2}% 12
\BOOKMARK [1][-]{section.1.3}{\376\377\000R\000i\000n\000g\000e\000d\000\040\000S\000p\000a\000c\000e\000s\000\040\000a\000n\000d\000\040\000M\000o\000d\000u\000l\000e\000s}{chapter.1}% 13
\BOOKMARK [2][-]{subsection.1.3.1}{\376\377\000M\000o\000r\000p\000h\000i\000s\000m\000s\000\040\000o\000f\000\040\000R\000i\000n\000g\000e\000d\000\040\000S\000p\000a\000c\000e\000s\000\040\000a\000n\000d\000\040\000M\000o\000d\000u\000l\000e\000s}{section.1.3}% 14
\BOOKMARK [1][-]{section.1.4}{\376\377\000C\000o\000n\000s\000t\000r\000u\000c\000t\000i\000o\000n\000s}{chapter.1}% 15
\BOOKMARK [2][-]{subsection.1.4.1}{\376\377\000S\000k\000y\000c\000r\000a\000p\000e\000r\000\040\000S\000h\000e\000a\000v\000e\000s\000\040\000a\000n\000d\000\040\000S\000t\000a\000l\000k\000s}{section.1.4}% 16
\BOOKMARK [2][-]{subsection.1.4.2}{\376\377\000B\000a\000s\000e\000s\000\040\000a\000n\000d\000\040\000S\000h\000e\000a\000v\000e\000s}{section.1.4}% 17
\BOOKMARK [2][-]{subsection.1.4.3}{\376\377\000G\000l\000u\000i\000n\000g\000\040\000S\000h\000e\000a\000v\000e\000s}{section.1.4}% 18
\BOOKMARK [0][-]{chapter.2}{\376\377\000S\000h\000e\000a\000v\000e\000s\000\040\000o\000f\000\040\000M\000o\000d\000u\000l\000e\000s}{}% 19
\BOOKMARK [1][-]{section.2.1}{\376\377\000F\000u\000n\000d\000a\000m\000e\000n\000t\000a\000l\000s}{chapter.2}% 20
\BOOKMARK [2][-]{subsection.2.1.1}{\376\377\000S\000h\000e\000a\000v\000e\000s\000\040\000o\000f\000\040\000M\000o\000d\000u\000l\000e\000s}{section.2.1}% 21
\BOOKMARK [2][-]{subsection.2.1.2}{\376\377\000M\000o\000r\000p\000s\000h\000i\000s\000m\000s}{section.2.1}% 22
\BOOKMARK [1][-]{section.2.2}{\376\377\000C\000l\000a\000s\000s\000i\000f\000i\000c\000a\000t\000i\000o\000n\000\040\000o\000f\000\040\000M\000o\000d\000u\000l\000e\000s}{chapter.2}% 23
\BOOKMARK [2][-]{subsection.2.2.1}{\376\377\000S\000h\000e\000a\000f\000\040\000G\000e\000n\000e\000r\000a\000t\000e\000d\000\040\000b\000y\000\040\000G\000l\000o\000b\000a\000l\000\040\000S\000e\000c\000t\000i\000o\000n\000s}{section.2.2}% 24
\BOOKMARK [2][-]{subsection.2.2.2}{\376\377\000M\000o\000d\000u\000l\000e\000s\000\040\000l\000o\000c\000a\000l\000l\000y\000\040\000G\000e\000n\000e\000r\000a\000t\000e\000d\000\040\000b\000y\000\040\000S\000e\000c\000t\000i\000o\000n\000s}{section.2.2}% 25
\BOOKMARK [2][-]{subsection.2.2.3}{\376\377\000M\000o\000d\000u\000l\000e\000s\000\040\000o\000f\000\040\000F\000i\000n\000i\000t\000e\000\040\000T\000y\000p\000e}{section.2.2}% 26
\BOOKMARK [2][-]{subsection.2.2.4}{\376\377\000Q\000u\000a\000s\000i\000-\000C\000o\000h\000e\000r\000e\000n\000t\000\040\000M\000o\000d\000u\000l\000e\000s}{section.2.2}% 27
\BOOKMARK [2][-]{subsection.2.2.5}{\376\377\000M\000o\000d\000u\000l\000e\000s\000\040\000o\000f\000\040\000F\000i\000n\000i\000t\000e\000\040\000R\000e\000p\000r\000e\000s\000e\000n\000t\000a\000t\000i\000o\000n}{section.2.2}% 28
\BOOKMARK [2][-]{subsection.2.2.6}{\376\377\000C\000o\000h\000e\000r\000e\000n\000t\000\040\000M\000o\000d\000u\000l\000e\000s}{section.2.2}% 29
\BOOKMARK [2][-]{subsection.2.2.7}{\376\377\000L\000o\000c\000a\000l\000l\000y\000\040\000f\000r\000e\000e\000\040\000S\000h\000e\000a\000v\000e\000s}{section.2.2}% 30
\BOOKMARK [2][-]{subsection.2.2.8}{\376\377\000F\000l\000a\000t\000\040\000M\000o\000d\000u\000l\000e\000s}{section.2.2}% 31
\BOOKMARK [2][-]{subsection.2.2.9}{\376\377\000C\000o\000n\000s\000t\000r\000u\000c\000t\000i\000b\000l\000e\000\040\000S\000h\000e\000a\000v\000e\000s\000\040\000o\000f\000\040\000S\000e\000t\000s}{section.2.2}% 32
\BOOKMARK [2][-]{subsection.2.2.10}{\376\377\000F\000l\000a\000t\000\040\000M\000o\000r\000p\000h\000i\000s\000m\000s\000\040\000o\000f\000\040\000R\000i\000n\000g\000e\000d\000\040\000S\000p\000a\000c\000e\000s}{section.2.2}% 33
\BOOKMARK [2][-]{subsection.2.2.11}{\376\377\000I\000n\000v\000e\000r\000t\000i\000b\000l\000e\000\040\000M\000o\000d\000u\000l\000e\000s}{section.2.2}% 34
\BOOKMARK [1][-]{section.2.3}{\376\377\000O\000t\000h\000e\000r\000\040\000C\000o\000n\000s\000t\000r\000u\000c\000t\000i\000o\000n\000s}{chapter.2}% 35
\BOOKMARK [2][-]{subsection.2.3.1}{\376\377\000K\000o\000n\000z\000u\000l\000\040\000C\000o\000m\000p\000l\000e\000x\000e\000s}{section.2.3}% 36
\BOOKMARK [2][-]{subsection.2.3.2}{\376\377\000R\000a\000n\000k\000\040\000a\000n\000d\000\040\000D\000e\000t\000e\000r\000m\000i\000n\000a\000n\000t}{section.2.3}% 37
\BOOKMARK [2][-]{subsection.2.3.3}{\376\377\000L\000o\000c\000a\000l\000i\000z\000a\000t\000i\000o\000n}{section.2.3}% 38
\BOOKMARK [2][-]{subsection.2.3.4}{\376\377\000M\000o\000d\000u\000l\000e\000s\000\040\000o\000f\000\040\000D\000i\000f\000f\000e\000r\000e\000n\000t\000i\000a\000l\000s}{section.2.3}% 39
\BOOKMARK [2][-]{subsection.2.3.5}{\376\377\000F\000i\000n\000i\000t\000e\000\040\000O\000r\000d\000e\000r\000\040\000d\000i\000f\000f\000e\000r\000e\000n\000t\000i\000a\000l\000\040\000O\000p\000e\000r\000a\000t\000o\000r\000s}{section.2.3}% 40
\BOOKMARK [2][-]{subsection.2.3.6}{\376\377\000D\000e\000\040\000R\000h\000a\000m\000\040\000C\000o\000m\000p\000l\000e\000x}{section.2.3}% 41
\BOOKMARK [2][-]{subsection.2.3.7}{\376\377\000T\000h\000e\000\040\000N\000a\000i\000v\000e\000\040\000C\000o\000t\000a\000n\000g\000e\000n\000t\000\040\000C\000o\000m\000p\000l\000e\000x}{section.2.3}% 42
\BOOKMARK [1][-]{section.2.4}{\376\377\000D\000i\000f\000f\000e\000r\000e\000n\000t\000i\000a\000l\000\040\000G\000r\000a\000d\000e\000d\000\040\000S\000h\000e\000a\000v\000e\000s}{chapter.2}% 43
\BOOKMARK [2][-]{subsection.2.4.1}{\376\377\000S\000h\000e\000a\000v\000e\000s\000\040\000o\000f\000\040\000G\000r\000a\000d\000e\000d\000\040\000A\000l\000g\000e\000b\000r\000a\000s}{section.2.4}% 44
\BOOKMARK [2][-]{subsection.2.4.2}{\376\377\000S\000h\000e\000a\000v\000e\000s\000\040\000o\000f\000\040\000G\000r\000a\000d\000e\000d\000\040\000M\000o\000d\000u\000l\000e\000s}{section.2.4}% 45
\BOOKMARK [2][-]{subsection.2.4.3}{\376\377\000T\000h\000e\000\040\000G\000r\000a\000d\000e\000d\000\040\000C\000a\000t\000e\000g\000o\000r\000y\000\040\000o\000f\000\040\000S\000h\000e\000a\000v\000e\000s\000\040\000o\000f\000\040\000G\000r\000a\000d\000e\000d\000\040\000M\000o\000d\000u\000l\000e\000s}{section.2.4}% 46
\BOOKMARK [2][-]{subsection.2.4.4}{\376\377\000T\000e\000n\000s\000o\000r\000\040\000P\000r\000o\000d\000u\000c\000t\000\040\000f\000o\000r\000\040\000S\000h\000e\000a\000v\000e\000s\000\040\000o\000f\000\040\000G\000r\000a\000d\000e\000d\000\040\000M\000o\000d\000u\000l\000e\000s}{section.2.4}% 47
\BOOKMARK [2][-]{subsection.2.4.5}{\376\377\000I\000n\000t\000e\000r\000n\000a\000l\000\040\000H\000o\000m\000\040\000f\000o\000r\000\040\000S\000h\000e\000a\000v\000e\000s\000\040\000o\000f\000\040\000G\000r\000a\000d\000e\000d\000\040\000M\000o\000d\000u\000l\000e\000s}{section.2.4}% 48
\BOOKMARK [2][-]{subsection.2.4.6}{\376\377\000L\000o\000c\000a\000l\000i\000z\000a\000t\000i\000o\000n\000\040\000a\000n\000d\000\040\000S\000h\000e\000a\000v\000e\000s\000\040\000o\000f\000\040\000G\000r\000a\000d\000e\000d\000\040\000M\000o\000d\000u\000l\000e\000s}{section.2.4}% 49
\BOOKMARK [2][-]{subsection.2.4.7}{\376\377\000H\000o\000m\000o\000t\000o\000p\000y\000\040\000C\000a\000t\000e\000g\000o\000r\000y}{section.2.4}% 50
\BOOKMARK [0][-]{chapter.3}{\376\377\000S\000h\000e\000a\000v\000e\000s\000\040\000o\000v\000e\000r\000\040\000A\000b\000e\000l\000i\000a\000n\000\040\000G\000r\000o\000u\000p\000s}{}% 51
\BOOKMARK [1][-]{section.3.1}{\376\377\000D\000e\000f\000i\000n\000i\000t\000i\000o\000n\000s}{chapter.3}% 52
\BOOKMARK [2][-]{subsection.3.1.1}{\376\377\000H\000o\000m\000o\000m\000o\000r\000p\000h\000i\000s\000m\000s\377\014\000S\000u\000b\000s\000h\000e\000a\000v\000e\000s\000\040\000a\000n\000d\000\040\000Q\000u\000o\000t\000i\000e\000n\000t\000\040\000S\000h\000e\000a\000v\000e\000s}{section.3.1}% 53
\BOOKMARK [2][-]{subsection.3.1.2}{\376\377\000C\000o\000h\000o\000m\000o\000l\000o\000g\000i\000e\000s}{section.3.1}% 54
\BOOKMARK [2][-]{subsection.3.1.3}{\376\377\000A\000l\000g\000e\000b\000r\000a\000i\000c\000\040\000C\000o\000n\000s\000t\000r\000u\000c\000t\000i\000o\000n\000s}{section.3.1}% 55
\BOOKMARK [2][-]{subsection.3.1.4}{\376\377\000S\000u\000p\000p\000o\000r\000t\000s}{section.3.1}% 56
\BOOKMARK [0][-]{chapter.4}{\376\377\000S\000h\000e\000a\000f\000\040\000C\000o\000h\000o\000m\000o\000l\000o\000g\000i\000e\000s}{}% 57
\BOOKMARK [1][-]{section.4.1}{\376\377\000H\000o\000m\000o\000l\000o\000g\000i\000c\000a\000l\000\040\000P\000r\000o\000p\000e\000r\000t\000i\000e\000s}{chapter.4}% 58
\BOOKMARK [2][-]{subsection.4.1.1}{\376\377\000C\000e\000c\000h\000\040\000C\000o\000h\000o\000m\000o\000l\000o\000g\000y}{section.4.1}% 59
\BOOKMARK [2][-]{subsection.4.1.2}{\376\377\000L\000o\000c\000a\000l\000i\000t\000y\000\040\000o\000f\000\040\000C\000o\000h\000o\000m\000o\000l\000o\000g\000y}{section.4.1}% 60
\BOOKMARK [2][-]{subsection.4.1.3}{\376\377\000M\000a\000y\000e\000r\000-\000V\000i\000e\000t\000o\000r\000i\000s}{section.4.1}% 61
\BOOKMARK [2][-]{subsection.4.1.4}{\376\377\000F\000u\000n\000c\000t\000o\000r\000i\000a\000l\000i\000t\000y\000\040\000o\000f\000\040\000C\000o\000h\000o\000m\000o\000l\000o\000g\000y}{section.4.1}% 62
\BOOKMARK [2][-]{subsection.4.1.5}{\376\377\000R\000e\000f\000i\000n\000e\000m\000e\000n\000t\000\040\000a\000n\000d\000\040\000C\000e\000c\000h\000\040\000C\000o\000h\000o\000m\000o\000l\000o\000g\000y}{section.4.1}% 63
\BOOKMARK [2][-]{subsection.4.1.6}{\376\377\000N\000o\000e\000t\000h\000e\000r\000i\000a\000n\000\040\000S\000p\000a\000c\000e}{section.4.1}% 64
\BOOKMARK [1][-]{section.4.2}{\376\377\000F\000l\000a\000s\000q\000u\000e\000\040\000S\000h\000e\000a\000v\000e\000s}{chapter.4}% 65
\BOOKMARK [1][-]{section.4.3}{\376\377\000T\000h\000e\000\040\000L\000e\000r\000a\000y\000\040\000S\000p\000e\000c\000t\000r\000a\000l\000\040\000S\000e\000q\000u\000e\000n\000c\000e}{chapter.4}% 66
\BOOKMARK [1][-]{section.4.4}{\376\377\000B\000a\000s\000e\000\040\000C\000h\000a\000n\000g\000e}{chapter.4}% 67
\BOOKMARK [1][-]{section.4.5}{\376\377\000C\000o\000l\000i\000m\000i\000t\000s}{chapter.4}% 68
\BOOKMARK [1][-]{section.4.6}{\376\377\000C\000u\000p\000\040\000P\000r\000o\000d\000u\000c\000t}{chapter.4}% 69
\BOOKMARK [0][-]{chapter.5}{\376\377\000S\000i\000t\000e\000s}{}% 70
\BOOKMARK [1][-]{section.5.1}{\376\377\000D\000e\000f\000i\000n\000i\000t\000i\000o\000n\000s}{chapter.5}% 71
\BOOKMARK [2][-]{subsection.5.1.1}{\376\377\000M\000o\000r\000p\000h\000i\000s\000m\000s\000\040\000w\000i\000t\000h\000\040\000F\000i\000x\000e\000d\000\040\000T\000a\000r\000g\000e\000t}{section.5.1}% 72
\BOOKMARK [2][-]{subsection.5.1.2}{\376\377\000S\000i\000t\000e\000s}{section.5.1}% 73
