\BOOKMARK [0][-]{chapter.1}{\376\377\000T\000o\000p\000o\000l\000o\000g\000i\000c\000a\000l\000\040\000V\000e\000c\000t\000o\000r\000\040\000S\000p\000a\000c\000e}{}% 1
\BOOKMARK [1][-]{section.1.1}{\376\377\000D\000e\000f\000i\000n\000i\000t\000i\000o\000n}{chapter.1}% 2
\BOOKMARK [2][-]{subsection.1.1.1}{\376\377\000L\000i\000n\000e\000a\000r\000\040\000S\000t\000r\000u\000c\000t\000u\000r\000e\000,\000\040\000a\000n\000d\000\040\000C\000o\000m\000p\000a\000t\000i\000b\000i\000l\000i\000t\000i\000e\000s}{section.1.1}% 3
\BOOKMARK [2][-]{subsection.1.1.2}{\376\377\000t\000i\000t\000l\000e}{section.1.1}% 4
\BOOKMARK [1][-]{section.1.2}{\376\377\000H\000a\000u\000s\000d\000o\000r\000f\000f\000\040\000T\000o\000p\000o\000l\000o\000g\000i\000c\000a\000l\000\040\000V\000e\000c\000t\000o\000r\000\040\000S\000p\000a\000c\000e\000s}{chapter.1}% 5
\BOOKMARK [1][-]{section.1.3}{\376\377\000Q\000u\000o\000t\000i\000e\000n\000t\000\040\000T\000o\000p\000o\000l\000o\000g\000i\000c\000a\000l\000\040\000V\000e\000c\000t\000o\000r\000\040\000S\000p\000a\000c\000e\000s}{chapter.1}% 6
\BOOKMARK [1][-]{section.1.4}{\376\377\000C\000a\000u\000c\000h\000y\000\040\000F\000i\000l\000t\000e\000r\000,\000\040\000C\000o\000m\000p\000l\000e\000t\000e\000\040\000S\000u\000b\000s\000e\000t\000s\000,\000\040\000C\000o\000m\000p\000l\000e\000t\000i\000o\000n}{chapter.1}% 7
\BOOKMARK [1][-]{section.1.5}{\376\377\000C\000o\000m\000p\000a\000c\000t\000\040\000S\000e\000t\000s}{chapter.1}% 8
\BOOKMARK [0][-]{chapter.2}{\376\377\000S\000e\000m\000i\000-\000N\000o\000r\000m\000s\000,\000N\000o\000r\000m\000s}{}% 9
\BOOKMARK [1][-]{section.2.1}{\376\377\000S\000e\000m\000i\000-\000N\000o\000r\000m\000s}{chapter.2}% 10
\BOOKMARK [2][-]{subsection.2.1.1}{\376\377\000C\000o\000n\000v\000e\000x\000i\000t\000y}{section.2.1}% 11
\BOOKMARK [2][-]{subsection.2.1.2}{\376\377\000B\000a\000r\000r\000e\000l\000\040\000T\000V\000S}{section.2.1}% 12
\BOOKMARK [2][-]{subsection.2.1.3}{\376\377\000L\000C\000T\000V\000S}{section.2.1}% 13
\BOOKMARK [1][-]{section.2.2}{\376\377\000M\000e\000t\000r\000i\000z\000a\000b\000i\000b\000l\000e\000\040\000T\000V\000S}{chapter.2}% 14
\BOOKMARK [1][-]{section.2.3}{\376\377\000N\000o\000r\000m\000s}{chapter.2}% 15
\BOOKMARK [0][-]{chapter.3}{\376\377\000F\000r\000e\000c\000h\000e\000t\000\040\000S\000p\000a\000c\000e}{}% 16
\BOOKMARK [1][-]{section.3.1}{\376\377\000D\000e\000f\000i\000n\000i\000t\000i\000o\000n\000s}{chapter.3}% 17
\BOOKMARK [2][-]{subsection.3.1.1}{\376\377\000F\000-\000S\000p\000a\000c\000e}{section.3.1}% 18
\BOOKMARK [2][-]{subsection.3.1.2}{\376\377\000L\000F\000-\000S\000p\000a\000c\000e}{section.3.1}% 19
\BOOKMARK [2][-]{subsection.3.1.3}{\376\377\000H\000o\000r\000m\000a\000n\000d\000e\000r\000'\000s\000\040\000P\000r\000o\000p\000o\000s\000i\000t\000i\000o\000n\000\040\000f\000o\000r\000\040\000C\000c\000\050\000\051}{section.3.1}% 20
\BOOKMARK [1][-]{section.3.2}{\376\377\000T\000h\000e\000\040\000S\000p\000a\000c\000e\000\040\000o\000f\000\040\000H\000o\000l\000o\000m\000o\000r\000p\000h\000i\000c\000\040\000F\000u\000n\000c\000t\000i\000o\000n\000s\000\040\000i\000n\000\040\000O\000p\000e\000n\000\040\000S\000u\000b\000s\000e\000t\000\040\000o\000f\000\040\000C\000n}{chapter.3}% 21
\BOOKMARK [1][-]{section.3.3}{\376\377\000T\000h\000e\000\040\000S\000p\000a\000c\000e\000\040\000o\000f\000\040\000F\000o\000r\000m\000a\000l\000\040\000P\000o\000w\000e\000r\000\040\000S\000e\000r\000i\000e\000s\000\040\000i\000n\000\040\000n\000\040\000I\000n\000t\000e\000r\000m\000i\000n\000a\000t\000e\000s}{chapter.3}% 22
\BOOKMARK [1][-]{section.3.4}{\376\377\000L\000F\000\040\000S\000p\000a\000c\000e}{chapter.3}% 23
\BOOKMARK [0][-]{chapter.4}{\376\377\000N\000o\000r\000m\000a\000b\000l\000e\000\040\000S\000p\000a\000c\000e\000,\000\040\000B\000a\000n\000a\000c\000h\000\040\000S\000p\000a\000c\000e}{}% 24
\BOOKMARK [1][-]{section.4.1}{\376\377\000N\000o\000r\000m\000s}{chapter.4}% 25
\BOOKMARK [1][-]{section.4.2}{\376\377\000L\000i\000n\000e\000a\000r\000\040\000O\000p\000e\000r\000a\000t\000o\000r\000s\000\040\000o\000n\000\040\000a\000\040\000B\000a\000n\000a\000c\000h\000\040\000S\000p\000a\000c\000e}{chapter.4}% 26
\BOOKMARK [2][-]{subsection.4.2.1}{\376\377\000T\000h\000e\000\040\000H\000i\000l\000l\000e\000-\000Y\000o\000s\000i\000d\000a\000\040\000T\000h\000e\000o\000r\000e\000m}{section.4.2}% 27
\BOOKMARK [0][-]{chapter.5}{\376\377\000L\000e\000s\000b\000e\000g\000u\000e\000\040\000S\000p\000a\000c\000e}{}% 28
\BOOKMARK [0][-]{chapter.6}{\376\377\000S\000o\000b\000o\000l\000e\000v\000\040\000S\000p\000a\000c\000e\000s}{}% 29
\BOOKMARK [0][-]{chapter.7}{\376\377\000H\000i\000l\000b\000e\000r\000t\000\040\000S\000p\000a\000c\000e\000s}{}% 30
\BOOKMARK [1][-]{section.7.1}{\376\377\000B\000a\000s\000i\000c\000\040\000D\000e\000f\000i\000n\000i\000t\000i\000o\000n\000s}{chapter.7}% 31
\BOOKMARK [2][-]{subsection.7.1.1}{\376\377\000S\000e\000s\000q\000u\000i\000l\000i\000n\000e\000a\000r\000\040\000F\000o\000r\000m}{section.7.1}% 32
\BOOKMARK [2][-]{subsection.7.1.2}{\376\377\000P\000r\000e\000-\000H\000i\000l\000b\000e\000r\000t\000\040\000S\000p\000a\000c\000e}{section.7.1}% 33
\BOOKMARK [1][-]{section.7.2}{\376\377\000O\000p\000e\000r\000a\000t\000o\000r\000s\000\040\000o\000n\000\040\000H\000i\000l\000b\000e\000r\000t\000\040\000S\000p\000a\000c\000e}{chapter.7}% 34
\BOOKMARK [2][-]{subsection.7.2.1}{\376\377\000T\000h\000e\000\040\000A\000d\000j\000o\000i\000n\000t\000\040\000o\000f\000\040\000A\000n\000\040\000O\000p\000e\000r\000a\000t\000o\000r}{section.7.2}% 35
\BOOKMARK [2][-]{subsection.7.2.2}{\376\377\000P\000r\000o\000j\000e\000c\000t\000i\000o\000n\000s\000\040\000a\000n\000d\000\040\000I\000d\000e\000m\000p\000o\000t\000e\000n\000t\000s\000;\000I\000n\000v\000a\000r\000i\000a\000n\000t\000\040\000a\000n\000d\000\040\000R\000e\000d\000u\000c\000i\000n\000g\000\040\000S\000u\000b\000s\000p\000a\000c\000e\000s}{section.7.2}% 36
\BOOKMARK [2][-]{subsection.7.2.3}{\376\377\000C\000o\000m\000p\000a\000c\000t\000\040\000O\000p\000e\000r\000a\000t\000o\000r\000s}{section.7.2}% 37
\BOOKMARK [2][-]{subsection.7.2.4}{\376\377\000T\000h\000e\000\040\000D\000i\000a\000g\000o\000n\000a\000l\000i\000z\000a\000t\000i\000o\000n\000\040\000o\000f\000\040\000C\000o\000m\000p\000a\000c\000t\000\040\000S\000e\000l\000f\000-\000A\000d\000j\000o\000i\000n\000t\000\040\000O\000p\000e\000r\000a\000t\000o\000r\000s}{section.7.2}% 38
\BOOKMARK [2][-]{subsection.7.2.5}{\376\377\000S\000t\000u\000r\000m\000-\000L\000i\000o\000u\000v\000i\000l\000l\000e\000\040\000S\000y\000s\000t\000e\000m\000s}{section.7.2}% 39
\BOOKMARK [2][-]{subsection.7.2.6}{\376\377\000S\000p\000e\000c\000t\000r\000a\000l\000\040\000T\000h\000e\000o\000r\000e\000m\000\040\000a\000n\000d\000\040\000F\000u\000n\000c\000t\000i\000o\000n\000a\000l\000\040\000C\000a\000l\000c\000u\000l\000u\000s\000\040\000f\000o\000r\000\040\000C\000o\000m\000p\000a\000c\000t\000\040\000N\000o\000r\000m\000a\000l\000\040\000O\000p\000e\000r\000a\000t\000o\000r\000s}{section.7.2}% 40
\BOOKMARK [2][-]{subsection.7.2.7}{\376\377\000U\000n\000i\000t\000a\000r\000y\000\040\000E\000q\000u\000i\000v\000a\000l\000e\000n\000c\000e\000\040\000f\000o\000r\000\040\000C\000o\000m\000p\000a\000c\000t\000\040\000N\000o\000r\000m\000a\000l\000\040\000O\000p\000e\000r\000a\000t\000o\000r\000s}{section.7.2}% 41
