\BOOKMARK [0][-]{chapter.1}{\376\377\000V\000e\000c\000t\000o\000r\000\040\000B\000u\000n\000d\000l\000e\000s}{}% 1
\BOOKMARK [1][-]{section.1.1}{\376\377\000Q\000u\000a\000s\000i\000-\000V\000e\000c\000t\000o\000r\000\040\000B\000u\000n\000d\000l\000e\000s}{chapter.1}% 2
\BOOKMARK [1][-]{section.1.2}{\376\377\000V\000e\000c\000t\000o\000r\000\040\000B\000u\000n\000d\000l\000e\000s}{chapter.1}% 3
\BOOKMARK [2][-]{subsection.1.2.1}{\376\377\000t\000i\000t\000l\000e}{section.1.2}% 4
\BOOKMARK [1][-]{section.1.3}{\376\377\000C\000l\000a\000s\000s\000i\000f\000y\000i\000n\000g\000\040\000V\000e\000c\000t\000o\000r\000\040\000B\000u\000n\000d\000l\000e\000s}{chapter.1}% 5
\BOOKMARK [2][-]{subsection.1.3.1}{\376\377\000P\000u\000l\000l\000b\000a\000c\000k\000\040\000B\000u\000n\000d\000l\000e\000s}{section.1.3}% 6
\BOOKMARK [2][-]{subsection.1.3.2}{\376\377\000C\000l\000u\000t\000c\000h\000i\000n\000g\000\040\000F\000u\000n\000c\000t\000i\000o\000n\000s}{section.1.3}% 7
\BOOKMARK [2][-]{subsection.1.3.3}{\376\377\000C\000e\000l\000l\000\040\000S\000t\000r\000u\000c\000t\000u\000r\000e\000s\000\040\000o\000n\000\040\000G\000r\000a\000s\000s\000m\000a\000n\000n\000i\000a\000n\000s}{section.1.3}% 8
\BOOKMARK [1][-]{section.1.4}{\376\377\000H\000o\000m\000o\000t\000o\000p\000y\000\040\000T\000h\000e\000o\000r\000y\000\040\000o\000f\000\040\000V\000e\000c\000t\000o\000r\000\040\000B\000u\000n\000d\000l\000e\000s}{chapter.1}% 9
\BOOKMARK [1][-]{section.1.5}{\376\377\000M\000e\000t\000r\000i\000c\000s\000\040\000a\000n\000d\000\040\000F\000o\000r\000m\000s\000\040\000o\000n\000\040\000V\000e\000c\000t\000o\000r\000\040\000B\000u\000n\000d\000l\000e\000s}{chapter.1}% 10
\BOOKMARK [0][-]{chapter.2}{\376\377\000K\000-\000T\000h\000e\000o\000r\000y}{}% 11
\BOOKMARK [1][-]{section.2.1}{\376\377\000T\000h\000e\000\040\000F\000u\000n\000c\000t\000o\000r\000\040\000K\000\050\000X\000\051}{chapter.2}% 12
\BOOKMARK [0][-]{chapter.3}{\376\377\000O\000p\000e\000r\000a\000t\000i\000o\000n\000s}{}% 13
\BOOKMARK [0][-]{chapter.4}{\376\377\000B\000o\000t\000t\000\040\000P\000e\000r\000i\000o\000d\000i\000t\000y}{}% 14
\BOOKMARK [0][-]{chapter.5}{\376\377\000C\000o\000m\000p\000u\000t\000a\000t\000i\000o\000n\000\040\000o\000f\000\040\000S\000o\000m\000e\000\040\000K\000-\000G\000r\000o\000u\000p\000s}{}% 15
\BOOKMARK [0][-]{chapter.6}{\376\377\000A\000p\000p\000l\000i\000c\000a\000t\000i\000o\000n\000s\000\040\000o\000f\000\040\000K\000-\000T\000h\000e\000o\000r\000y}{}% 16
\BOOKMARK [0][-]{chapter.7}{\376\377\000S\000t\000i\000e\000f\000e\000l\000-\000W\000h\000i\000t\000n\000e\000y\000\040\000C\000l\000a\000s\000s\000s\000e\000s}{}% 17
\BOOKMARK [0][-]{chapter.8}{\376\377\000C\000e\000l\000l\000-\000S\000t\000r\000u\000c\000t\000u\000r\000e\000\040\000f\000o\000r\000\040\000G\000r\000a\000s\000s\000m\000a\000n\000n\000i\000a\000n\000\040\000M\000a\000n\000i\000f\000o\000l\000d\000s}{}% 18
\BOOKMARK [0][-]{chapter.9}{\376\377\000T\000h\000e\000\040\000C\000o\000h\000o\000m\000o\000l\000o\000g\000y\000\040\000R\000i\000n\000g}{}% 19
\BOOKMARK [0][-]{chapter.10}{\376\377\000C\000h\000e\000r\000n\000-\000W\000e\000i\000l\000\040\000T\000h\000e\000o\000r\000y}{}% 20
